******************************************************************************
             TMS320C2000 Linker PC v25.11.0                    
******************************************************************************
>> Linked Sat May  9 16:38:52 2026

OUTPUT FILE NAME:   <ReGrid Project.out>
ENTRY POINT SYMBOL: "code_start"  address: 00000000


MEMORY CONFIGURATION

         name            origin    length      used     unused   attr    fill
----------------------  --------  ---------  --------  --------  ----  --------
  RAMM0_BEGIN           00000000   00000002  00000002  00000000  RWIX
  RAMM0                 000000f6   0000030a  00000022  000002e8  RWIX
  RAMM1                 00000400   000003f8  000003f8  00000000  RWIX
  CLATOCPU_MSGRAM       00001480   00000080  00000000  00000080  RWIX
  CPUTOCLA_MSGRAM       00001500   00000080  00000000  00000080  RWIX
  RAMLS0                00008000   00000800  00000000  00000800  RWIX
  RAMLS1                00008800   00000800  00000000  00000800  RWIX
  RAMLS2                00009000   00000800  00000000  00000800  RWIX
  RAMLS3                00009800   00000800  00000000  00000800  RWIX
  RAMLS4                0000a000   00000800  000002ec  00000514  RWIX
  RAMLS5                0000a800   00000800  00000000  00000800  RWIX
  RAMLS6                0000b000   00000800  00000000  00000800  RWIX
  RAMLS7                0000b800   00000800  00000000  00000800  RWIX
  RAMGS0                0000c000   00002000  00000ec5  0000113b  RWIX
  RAMGS1                0000e000   00002000  00000000  00002000  RWIX
  RAMGS2                00010000   00002000  00000000  00002000  RWIX
  RAMGS3                00012000   00001ff8  00000000  00001ff8  RWIX
  FLASH_BANK0_SEC0      00080000   00001000  00000000  00001000  RWIX
  FLASH_BANK0_SEC1      00081000   00001000  00000000  00001000  RWIX
  FLASH_BANK0_SEC2      00082000   00001000  00000000  00001000  RWIX
  FLASH_BANK0_SEC3      00083000   00001000  00000000  00001000  RWIX
  FLASH_BANK0_SEC4      00084000   00001000  00000000  00001000  RWIX
  FLASH_BANK0_SEC5      00085000   00001000  00000000  00001000  RWIX
  FLASH_BANK0_SEC6      00086000   00001000  00000000  00001000  RWIX
  FLASH_BANK0_SEC7      00087000   00001000  00000000  00001000  RWIX
  FLASH_BANK0_SEC8      00088000   00001000  00000000  00001000  RWIX
  FLASH_BANK0_SEC9      00089000   00001000  00000000  00001000  RWIX
  FLASH_BANK0_SEC10     0008a000   00001000  00000000  00001000  RWIX
  FLASH_BANK0_SEC11     0008b000   00001000  00000000  00001000  RWIX
  FLASH_BANK0_SEC12     0008c000   00001000  00000000  00001000  RWIX
  FLASH_BANK0_SEC13     0008d000   00001000  00000000  00001000  RWIX
  FLASH_BANK0_SEC14     0008e000   00001000  00000000  00001000  RWIX
  FLASH_BANK0_SEC15     0008f000   00001000  00000000  00001000  RWIX
  FLASH_BANK1_SEC0      00090000   00001000  00000000  00001000  RWIX
  FLASH_BANK1_SEC1      00091000   00001000  00000000  00001000  RWIX
  FLASH_BANK1_SEC2      00092000   00001000  00000000  00001000  RWIX
  FLASH_BANK1_SEC3      00093000   00001000  00000000  00001000  RWIX
  FLASH_BANK1_SEC4      00094000   00001000  00000000  00001000  RWIX
  FLASH_BANK1_SEC5      00095000   00001000  00000000  00001000  RWIX
  FLASH_BANK1_SEC6      00096000   00001000  00000000  00001000  RWIX
  FLASH_BANK1_SEC7      00097000   00001000  00000000  00001000  RWIX
  FLASH_BANK1_SEC8      00098000   00001000  00000000  00001000  RWIX
  FLASH_BANK1_SEC9      00099000   00001000  00000000  00001000  RWIX
  FLASH_BANK1_SEC10     0009a000   00001000  00000000  00001000  RWIX
  FLASH_BANK1_SEC11     0009b000   00001000  00000000  00001000  RWIX
  FLASH_BANK1_SEC12     0009c000   00001000  00000000  00001000  RWIX
  FLASH_BANK1_SEC13     0009d000   00001000  00000000  00001000  RWIX
  FLASH_BANK1_SEC14     0009e000   00001000  00000000  00001000  RWIX
  FLASH_BANK1_SEC15     0009f000   00000ff0  00000000  00000ff0  RWIX
  RESET                 003fffc0   00000002  00000000  00000002  RWIX


SECTION ALLOCATION MAP

 output                                  attributes/
section   page    origin      length       input sections
--------  ----  ----------  ----------   ----------------
.reset     0    003fffc0    00000000     DSECT

codestart 
*          0    00000000    00000002     
                  00000000    00000002     f28004x_codestartbranch.obj (codestart)

.TI.ramfunc 
*          0    000000f6    00000004     
                  000000f6    00000004     driverlib_eabi.lib : sysctl.obj (.TI.ramfunc)

.cinit     0    000000fa    0000001e     
                  000000fa    0000000b     (.cinit..data.load) [load image, compression = lzss]
                  00000105    00000001     --HOLE-- [fill = 0]
                  00000106    00000006     (__TI_handler_table)
                  0000010c    00000004     (.cinit..bss.load) [load image, compression = zero_init]
                  00000110    00000008     (__TI_cinit_table)

.stack     0    00000400    000003f8     UNINITIALIZED
                  00000400    000003f8     --HOLE--

.init_array 
*          0    000000f6    00000000     UNINITIALIZED

.const     0    0000a000    000002d6     
                  0000a000    0000009a     driverlib_eabi.lib : sysctl.obj (.const:.string)
                  0000a09a    00000098                        : gpio.obj (.const:.string)
                  0000a132    00000097                        : spi.obj (.const:.string)
                  0000a1c9    00000001     --HOLE-- [fill = 0]
                  0000a1ca    00000090     device.obj (.const:.string)
                  0000a25a    0000003e     board.obj (.const:.string)
                  0000a298    0000003e     spi_ex1_loopback.obj (.const:.string)

.data      0    0000a2d6    0000000e     UNINITIALIZED
                  0000a2d6    00000006     rts2800_fpu32_eabi.lib : exit.c.obj (.data)
                  0000a2dc    00000003     spi_ex1_loopback.obj (.data)
                  0000a2df    00000001     --HOLE--
                  0000a2e0    00000002     rts2800_fpu32_eabi.lib : _lock.c.obj (.data:_lock)
                  0000a2e2    00000002                            : _lock.c.obj (.data:_unlock)

.bss       0    0000a2e4    00000008     UNINITIALIZED
                  0000a2e4    00000008     spi_ex1_loopback.obj (.bss:txPacket)

.text      0    0000c000    00000ec5     
                  0000c000    000003d5     board.obj (.text:SYSCTL_init)
                  0000c3d5    000000c8     driverlib_eabi.lib : sysctl.obj (.text:SysCtl_setClock)
                  0000c49d    000000bd                        : sysctl.obj (.text:SysCtl_isPLLValid)
                  0000c55a    00000073                        : sysctl.obj (.text:DCC_setCounterSeeds)
                  0000c5cd    0000005e                        : sysctl.obj (.text:SysCtl_getClock)
                  0000c62b    0000005c                        : spi.obj (.text:SPI_setConfig)
                  0000c687    00000055     device.obj (.text:Device_init)
                  0000c6dc    00000052     driverlib_eabi.lib : gpio.obj (.text:GPIO_setPadConfig)
                  0000c72e    0000004d                        : sysctl.obj (.text:SysCtl_selectOscSource)
                  0000c77b    00000043     spi_ex1_loopback.obj (.text:updatePacket)
                  0000c7be    00000040     driverlib_eabi.lib : sysctl.obj (.text:SysCtl_pollX1Counter)
                  0000c7fe    00000040                        : sysctl.obj (.text:SysCtl_selectXTAL)
                  0000c83e    0000003d                        : interrupt.obj (.text:Interrupt_initModule)
                  0000c87b    0000003b     board.obj (.text:PinMux_init)
                  0000c8b6    0000003a     driverlib_eabi.lib : gpio.obj (.text:GPIO_setAnalogMode)
                  0000c8f0    00000037                        : gpio.obj (.text:GPIO_setPinConfig)
                  0000c927    00000037                        : gpio.obj (.text:GPIO_setQualificationMode)
                  0000c95e    00000036     device.obj (.text:CAN_selectClockSource)
                  0000c994    00000033     spi_ex1_loopback.obj (.text:main)
                  0000c9c7    00000031     driverlib_eabi.lib : gpio.obj (.text:GPIO_setDirectionMode)
                  0000c9f8    0000002e     rts2800_fpu32_eabi.lib : copy_decompress_lzss.c.obj (.text:decompress:lzss)
                  0000ca26    0000002d     board.obj (.text:mySPI0_init)
                  0000ca53    0000002b     rts2800_fpu32_eabi.lib : autoinit.c.obj (.text:__TI_auto_init_nobinit_nopinit)
                  0000ca7e    00000029                            : exit.c.obj (.text)
                  0000caa7    00000025     driverlib_eabi.lib : sysctl.obj (.text:SysCtl_selectXTALSingleEnded)
                  0000cacc    00000024                        : sysctl.obj (.text:DCC_enableSingleShotMode)
                  0000caf0    00000020     rts2800_fpu32_eabi.lib : memcpy.c.obj (.text)
                  0000cb10    0000001e     driverlib_eabi.lib : sysctl.obj (.text:DCC_setCounter1ClkSource)
                  0000cb2e    0000001e                        : interrupt.obj (.text:Interrupt_initVectorTable)
                  0000cb4c    0000001c                        : sysctl.obj (.text:DCC_setCounter0ClkSource)
                  0000cb68    0000001a     board.obj (.text:SPI_setEmulationMode)
                  0000cb82    0000001a     board.obj (.text:SPI_setPTESignalPolarity)
                  0000cb9c    0000001a     driverlib_eabi.lib : sysctl.obj (.text:SysCtl_getLowSpeedClock)
                  0000cbb6    00000018     board.obj (.text:SPI_disableFIFO)
                  0000cbce    00000018     board.obj (.text:SysCtl_disablePeripheral)
                  0000cbe6    00000017     board.obj (.text:SysCtl_enablePeripheral)
                  0000cbfd    00000017     driverlib_eabi.lib : sysctl.obj (.text:SysCtl_enablePeripheral)
                  0000cc14    00000017     rts2800_fpu32_eabi.lib : boot28.asm.obj (.text)
                  0000cc2b    00000016     driverlib_eabi.lib : sysctl.obj (.text:DCC_disableDoneSignal)
                  0000cc41    00000016                        : sysctl.obj (.text:DCC_enableDoneSignal)
                  0000cc57    00000016                        : interrupt.obj (.text:Interrupt_defaultHandler)
                  0000cc6d    00000015     device.obj (.text:CAN_isBaseValid)
                  0000cc82    00000015     driverlib_eabi.lib : sysctl.obj (.text:DCC_clearDoneFlag)
                  0000cc97    00000015                        : sysctl.obj (.text:DCC_clearErrorFlag)
                  0000ccac    00000015                        : sysctl.obj (.text:DCC_disableErrorSignal)
                  0000ccc1    00000015                        : sysctl.obj (.text:DCC_enableErrorSignal)
                  0000ccd6    00000015     device.obj (.text:GPIO_unlockPortConfig)
                  0000cceb    00000014     driverlib_eabi.lib : sysctl.obj (.text:DCC_disableModule)
                  0000ccff    00000014                        : sysctl.obj (.text:DCC_enableModule)
                  0000cd13    00000014                        : gpio.obj (.text:GPIO_isPinValid)
                  0000cd27    00000014     spi_ex1_loopback.obj (.text:SPI_writeDataNonBlocking)
                  0000cd3b    00000014     device.obj (.text:SysCtl_deviceCal)
                  0000cd4f    00000014     board.obj (.text:SysCtl_setPeripheralAccessControl)
                  0000cd63    00000013     board.obj (.text:SPI_isBaseValid)
                  0000cd76    00000013     driverlib_eabi.lib : spi.obj (.text:SPI_isBaseValid)
                  0000cd89    00000013     spi_ex1_loopback.obj (.text:SPI_isBaseValid)
                  0000cd9c    00000012     spi_ex1_loopback.obj (.text:SPI_readDataBlockingNonFIFO)
                  0000cdae    00000012     rts2800_fpu32_eabi.lib : args_main.c.obj (.text)
                  0000cdc0    00000011     board.obj (.text:SPI_disableLoopback)
                  0000cdd1    00000011     board.obj (.text:SPI_disableModule)
                  0000cde2    00000011     board.obj (.text:SPI_enableModule)
                  0000cdf3    00000011     spi_ex1_loopback.obj (.text:makeChecksum)
                  0000ce04    00000010     driverlib_eabi.lib : sysctl.obj (.text:DCC_isBaseValid)
                  0000ce14    00000010     device.obj (.text:Device_initGPIO)
                  0000ce24    0000000f     device.obj (.text:ASysCtl_disableDCDC)
                  0000ce33    0000000d     driverlib_eabi.lib : interrupt.obj (.text:Interrupt_disableGlobal)
                  0000ce40    0000000d     device.obj (.text:SysCtl_setLowSpeedClock)
                  0000ce4d    0000000d     rts2800_fpu32_eabi.lib : copy_zero_init.c.obj (.text:decompress:ZI:__TI_zero_init_nomemset)
                  0000ce5a    0000000b     device.obj (.text:SysCtl_disableWatchdog)
                  0000ce65    0000000b     driverlib_eabi.lib : sysctl.obj (.text:SysCtl_isMCDClockFailureDetected)
                  0000ce70    0000000a                        : interrupt.obj (.text:Interrupt_illegalOperationHandler)
                  0000ce7a    0000000a                        : interrupt.obj (.text:Interrupt_nmiHandler)
                  0000ce84    00000009     board.obj (.text:Board_init)
                  0000ce8d    00000009     rts2800_fpu32_eabi.lib : _lock.c.obj (.text)
                  0000ce96    00000008                            : copy_decompress_none.c.obj (.text:decompress:none)
                  0000ce9e    00000008     f28004x_codestartbranch.obj (.text)
                  0000cea6    00000007     board.obj (.text:SysCtl_disableMCD)
                  0000cead    00000007     driverlib_eabi.lib : sysctl.obj (.text:SysCtl_resetMCD)
                  0000ceb4    00000007     device.obj (.text:__error__)
                  0000cebb    00000003     device_cmd.obj (.text:CMD_init)
                  0000cebe    00000003     board.obj (.text:SPI_init)
                  0000cec1    00000002     rts2800_fpu32_eabi.lib : pre_init.c.obj (.text)
                  0000cec3    00000001     device_cmd.obj (.text:generic_ram_lnk_init)
                  0000cec4    00000001     rts2800_fpu32_eabi.lib : startup.c.obj (.text)

MODULE SUMMARY

       Module                        code   ro data   rw data
       ------                        ----   -------   -------
    .\
       spi_ex1_loopback.obj          192    62        11     
       f28004x_codestartbranch.obj   10     0         0      
    +--+-----------------------------+------+---------+---------+
       Total:                        202    62        11     
                                                             
    .\syscfg\
       board.obj                     1317   62        0      
       device.obj                    263    144       0      
       device_cmd.obj                4      0         0      
    +--+-----------------------------+------+---------+---------+
       Total:                        1584   206       0      
                                                             
    C:\ti\C2000Ware_26_00_00_00\driverlib\f28004x\driverlib\ccs\Debug\driverlib_eabi.lib
       sysctl.obj                    1189   154       0      
       gpio.obj                      319    152       0      
       spi.obj                       111    151       0      
       interrupt.obj                 146    0         0      
    +--+-----------------------------+------+---------+---------+
       Total:                        1765   457       0      
                                                             
    C:\ti\ccs2051\ccs\tools\compiler\ti-cgt-c2000_25.11.0.LTS\lib\rts2800_fpu32_eabi.lib
       exit.c.obj                    41     0         6      
       copy_decompress_lzss.c.obj    46     0         0      
       autoinit.c.obj                43     0         0      
       memcpy.c.obj                  32     0         0      
       boot28.asm.obj                23     0         0      
       args_main.c.obj               18     0         0      
       _lock.c.obj                   9      0         4      
       copy_zero_init.c.obj          13     0         0      
       copy_decompress_none.c.obj    8      0         0      
       pre_init.c.obj                2      0         0      
       startup.c.obj                 1      0         0      
    +--+-----------------------------+------+---------+---------+
       Total:                        236    0         10     
                                                             
       Stack:                        0      0         1016   
       Linker Generated:             0      29        0      
    +--+-----------------------------+------+---------+---------+
       Grand Total:                  3787   754       1037   


LINKER GENERATED COPY TABLES

__TI_cinit_table @ 00000110 records: 2, size/record: 4, table size: 8
	.data: load addr=000000fa, load size=0000000b bytes, run addr=0000a2d6, run size=0000000e bytes, compression=lzss
	.bss: load addr=0000010c, load size=00000004 bytes, run addr=0000a2e4, run size=00000008 bytes, compression=zero_init


LINKER GENERATED HANDLER TABLE

__TI_handler_table @ 00000106 records: 3, size/record: 2, table size: 6
	index: 0, handler: __TI_zero_init
	index: 1, handler: __TI_decompress_lzss
	index: 2, handler: __TI_decompress_none


GLOBAL DATA SYMBOLS: SORTED BY DATA PAGE

address     data page           name
--------    ----------------    ----
00000400      10 (00000400)     __stack

0000a2d6     28b (0000a2c0)     __TI_enable_exit_profile_output
0000a2d8     28b (0000a2c0)     __TI_cleanup_ptr
0000a2da     28b (0000a2c0)     __TI_dtors_ptr
0000a2dc     28b (0000a2c0)     txIndex
0000a2dd     28b (0000a2c0)     voltageValue
0000a2de     28b (0000a2c0)     currentValue
0000a2e0     28b (0000a2c0)     _lock
0000a2e2     28b (0000a2c0)     _unlock
0000a2e4     28b (0000a2c0)     txPacket


GLOBAL SYMBOLS: SORTED ALPHABETICALLY BY Name 

page  address   name                             
----  -------   ----                             
0     0000ce84  Board_init                       
0     0000ca7e  C$$EXIT                          
0     0000cebb  CMD_init                         
0     0000c687  Device_init                      
0     0000ce14  Device_initGPIO                  
0     0000c8b6  GPIO_setAnalogMode               
0     0000c9c7  GPIO_setDirectionMode            
0     0000c6dc  GPIO_setPadConfig                
0     0000c8f0  GPIO_setPinConfig                
0     0000c927  GPIO_setQualificationMode        
0     0000cc57  Interrupt_defaultHandler         
0     0000ce70  Interrupt_illegalOperationHandler
0     0000c83e  Interrupt_initModule             
0     0000cb2e  Interrupt_initVectorTable        
0     0000ce7a  Interrupt_nmiHandler             
0     0000c87b  PinMux_init                      
0     0000cebe  SPI_init                         
0     0000c62b  SPI_setConfig                    
0     0000c000  SYSCTL_init                      
0     000000f6  SysCtl_delay                     
0     0000c5cd  SysCtl_getClock                  
0     0000cb9c  SysCtl_getLowSpeedClock          
0     0000c49d  SysCtl_isPLLValid                
0     0000c72e  SysCtl_selectOscSource           
0     0000c7fe  SysCtl_selectXTAL                
0     0000caa7  SysCtl_selectXTALSingleEnded     
0     0000c3d5  SysCtl_setClock                  
0     00000110  __TI_CINIT_Base                  
0     00000118  __TI_CINIT_Limit                 
0     00000118  __TI_CINIT_Warm                  
0     00000106  __TI_Handler_Table_Base          
0     0000010c  __TI_Handler_Table_Limit         
0     000007f8  __TI_STACK_END                   
abs   000003f8  __TI_STACK_SIZE                  
0     0000ca53  __TI_auto_init_nobinit_nopinit   
0     0000a2d8  __TI_cleanup_ptr                 
0     0000c9f8  __TI_decompress_lzss             
0     0000ce96  __TI_decompress_none             
0     0000a2da  __TI_dtors_ptr                   
0     0000a2d6  __TI_enable_exit_profile_output  
abs   ffffffff  __TI_pprof_out_hndl              
abs   ffffffff  __TI_prof_data_size              
abs   ffffffff  __TI_prof_data_start             
0     0000ce4d  __TI_zero_init_nomemset          
abs   ffffffff  __c_args__                       
0     0000ceb4  __error__                        
0     00000400  __stack                          
0     0000cdae  _args_main                       
0     0000cc14  _c_int00                         
0     0000a2e0  _lock                            
0     0000ce95  _nop                             
0     0000ce91  _register_lock                   
0     0000ce8d  _register_unlock                 
0     0000cec4  _system_post_cinit               
0     0000cec1  _system_pre_init                 
0     0000a2e2  _unlock                          
0     0000ca7e  abort                            
0     00000000  code_start                       
0     0000a2de  currentValue                     
0     0000ca80  exit                             
0     0000cec3  generic_ram_lnk_init             
0     0000c994  main                             
0     0000cdf3  makeChecksum                     
0     0000caf0  memcpy                           
0     0000ca26  mySPI0_init                      
0     0000a2dc  txIndex                          
0     0000a2e4  txPacket                         
0     0000c77b  updatePacket                     
0     0000a2dd  voltageValue                     


GLOBAL SYMBOLS: SORTED BY Symbol Address 

page  address   name                             
----  -------   ----                             
0     00000000  code_start                       
0     000000f6  SysCtl_delay                     
0     00000106  __TI_Handler_Table_Base          
0     0000010c  __TI_Handler_Table_Limit         
0     00000110  __TI_CINIT_Base                  
0     00000118  __TI_CINIT_Limit                 
0     00000118  __TI_CINIT_Warm                  
0     00000400  __stack                          
0     000007f8  __TI_STACK_END                   
0     0000a2d6  __TI_enable_exit_profile_output  
0     0000a2d8  __TI_cleanup_ptr                 
0     0000a2da  __TI_dtors_ptr                   
0     0000a2dc  txIndex                          
0     0000a2dd  voltageValue                     
0     0000a2de  currentValue                     
0     0000a2e0  _lock                            
0     0000a2e2  _unlock                          
0     0000a2e4  txPacket                         
0     0000c000  SYSCTL_init                      
0     0000c3d5  SysCtl_setClock                  
0     0000c49d  SysCtl_isPLLValid                
0     0000c5cd  SysCtl_getClock                  
0     0000c62b  SPI_setConfig                    
0     0000c687  Device_init                      
0     0000c6dc  GPIO_setPadConfig                
0     0000c72e  SysCtl_selectOscSource           
0     0000c77b  updatePacket                     
0     0000c7fe  SysCtl_selectXTAL                
0     0000c83e  Interrupt_initModule             
0     0000c87b  PinMux_init                      
0     0000c8b6  GPIO_setAnalogMode               
0     0000c8f0  GPIO_setPinConfig                
0     0000c927  GPIO_setQualificationMode        
0     0000c994  main                             
0     0000c9c7  GPIO_setDirectionMode            
0     0000c9f8  __TI_decompress_lzss             
0     0000ca26  mySPI0_init                      
0     0000ca53  __TI_auto_init_nobinit_nopinit   
0     0000ca7e  C$$EXIT                          
0     0000ca7e  abort                            
0     0000ca80  exit                             
0     0000caa7  SysCtl_selectXTALSingleEnded     
0     0000caf0  memcpy                           
0     0000cb2e  Interrupt_initVectorTable        
0     0000cb9c  SysCtl_getLowSpeedClock          
0     0000cc14  _c_int00                         
0     0000cc57  Interrupt_defaultHandler         
0     0000cdae  _args_main                       
0     0000cdf3  makeChecksum                     
0     0000ce14  Device_initGPIO                  
0     0000ce4d  __TI_zero_init_nomemset          
0     0000ce70  Interrupt_illegalOperationHandler
0     0000ce7a  Interrupt_nmiHandler             
0     0000ce84  Board_init                       
0     0000ce8d  _register_unlock                 
0     0000ce91  _register_lock                   
0     0000ce95  _nop                             
0     0000ce96  __TI_decompress_none             
0     0000ceb4  __error__                        
0     0000cebb  CMD_init                         
0     0000cebe  SPI_init                         
0     0000cec1  _system_pre_init                 
0     0000cec3  generic_ram_lnk_init             
0     0000cec4  _system_post_cinit               
abs   000003f8  __TI_STACK_SIZE                  
abs   ffffffff  __TI_pprof_out_hndl              
abs   ffffffff  __TI_prof_data_size              
abs   ffffffff  __TI_prof_data_start             
abs   ffffffff  __c_args__                       

[69 symbols]
