<?xml version="1.0" encoding="ISO-8859-1" ?>
<link_info>
   <banner>TMS320C2000 Linker PC v25.11.0.LTS</banner>
   <copyright>Copyright (c) 1996-2018 Texas Instruments Incorporated</copyright>
   <command_line>C:\ti\ccs2051\ccs\tools\compiler\ti-cgt-c2000_25.11.0.LTS\bin\lnk2000.exe -lC:\\Users\\202406~1\\AppData\\Local\\Temp\\{3920F240-4F7A-4DE2-9106-D7E1861A9B96}</command_line>
   <link_time>0x69fee48c</link_time>
   <link_errors>0x0</link_errors>
   <output_file>C:\Users\20240620-LapTop\workspace_ccstheia\ReGrid Project\CPU1_RAM\ReGrid Project.out</output_file>
   <entry_point>
      <name>code_start</name>
      <address>0x0</address>
   </entry_point>
   <input_file_list>
      <input_file id="fl-2">
         <path>C:\Users\20240620-LapTop\workspace_ccstheia\ReGrid Project\CPU1_RAM\.\</path>
         <kind>object</kind>
         <file>spi_ex1_loopback.obj</file>
         <name>spi_ex1_loopback.obj</name>
      </input_file>
      <input_file id="fl-3">
         <path>C:\Users\20240620-LapTop\workspace_ccstheia\ReGrid Project\CPU1_RAM\.\syscfg\</path>
         <kind>object</kind>
         <file>board.obj</file>
         <name>board.obj</name>
      </input_file>
      <input_file id="fl-4">
         <path>C:\Users\20240620-LapTop\workspace_ccstheia\ReGrid Project\CPU1_RAM\.\syscfg\</path>
         <kind>object</kind>
         <file>device.obj</file>
         <name>device.obj</name>
      </input_file>
      <input_file id="fl-5">
         <path>C:\Users\20240620-LapTop\workspace_ccstheia\ReGrid Project\CPU1_RAM\.\syscfg\</path>
         <kind>object</kind>
         <file>device_cmd.obj</file>
         <name>device_cmd.obj</name>
      </input_file>
      <input_file id="fl-6">
         <path>C:\Users\20240620-LapTop\workspace_ccstheia\ReGrid Project\CPU1_RAM\.\syscfg\</path>
         <kind>object</kind>
         <file>c2000ware_libraries.obj</file>
         <name>c2000ware_libraries.obj</name>
      </input_file>
      <input_file id="fl-7">
         <path>C:\Users\20240620-LapTop\workspace_ccstheia\ReGrid Project\CPU1_RAM\.\</path>
         <kind>object</kind>
         <file>f28004x_codestartbranch.obj</file>
         <name>f28004x_codestartbranch.obj</name>
      </input_file>
      <input_file id="fl-f">
         <path>C:\Users\20240620-LapTop\workspace_ccstheia\ReGrid Project\CPU1_RAM\</path>
         <kind>object</kind>
         <file>&lt;internal&gt;</file>
         <name>&lt;internal&gt;</name>
      </input_file>
      <input_file id="fl-13">
         <path>C:\ti\C2000Ware_26_00_00_00\driverlib\f28004x\driverlib\ccs\Debug\</path>
         <kind>archive</kind>
         <file>driverlib_eabi.lib</file>
         <name>dcc.obj</name>
      </input_file>
      <input_file id="fl-14">
         <path>C:\ti\C2000Ware_26_00_00_00\driverlib\f28004x\driverlib\ccs\Debug\</path>
         <kind>archive</kind>
         <file>driverlib_eabi.lib</file>
         <name>gpio.obj</name>
      </input_file>
      <input_file id="fl-15">
         <path>C:\ti\C2000Ware_26_00_00_00\driverlib\f28004x\driverlib\ccs\Debug\</path>
         <kind>archive</kind>
         <file>driverlib_eabi.lib</file>
         <name>interrupt.obj</name>
      </input_file>
      <input_file id="fl-16">
         <path>C:\ti\C2000Ware_26_00_00_00\driverlib\f28004x\driverlib\ccs\Debug\</path>
         <kind>archive</kind>
         <file>driverlib_eabi.lib</file>
         <name>spi.obj</name>
      </input_file>
      <input_file id="fl-17">
         <path>C:\ti\C2000Ware_26_00_00_00\driverlib\f28004x\driverlib\ccs\Debug\</path>
         <kind>archive</kind>
         <file>driverlib_eabi.lib</file>
         <name>sysctl.obj</name>
      </input_file>
      <input_file id="fl-23">
         <path>C:\ti\ccs2051\ccs\tools\compiler\ti-cgt-c2000_25.11.0.LTS\lib\</path>
         <kind>archive</kind>
         <file>rts2800_fpu32_eabi.lib</file>
         <name>boot28.asm.obj</name>
      </input_file>
      <input_file id="fl-24">
         <path>C:\ti\ccs2051\ccs\tools\compiler\ti-cgt-c2000_25.11.0.LTS\lib\</path>
         <kind>archive</kind>
         <file>rts2800_fpu32_eabi.lib</file>
         <name>fs_div28.asm.obj</name>
      </input_file>
      <input_file id="fl-25">
         <path>C:\ti\ccs2051\ccs\tools\compiler\ti-cgt-c2000_25.11.0.LTS\lib\</path>
         <kind>archive</kind>
         <file>rts2800_fpu32_eabi.lib</file>
         <name>pre_init.c.obj</name>
      </input_file>
      <input_file id="fl-26">
         <path>C:\ti\ccs2051\ccs\tools\compiler\ti-cgt-c2000_25.11.0.LTS\lib\</path>
         <kind>archive</kind>
         <file>rts2800_fpu32_eabi.lib</file>
         <name>autoinit.c.obj</name>
      </input_file>
      <input_file id="fl-27">
         <path>C:\ti\ccs2051\ccs\tools\compiler\ti-cgt-c2000_25.11.0.LTS\lib\</path>
         <kind>archive</kind>
         <file>rts2800_fpu32_eabi.lib</file>
         <name>copy_zero_init.c.obj</name>
      </input_file>
      <input_file id="fl-28">
         <path>C:\ti\ccs2051\ccs\tools\compiler\ti-cgt-c2000_25.11.0.LTS\lib\</path>
         <kind>archive</kind>
         <file>rts2800_fpu32_eabi.lib</file>
         <name>copy_decompress_none.c.obj</name>
      </input_file>
      <input_file id="fl-29">
         <path>C:\ti\ccs2051\ccs\tools\compiler\ti-cgt-c2000_25.11.0.LTS\lib\</path>
         <kind>archive</kind>
         <file>rts2800_fpu32_eabi.lib</file>
         <name>copy_decompress_lzss.c.obj</name>
      </input_file>
      <input_file id="fl-2a">
         <path>C:\ti\ccs2051\ccs\tools\compiler\ti-cgt-c2000_25.11.0.LTS\lib\</path>
         <kind>archive</kind>
         <file>rts2800_fpu32_eabi.lib</file>
         <name>exit.c.obj</name>
      </input_file>
      <input_file id="fl-2b">
         <path>C:\ti\ccs2051\ccs\tools\compiler\ti-cgt-c2000_25.11.0.LTS\lib\</path>
         <kind>archive</kind>
         <file>rts2800_fpu32_eabi.lib</file>
         <name>_lock.c.obj</name>
      </input_file>
      <input_file id="fl-2c">
         <path>C:\ti\ccs2051\ccs\tools\compiler\ti-cgt-c2000_25.11.0.LTS\lib\</path>
         <kind>archive</kind>
         <file>rts2800_fpu32_eabi.lib</file>
         <name>args_main.c.obj</name>
      </input_file>
      <input_file id="fl-2d">
         <path>C:\ti\ccs2051\ccs\tools\compiler\ti-cgt-c2000_25.11.0.LTS\lib\</path>
         <kind>archive</kind>
         <file>rts2800_fpu32_eabi.lib</file>
         <name>memset.c.obj</name>
      </input_file>
      <input_file id="fl-2e">
         <path>C:\ti\ccs2051\ccs\tools\compiler\ti-cgt-c2000_25.11.0.LTS\lib\</path>
         <kind>archive</kind>
         <file>rts2800_fpu32_eabi.lib</file>
         <name>cpy_tbl.c.obj</name>
      </input_file>
      <input_file id="fl-2f">
         <path>C:\ti\ccs2051\ccs\tools\compiler\ti-cgt-c2000_25.11.0.LTS\lib\</path>
         <kind>archive</kind>
         <file>rts2800_fpu32_eabi.lib</file>
         <name>memcpy.c.obj</name>
      </input_file>
      <input_file id="fl-30">
         <path>C:\ti\ccs2051\ccs\tools\compiler\ti-cgt-c2000_25.11.0.LTS\lib\</path>
         <kind>archive</kind>
         <file>rts2800_fpu32_eabi.lib</file>
         <name>startup.c.obj</name>
      </input_file>
   </input_file_list>
   <object_component_list>
      <object_component id="oc-1c">
         <name>codestart</name>
         <load_address>0x0</load_address>
         <readonly>true</readonly>
         <executable>true</executable>
         <run_address>0x0</run_address>
         <size>0x2</size>
         <alignment>0x1</alignment>
         <input_file_ref idref="fl-7"/>
      </object_component>
      <object_component id="oc-19d">
         <name>.text:SYSCTL_init</name>
         <load_address>0xc000</load_address>
         <readonly>true</readonly>
         <executable>true</executable>
         <run_address>0xc000</run_address>
         <size>0x3d5</size>
         <alignment>0x1</alignment>
         <input_file_ref idref="fl-3"/>
      </object_component>
      <object_component id="oc-144">
         <name>.text:SysCtl_setClock</name>
         <load_address>0xc3d5</load_address>
         <readonly>true</readonly>
         <executable>true</executable>
         <run_address>0xc3d5</run_address>
         <size>0xc8</size>
         <alignment>0x1</alignment>
         <input_file_ref idref="fl-17"/>
      </object_component>
      <object_component id="oc-1e6">
         <name>.text:SysCtl_isPLLValid</name>
         <load_address>0xc49d</load_address>
         <readonly>true</readonly>
         <executable>true</executable>
         <run_address>0xc49d</run_address>
         <size>0xbd</size>
         <alignment>0x1</alignment>
         <input_file_ref idref="fl-17"/>
      </object_component>
      <object_component id="oc-281">
         <name>.text:DCC_setCounterSeeds</name>
         <load_address>0xc55a</load_address>
         <readonly>true</readonly>
         <executable>true</executable>
         <run_address>0xc55a</run_address>
         <size>0x73</size>
         <alignment>0x1</alignment>
         <input_file_ref idref="fl-17"/>
      </object_component>
      <object_component id="oc-156">
         <name>.text:SysCtl_getClock</name>
         <load_address>0xc5cd</load_address>
         <readonly>true</readonly>
         <executable>true</executable>
         <run_address>0xc5cd</run_address>
         <size>0x5e</size>
         <alignment>0x1</alignment>
         <input_file_ref idref="fl-17"/>
      </object_component>
      <object_component id="oc-2b4">
         <name>.text:SPI_setConfig</name>
         <load_address>0xc62b</load_address>
         <readonly>true</readonly>
         <executable>true</executable>
         <run_address>0xc62b</run_address>
         <size>0x5c</size>
         <alignment>0x1</alignment>
         <input_file_ref idref="fl-16"/>
      </object_component>
      <object_component id="oc-ee">
         <name>.text:Device_init</name>
         <load_address>0xc687</load_address>
         <readonly>true</readonly>
         <executable>true</executable>
         <run_address>0xc687</run_address>
         <size>0x55</size>
         <alignment>0x1</alignment>
         <input_file_ref idref="fl-4"/>
      </object_component>
      <object_component id="oc-175">
         <name>.text:GPIO_setPadConfig</name>
         <load_address>0xc6dc</load_address>
         <readonly>true</readonly>
         <executable>true</executable>
         <run_address>0xc6dc</run_address>
         <size>0x52</size>
         <alignment>0x1</alignment>
         <input_file_ref idref="fl-14"/>
      </object_component>
      <object_component id="oc-1df">
         <name>.text:SysCtl_selectOscSource</name>
         <load_address>0xc72e</load_address>
         <readonly>true</readonly>
         <executable>true</executable>
         <run_address>0xc72e</run_address>
         <size>0x4d</size>
         <alignment>0x1</alignment>
         <input_file_ref idref="fl-17"/>
      </object_component>
      <object_component id="oc-106">
         <name>.text:updatePacket</name>
         <load_address>0xc77b</load_address>
         <readonly>true</readonly>
         <executable>true</executable>
         <run_address>0xc77b</run_address>
         <size>0x43</size>
         <alignment>0x1</alignment>
         <input_file_ref idref="fl-2"/>
      </object_component>
      <object_component id="oc-2d9">
         <name>.text:SysCtl_pollX1Counter</name>
         <load_address>0xc7be</load_address>
         <readonly>true</readonly>
         <executable>true</executable>
         <run_address>0xc7be</run_address>
         <size>0x40</size>
         <alignment>0x1</alignment>
         <input_file_ref idref="fl-17"/>
      </object_component>
      <object_component id="oc-244">
         <name>.text:SysCtl_selectXTAL</name>
         <load_address>0xc7fe</load_address>
         <readonly>true</readonly>
         <executable>true</executable>
         <run_address>0xc7fe</run_address>
         <size>0x40</size>
         <alignment>0x1</alignment>
         <input_file_ref idref="fl-17"/>
      </object_component>
      <object_component id="oc-fa">
         <name>.text:Interrupt_initModule</name>
         <load_address>0xc83e</load_address>
         <readonly>true</readonly>
         <executable>true</executable>
         <run_address>0xc83e</run_address>
         <size>0x3d</size>
         <alignment>0x1</alignment>
         <input_file_ref idref="fl-15"/>
      </object_component>
      <object_component id="oc-197">
         <name>.text:PinMux_init</name>
         <load_address>0xc87b</load_address>
         <readonly>true</readonly>
         <executable>true</executable>
         <run_address>0xc87b</run_address>
         <size>0x3b</size>
         <alignment>0x1</alignment>
         <input_file_ref idref="fl-3"/>
      </object_component>
      <object_component id="oc-181">
         <name>.text:GPIO_setAnalogMode</name>
         <load_address>0xc8b6</load_address>
         <readonly>true</readonly>
         <executable>true</executable>
         <run_address>0xc8b6</run_address>
         <size>0x3a</size>
         <alignment>0x1</alignment>
         <input_file_ref idref="fl-14"/>
      </object_component>
      <object_component id="oc-20b">
         <name>.text:GPIO_setPinConfig</name>
         <load_address>0xc8f0</load_address>
         <readonly>true</readonly>
         <executable>true</executable>
         <run_address>0xc8f0</run_address>
         <size>0x37</size>
         <alignment>0x1</alignment>
         <input_file_ref idref="fl-14"/>
      </object_component>
      <object_component id="oc-211">
         <name>.text:GPIO_setQualificationMode</name>
         <load_address>0xc927</load_address>
         <readonly>true</readonly>
         <executable>true</executable>
         <run_address>0xc927</run_address>
         <size>0x37</size>
         <alignment>0x1</alignment>
         <input_file_ref idref="fl-14"/>
      </object_component>
      <object_component id="oc-150">
         <name>.text:CAN_selectClockSource</name>
         <load_address>0xc95e</load_address>
         <readonly>true</readonly>
         <executable>true</executable>
         <run_address>0xc95e</run_address>
         <size>0x36</size>
         <alignment>0x1</alignment>
         <input_file_ref idref="fl-4"/>
      </object_component>
      <object_component id="oc-c6">
         <name>.text:main</name>
         <load_address>0xc994</load_address>
         <readonly>true</readonly>
         <executable>true</executable>
         <run_address>0xc994</run_address>
         <size>0x33</size>
         <alignment>0x1</alignment>
         <input_file_ref idref="fl-2"/>
      </object_component>
      <object_component id="oc-17b">
         <name>.text:GPIO_setDirectionMode</name>
         <load_address>0xc9c7</load_address>
         <readonly>true</readonly>
         <executable>true</executable>
         <run_address>0xc9c7</run_address>
         <size>0x31</size>
         <alignment>0x1</alignment>
         <input_file_ref idref="fl-14"/>
      </object_component>
      <object_component id="oc-f">
         <name>.text:decompress:lzss</name>
         <load_address>0xc9f8</load_address>
         <readonly>true</readonly>
         <executable>true</executable>
         <run_address>0xc9f8</run_address>
         <size>0x2e</size>
         <alignment>0x1</alignment>
         <input_file_ref idref="fl-29"/>
      </object_component>
      <object_component id="oc-231">
         <name>.text:mySPI0_init</name>
         <load_address>0xca26</load_address>
         <readonly>true</readonly>
         <executable>true</executable>
         <run_address>0xca26</run_address>
         <size>0x2d</size>
         <alignment>0x1</alignment>
         <input_file_ref idref="fl-3"/>
      </object_component>
      <object_component id="oc-96">
         <name>.text:__TI_auto_init_nobinit_nopinit</name>
         <load_address>0xca53</load_address>
         <readonly>true</readonly>
         <executable>true</executable>
         <run_address>0xca53</run_address>
         <size>0x2b</size>
         <alignment>0x1</alignment>
         <input_file_ref idref="fl-26"/>
      </object_component>
      <object_component id="oc-8a">
         <name>.text</name>
         <load_address>0xca7e</load_address>
         <readonly>true</readonly>
         <executable>true</executable>
         <run_address>0xca7e</run_address>
         <size>0x29</size>
         <alignment>0x1</alignment>
         <input_file_ref idref="fl-2a"/>
      </object_component>
      <object_component id="oc-24a">
         <name>.text:SysCtl_selectXTALSingleEnded</name>
         <load_address>0xcaa7</load_address>
         <readonly>true</readonly>
         <executable>true</executable>
         <run_address>0xcaa7</run_address>
         <size>0x25</size>
         <alignment>0x1</alignment>
         <input_file_ref idref="fl-17"/>
      </object_component>
      <object_component id="oc-287">
         <name>.text:DCC_enableSingleShotMode</name>
         <load_address>0xcacc</load_address>
         <readonly>true</readonly>
         <executable>true</executable>
         <run_address>0xcacc</run_address>
         <size>0x24</size>
         <alignment>0x1</alignment>
         <input_file_ref idref="fl-17"/>
      </object_component>
      <object_component id="oc-3c">
         <name>.text</name>
         <load_address>0xcaf0</load_address>
         <readonly>true</readonly>
         <executable>true</executable>
         <run_address>0xcaf0</run_address>
         <size>0x20</size>
         <alignment>0x1</alignment>
         <input_file_ref idref="fl-2f"/>
      </object_component>
      <object_component id="oc-27b">
         <name>.text:DCC_setCounter1ClkSource</name>
         <load_address>0xcb10</load_address>
         <readonly>true</readonly>
         <executable>true</executable>
         <run_address>0xcb10</run_address>
         <size>0x1e</size>
         <alignment>0x1</alignment>
         <input_file_ref idref="fl-17"/>
      </object_component>
      <object_component id="oc-26">
         <name>.text:Interrupt_initVectorTable</name>
         <load_address>0xcb2e</load_address>
         <readonly>true</readonly>
         <executable>true</executable>
         <run_address>0xcb2e</run_address>
         <size>0x1e</size>
         <alignment>0x1</alignment>
         <input_file_ref idref="fl-15"/>
      </object_component>
      <object_component id="oc-275">
         <name>.text:DCC_setCounter0ClkSource</name>
         <load_address>0xcb4c</load_address>
         <readonly>true</readonly>
         <executable>true</executable>
         <run_address>0xcb4c</run_address>
         <size>0x1c</size>
         <alignment>0x1</alignment>
         <input_file_ref idref="fl-17"/>
      </object_component>
      <object_component id="oc-2cc">
         <name>.text:SPI_setEmulationMode</name>
         <load_address>0xcb68</load_address>
         <readonly>true</readonly>
         <executable>true</executable>
         <run_address>0xcb68</run_address>
         <size>0x1a</size>
         <alignment>0x1</alignment>
         <input_file_ref idref="fl-3"/>
      </object_component>
      <object_component id="oc-2ba">
         <name>.text:SPI_setPTESignalPolarity</name>
         <load_address>0xcb82</load_address>
         <readonly>true</readonly>
         <executable>true</executable>
         <run_address>0xcb82</run_address>
         <size>0x1a</size>
         <alignment>0x1</alignment>
         <input_file_ref idref="fl-3"/>
      </object_component>
      <object_component id="oc-163">
         <name>.text:SysCtl_getLowSpeedClock</name>
         <load_address>0xcb9c</load_address>
         <readonly>true</readonly>
         <executable>true</executable>
         <run_address>0xcb9c</run_address>
         <size>0x1a</size>
         <alignment>0x1</alignment>
         <input_file_ref idref="fl-17"/>
      </object_component>
      <object_component id="oc-2c0">
         <name>.text:SPI_disableFIFO</name>
         <load_address>0xcbb6</load_address>
         <readonly>true</readonly>
         <executable>true</executable>
         <run_address>0xcbb6</run_address>
         <size>0x18</size>
         <alignment>0x1</alignment>
         <input_file_ref idref="fl-3"/>
      </object_component>
      <object_component id="oc-22a">
         <name>.text:SysCtl_disablePeripheral</name>
         <load_address>0xcbce</load_address>
         <readonly>true</readonly>
         <executable>true</executable>
         <run_address>0xcbce</run_address>
         <size>0x18</size>
         <alignment>0x1</alignment>
         <input_file_ref idref="fl-3"/>
      </object_component>
      <object_component id="oc-224">
         <name>.text:SysCtl_enablePeripheral</name>
         <load_address>0xcbe6</load_address>
         <readonly>true</readonly>
         <executable>true</executable>
         <run_address>0xcbe6</run_address>
         <size>0x17</size>
         <alignment>0x1</alignment>
         <input_file_ref idref="fl-3"/>
      </object_component>
      <object_component id="oc-251">
         <name>.text:SysCtl_enablePeripheral</name>
         <load_address>0xcbfd</load_address>
         <readonly>true</readonly>
         <executable>true</executable>
         <run_address>0xcbfd</run_address>
         <size>0x17</size>
         <alignment>0x1</alignment>
         <input_file_ref idref="fl-17"/>
      </object_component>
      <object_component id="oc-6c">
         <name>.text</name>
         <load_address>0xcc14</load_address>
         <readonly>true</readonly>
         <executable>true</executable>
         <run_address>0xcc14</run_address>
         <size>0x17</size>
         <alignment>0x1</alignment>
         <input_file_ref idref="fl-23"/>
      </object_component>
      <object_component id="oc-26f">
         <name>.text:DCC_disableDoneSignal</name>
         <load_address>0xcc2b</load_address>
         <readonly>true</readonly>
         <executable>true</executable>
         <run_address>0xcc2b</run_address>
         <size>0x16</size>
         <alignment>0x1</alignment>
         <input_file_ref idref="fl-17"/>
      </object_component>
      <object_component id="oc-293">
         <name>.text:DCC_enableDoneSignal</name>
         <load_address>0xcc41</load_address>
         <readonly>true</readonly>
         <executable>true</executable>
         <run_address>0xcc41</run_address>
         <size>0x16</size>
         <alignment>0x1</alignment>
         <input_file_ref idref="fl-17"/>
      </object_component>
      <object_component id="oc-21">
         <name>.text:Interrupt_defaultHandler</name>
         <load_address>0xcc57</load_address>
         <readonly>true</readonly>
         <executable>true</executable>
         <run_address>0xcc57</run_address>
         <size>0x16</size>
         <alignment>0x1</alignment>
         <input_file_ref idref="fl-15"/>
      </object_component>
      <object_component id="oc-1ef">
         <name>.text:CAN_isBaseValid</name>
         <load_address>0xcc6d</load_address>
         <readonly>true</readonly>
         <executable>true</executable>
         <run_address>0xcc6d</run_address>
         <size>0x15</size>
         <alignment>0x1</alignment>
         <input_file_ref idref="fl-4"/>
      </object_component>
      <object_component id="oc-25d">
         <name>.text:DCC_clearDoneFlag</name>
         <load_address>0xcc82</load_address>
         <readonly>true</readonly>
         <executable>true</executable>
         <run_address>0xcc82</run_address>
         <size>0x15</size>
         <alignment>0x1</alignment>
         <input_file_ref idref="fl-17"/>
      </object_component>
      <object_component id="oc-257">
         <name>.text:DCC_clearErrorFlag</name>
         <load_address>0xcc97</load_address>
         <readonly>true</readonly>
         <executable>true</executable>
         <run_address>0xcc97</run_address>
         <size>0x15</size>
         <alignment>0x1</alignment>
         <input_file_ref idref="fl-17"/>
      </object_component>
      <object_component id="oc-269">
         <name>.text:DCC_disableErrorSignal</name>
         <load_address>0xccac</load_address>
         <readonly>true</readonly>
         <executable>true</executable>
         <run_address>0xccac</run_address>
         <size>0x15</size>
         <alignment>0x1</alignment>
         <input_file_ref idref="fl-17"/>
      </object_component>
      <object_component id="oc-28d">
         <name>.text:DCC_enableErrorSignal</name>
         <load_address>0xccc1</load_address>
         <readonly>true</readonly>
         <executable>true</executable>
         <run_address>0xccc1</run_address>
         <size>0x15</size>
         <alignment>0x1</alignment>
         <input_file_ref idref="fl-17"/>
      </object_component>
      <object_component id="oc-189">
         <name>.text:GPIO_unlockPortConfig</name>
         <load_address>0xccd6</load_address>
         <readonly>true</readonly>
         <executable>true</executable>
         <run_address>0xccd6</run_address>
         <size>0x15</size>
         <alignment>0x1</alignment>
         <input_file_ref idref="fl-4"/>
      </object_component>
      <object_component id="oc-263">
         <name>.text:DCC_disableModule</name>
         <load_address>0xcceb</load_address>
         <readonly>true</readonly>
         <executable>true</executable>
         <run_address>0xcceb</run_address>
         <size>0x14</size>
         <alignment>0x1</alignment>
         <input_file_ref idref="fl-17"/>
      </object_component>
      <object_component id="oc-299">
         <name>.text:DCC_enableModule</name>
         <load_address>0xccff</load_address>
         <readonly>true</readonly>
         <executable>true</executable>
         <run_address>0xccff</run_address>
         <size>0x14</size>
         <alignment>0x1</alignment>
         <input_file_ref idref="fl-17"/>
      </object_component>
      <object_component id="oc-1fb">
         <name>.text:GPIO_isPinValid</name>
         <load_address>0xcd13</load_address>
         <readonly>true</readonly>
         <executable>true</executable>
         <run_address>0xcd13</run_address>
         <size>0x14</size>
         <alignment>0x1</alignment>
         <input_file_ref idref="fl-14"/>
      </object_component>
      <object_component id="oc-10f">
         <name>.text:SPI_writeDataNonBlocking</name>
         <load_address>0xcd27</load_address>
         <readonly>true</readonly>
         <executable>true</executable>
         <run_address>0xcd27</run_address>
         <size>0x14</size>
         <alignment>0x1</alignment>
         <input_file_ref idref="fl-2"/>
      </object_component>
      <object_component id="oc-169">
         <name>.text:SysCtl_deviceCal</name>
         <load_address>0xcd3b</load_address>
         <readonly>true</readonly>
         <executable>true</executable>
         <run_address>0xcd3b</run_address>
         <size>0x14</size>
         <alignment>0x1</alignment>
         <input_file_ref idref="fl-4"/>
      </object_component>
      <object_component id="oc-21e">
         <name>.text:SysCtl_setPeripheralAccessControl</name>
         <load_address>0xcd4f</load_address>
         <readonly>true</readonly>
         <executable>true</executable>
         <run_address>0xcd4f</run_address>
         <size>0x14</size>
         <alignment>0x1</alignment>
         <input_file_ref idref="fl-3"/>
      </object_component>
      <object_component id="oc-2fa">
         <name>.text:SPI_isBaseValid</name>
         <load_address>0xcd63</load_address>
         <readonly>true</readonly>
         <executable>true</executable>
         <run_address>0xcd63</run_address>
         <size>0x13</size>
         <alignment>0x1</alignment>
         <input_file_ref idref="fl-3"/>
      </object_component>
      <object_component id="oc-302">
         <name>.text:SPI_isBaseValid</name>
         <load_address>0xcd76</load_address>
         <readonly>true</readonly>
         <executable>true</executable>
         <run_address>0xcd76</run_address>
         <size>0x13</size>
         <alignment>0x1</alignment>
         <input_file_ref idref="fl-16"/>
      </object_component>
      <object_component id="oc-1b4">
         <name>.text:SPI_isBaseValid</name>
         <load_address>0xcd89</load_address>
         <readonly>true</readonly>
         <executable>true</executable>
         <run_address>0xcd89</run_address>
         <size>0x13</size>
         <alignment>0x1</alignment>
         <input_file_ref idref="fl-2"/>
      </object_component>
      <object_component id="oc-115">
         <name>.text:SPI_readDataBlockingNonFIFO</name>
         <load_address>0xcd9c</load_address>
         <readonly>true</readonly>
         <executable>true</executable>
         <run_address>0xcd9c</run_address>
         <size>0x12</size>
         <alignment>0x1</alignment>
         <input_file_ref idref="fl-2"/>
      </object_component>
      <object_component id="oc-84">
         <name>.text</name>
         <load_address>0xcdae</load_address>
         <readonly>true</readonly>
         <executable>true</executable>
         <run_address>0xcdae</run_address>
         <size>0x12</size>
         <alignment>0x1</alignment>
         <input_file_ref idref="fl-2c"/>
      </object_component>
      <object_component id="oc-2c6">
         <name>.text:SPI_disableLoopback</name>
         <load_address>0xcdc0</load_address>
         <readonly>true</readonly>
         <executable>true</executable>
         <run_address>0xcdc0</run_address>
         <size>0x11</size>
         <alignment>0x1</alignment>
         <input_file_ref idref="fl-3"/>
      </object_component>
      <object_component id="oc-2ae">
         <name>.text:SPI_disableModule</name>
         <load_address>0xcdd1</load_address>
         <readonly>true</readonly>
         <executable>true</executable>
         <run_address>0xcdd1</run_address>
         <size>0x11</size>
         <alignment>0x1</alignment>
         <input_file_ref idref="fl-3"/>
      </object_component>
      <object_component id="oc-2d2">
         <name>.text:SPI_enableModule</name>
         <load_address>0xcde2</load_address>
         <readonly>true</readonly>
         <executable>true</executable>
         <run_address>0xcde2</run_address>
         <size>0x11</size>
         <alignment>0x1</alignment>
         <input_file_ref idref="fl-3"/>
      </object_component>
      <object_component id="oc-1ab">
         <name>.text:makeChecksum</name>
         <load_address>0xcdf3</load_address>
         <readonly>true</readonly>
         <executable>true</executable>
         <run_address>0xcdf3</run_address>
         <size>0x11</size>
         <alignment>0x1</alignment>
         <input_file_ref idref="fl-2"/>
      </object_component>
      <object_component id="oc-2e8">
         <name>.text:DCC_isBaseValid</name>
         <load_address>0xce04</load_address>
         <readonly>true</readonly>
         <executable>true</executable>
         <run_address>0xce04</run_address>
         <size>0x10</size>
         <alignment>0x1</alignment>
         <input_file_ref idref="fl-17"/>
      </object_component>
      <object_component id="oc-f4">
         <name>.text:Device_initGPIO</name>
         <load_address>0xce14</load_address>
         <readonly>true</readonly>
         <executable>true</executable>
         <run_address>0xce14</run_address>
         <size>0x10</size>
         <alignment>0x1</alignment>
         <input_file_ref idref="fl-4"/>
      </object_component>
      <object_component id="oc-16f">
         <name>.text:ASysCtl_disableDCDC</name>
         <load_address>0xce24</load_address>
         <readonly>true</readonly>
         <executable>true</executable>
         <run_address>0xce24</run_address>
         <size>0xf</size>
         <alignment>0x1</alignment>
         <input_file_ref idref="fl-4"/>
      </object_component>
      <object_component id="oc-190">
         <name>.text:Interrupt_disableGlobal</name>
         <load_address>0xce33</load_address>
         <readonly>true</readonly>
         <executable>true</executable>
         <run_address>0xce33</run_address>
         <size>0xd</size>
         <alignment>0x1</alignment>
         <input_file_ref idref="fl-15"/>
      </object_component>
      <object_component id="oc-14a">
         <name>.text:SysCtl_setLowSpeedClock</name>
         <load_address>0xce40</load_address>
         <readonly>true</readonly>
         <executable>true</executable>
         <run_address>0xce40</run_address>
         <size>0xd</size>
         <alignment>0x1</alignment>
         <input_file_ref idref="fl-4"/>
      </object_component>
      <object_component id="oc-44">
         <name>.text:decompress:ZI:__TI_zero_init_nomemset</name>
         <load_address>0xce4d</load_address>
         <readonly>true</readonly>
         <executable>true</executable>
         <run_address>0xce4d</run_address>
         <size>0xd</size>
         <alignment>0x1</alignment>
         <input_file_ref idref="fl-27"/>
      </object_component>
      <object_component id="oc-138">
         <name>.text:SysCtl_disableWatchdog</name>
         <load_address>0xce5a</load_address>
         <readonly>true</readonly>
         <executable>true</executable>
         <run_address>0xce5a</run_address>
         <size>0xb</size>
         <alignment>0x1</alignment>
         <input_file_ref idref="fl-4"/>
      </object_component>
      <object_component id="oc-1d9">
         <name>.text:SysCtl_isMCDClockFailureDetected</name>
         <load_address>0xce65</load_address>
         <readonly>true</readonly>
         <executable>true</executable>
         <run_address>0xce65</run_address>
         <size>0xb</size>
         <alignment>0x1</alignment>
         <input_file_ref idref="fl-17"/>
      </object_component>
      <object_component id="oc-2d">
         <name>.text:Interrupt_illegalOperationHandler</name>
         <load_address>0xce70</load_address>
         <readonly>true</readonly>
         <executable>true</executable>
         <run_address>0xce70</run_address>
         <size>0xa</size>
         <alignment>0x1</alignment>
         <input_file_ref idref="fl-15"/>
      </object_component>
      <object_component id="oc-33">
         <name>.text:Interrupt_nmiHandler</name>
         <load_address>0xce7a</load_address>
         <readonly>true</readonly>
         <executable>true</executable>
         <run_address>0xce7a</run_address>
         <size>0xa</size>
         <alignment>0x1</alignment>
         <input_file_ref idref="fl-15"/>
      </object_component>
      <object_component id="oc-100">
         <name>.text:Board_init</name>
         <load_address>0xce84</load_address>
         <readonly>true</readonly>
         <executable>true</executable>
         <run_address>0xce84</run_address>
         <size>0x9</size>
         <alignment>0x1</alignment>
         <input_file_ref idref="fl-3"/>
      </object_component>
      <object_component id="oc-125">
         <name>.text</name>
         <load_address>0xce8d</load_address>
         <readonly>true</readonly>
         <executable>true</executable>
         <run_address>0xce8d</run_address>
         <size>0x9</size>
         <alignment>0x1</alignment>
         <input_file_ref idref="fl-2b"/>
      </object_component>
      <object_component id="oc-15">
         <name>.text:decompress:none</name>
         <load_address>0xce96</load_address>
         <readonly>true</readonly>
         <executable>true</executable>
         <run_address>0xce96</run_address>
         <size>0x8</size>
         <alignment>0x1</alignment>
         <input_file_ref idref="fl-28"/>
      </object_component>
      <object_component id="oc-50">
         <name>.text</name>
         <load_address>0xce9e</load_address>
         <readonly>true</readonly>
         <executable>true</executable>
         <run_address>0xce9e</run_address>
         <size>0x8</size>
         <alignment>0x1</alignment>
         <input_file_ref idref="fl-7"/>
      </object_component>
      <object_component id="oc-218">
         <name>.text:SysCtl_disableMCD</name>
         <load_address>0xcea6</load_address>
         <readonly>true</readonly>
         <executable>true</executable>
         <run_address>0xcea6</run_address>
         <size>0x7</size>
         <alignment>0x1</alignment>
         <input_file_ref idref="fl-3"/>
      </object_component>
      <object_component id="oc-2df">
         <name>.text:SysCtl_resetMCD</name>
         <load_address>0xcead</load_address>
         <readonly>true</readonly>
         <executable>true</executable>
         <run_address>0xcead</run_address>
         <size>0x7</size>
         <alignment>0x1</alignment>
         <input_file_ref idref="fl-17"/>
      </object_component>
      <object_component id="oc-15d">
         <name>.text:__error__</name>
         <load_address>0xceb4</load_address>
         <readonly>true</readonly>
         <executable>true</executable>
         <run_address>0xceb4</run_address>
         <size>0x7</size>
         <alignment>0x1</alignment>
         <input_file_ref idref="fl-4"/>
      </object_component>
      <object_component id="oc-13e">
         <name>.text:CMD_init</name>
         <load_address>0xcebb</load_address>
         <readonly>true</readonly>
         <executable>true</executable>
         <run_address>0xcebb</run_address>
         <size>0x3</size>
         <alignment>0x1</alignment>
         <input_file_ref idref="fl-5"/>
      </object_component>
      <object_component id="oc-1a3">
         <name>.text:SPI_init</name>
         <load_address>0xcebe</load_address>
         <readonly>true</readonly>
         <executable>true</executable>
         <run_address>0xcebe</run_address>
         <size>0x3</size>
         <alignment>0x1</alignment>
         <input_file_ref idref="fl-3"/>
      </object_component>
      <object_component id="oc-7d">
         <name>.text</name>
         <load_address>0xcec1</load_address>
         <readonly>true</readonly>
         <executable>true</executable>
         <run_address>0xcec1</run_address>
         <size>0x2</size>
         <alignment>0x1</alignment>
         <input_file_ref idref="fl-25"/>
      </object_component>
      <object_component id="oc-1d0">
         <name>.text:generic_ram_lnk_init</name>
         <load_address>0xcec3</load_address>
         <readonly>true</readonly>
         <executable>true</executable>
         <run_address>0xcec3</run_address>
         <size>0x1</size>
         <alignment>0x1</alignment>
         <input_file_ref idref="fl-5"/>
      </object_component>
      <object_component id="oc-d9">
         <name>.text</name>
         <load_address>0xcec4</load_address>
         <readonly>true</readonly>
         <executable>true</executable>
         <run_address>0xcec4</run_address>
         <size>0x1</size>
         <alignment>0x1</alignment>
         <input_file_ref idref="fl-30"/>
      </object_component>
      <object_component id="oc-1e5">
         <name>.TI.ramfunc</name>
         <load_address>0xf6</load_address>
         <readonly>true</readonly>
         <executable>true</executable>
         <run_address>0xf6</run_address>
         <size>0x4</size>
         <alignment>0x1</alignment>
         <input_file_ref idref="fl-17"/>
      </object_component>
      <object_component id="oc-33d">
         <name>.cinit..data.load</name>
         <load_address>0xfa</load_address>
         <readonly>true</readonly>
         <run_address>0xfa</run_address>
         <size>0xb</size>
         <alignment>0x1</alignment>
      </object_component>
      <object_component id="oc-33a">
         <name>__TI_handler_table</name>
         <load_address>0x106</load_address>
         <readonly>true</readonly>
         <run_address>0x106</run_address>
         <size>0x6</size>
         <alignment>0x2</alignment>
      </object_component>
      <object_component id="oc-33c">
         <name>.cinit..bss.load</name>
         <load_address>0x10c</load_address>
         <readonly>true</readonly>
         <run_address>0x10c</run_address>
         <size>0x4</size>
         <alignment>0x2</alignment>
      </object_component>
      <object_component id="oc-33b">
         <name>__TI_cinit_table</name>
         <load_address>0x110</load_address>
         <readonly>true</readonly>
         <run_address>0x110</run_address>
         <size>0x8</size>
         <alignment>0x2</alignment>
      </object_component>
      <object_component id="oc-39">
         <name>.stack</name>
         <uninitialized>true</uninitialized>
         <readwrite>true</readwrite>
         <run_address>0x400</run_address>
         <size>0x0</size>
         <alignment>0x1</alignment>
         <input_file_ref idref="fl-23"/>
      </object_component>
      <object_component id="oc-33e">
         <name>.stack</name>
         <uninitialized>true</uninitialized>
         <readwrite>true</readwrite>
         <run_address>0x400</run_address>
         <size>0x0</size>
         <alignment>0x2</alignment>
      </object_component>
      <object_component id="oc-10c">
         <name>.bss:txPacket</name>
         <uninitialized>true</uninitialized>
         <readwrite>true</readwrite>
         <run_address>0xa2e4</run_address>
         <size>0x8</size>
         <alignment>0x1</alignment>
         <input_file_ref idref="fl-2"/>
      </object_component>
      <object_component id="oc-1d8">
         <name>.const:.string</name>
         <load_address>0xa000</load_address>
         <readonly>true</readonly>
         <run_address>0xa000</run_address>
         <size>0x9a</size>
         <alignment>0x2</alignment>
         <input_file_ref idref="fl-17"/>
      </object_component>
      <object_component id="oc-201">
         <name>.const:.string</name>
         <load_address>0xa09a</load_address>
         <readonly>true</readonly>
         <run_address>0xa09a</run_address>
         <size>0x98</size>
         <alignment>0x2</alignment>
         <input_file_ref idref="fl-14"/>
      </object_component>
      <object_component id="oc-308">
         <name>.const:.string</name>
         <load_address>0xa132</load_address>
         <readonly>true</readonly>
         <run_address>0xa132</run_address>
         <size>0x97</size>
         <alignment>0x2</alignment>
         <input_file_ref idref="fl-16"/>
      </object_component>
      <object_component id="oc-15c">
         <name>.const:.string</name>
         <load_address>0xa1ca</load_address>
         <readonly>true</readonly>
         <run_address>0xa1ca</run_address>
         <size>0x90</size>
         <alignment>0x2</alignment>
         <input_file_ref idref="fl-4"/>
      </object_component>
      <object_component id="oc-300">
         <name>.const:.string</name>
         <load_address>0xa25a</load_address>
         <readonly>true</readonly>
         <run_address>0xa25a</run_address>
         <size>0x3e</size>
         <alignment>0x2</alignment>
         <input_file_ref idref="fl-3"/>
      </object_component>
      <object_component id="oc-1ba">
         <name>.const:.string</name>
         <load_address>0xa298</load_address>
         <readonly>true</readonly>
         <run_address>0xa298</run_address>
         <size>0x3e</size>
         <alignment>0x2</alignment>
         <input_file_ref idref="fl-2"/>
      </object_component>
      <object_component id="oc-11b">
         <name>.data</name>
         <load_address>0xa2dc</load_address>
         <readwrite>true</readwrite>
         <run_address>0xa2dc</run_address>
         <size>0x3</size>
         <alignment>0x1</alignment>
         <input_file_ref idref="fl-2"/>
      </object_component>
      <object_component id="oc-ce">
         <name>.data</name>
         <load_address>0xa2d6</load_address>
         <readwrite>true</readwrite>
         <run_address>0xa2d6</run_address>
         <size>0x6</size>
         <alignment>0x2</alignment>
         <input_file_ref idref="fl-2a"/>
      </object_component>
      <object_component id="oc-d1">
         <name>.data:_lock</name>
         <load_address>0xa2e0</load_address>
         <readwrite>true</readwrite>
         <run_address>0xa2e0</run_address>
         <size>0x2</size>
         <alignment>0x2</alignment>
         <input_file_ref idref="fl-2b"/>
      </object_component>
      <object_component id="oc-1c2">
         <name>.data:_unlock</name>
         <load_address>0xa2e2</load_address>
         <readwrite>true</readwrite>
         <run_address>0xa2e2</run_address>
         <size>0x2</size>
         <alignment>0x2</alignment>
         <input_file_ref idref="fl-2b"/>
      </object_component>
      <object_component id="oc-11f">
         <name>.debug_types</name>
         <load_address>0x0</load_address>
         <run_address>0x0</run_address>
         <size>0x4a1</size>
         <alignment>0x0</alignment>
         <input_file_ref idref="fl-2"/>
      </object_component>
      <object_component id="oc-1aa">
         <name>.debug_types</name>
         <load_address>0x4a1</load_address>
         <run_address>0x4a1</run_address>
         <size>0x1292</size>
         <alignment>0x0</alignment>
         <input_file_ref idref="fl-3"/>
      </object_component>
      <object_component id="oc-188">
         <name>.debug_types</name>
         <load_address>0x1733</load_address>
         <run_address>0x1733</run_address>
         <size>0x5f4</size>
         <alignment>0x0</alignment>
         <input_file_ref idref="fl-4"/>
      </object_component>
      <object_component id="oc-1d7">
         <name>.debug_types</name>
         <load_address>0x0</load_address>
         <run_address>0x0</run_address>
         <size>0x0</size>
         <alignment>0x0</alignment>
         <input_file_ref idref="fl-5"/>
      </object_component>
      <object_component id="oc-203">
         <name>.debug_types</name>
         <load_address>0x1d27</load_address>
         <run_address>0x1d27</run_address>
         <size>0x2e2</size>
         <alignment>0x0</alignment>
         <input_file_ref idref="fl-14"/>
      </object_component>
      <object_component id="oc-57">
         <name>.debug_types</name>
         <load_address>0x0</load_address>
         <run_address>0x0</run_address>
         <size>0x0</size>
         <alignment>0x0</alignment>
         <input_file_ref idref="fl-15"/>
      </object_component>
      <object_component id="oc-30a">
         <name>.debug_types</name>
         <load_address>0x2009</load_address>
         <run_address>0x2009</run_address>
         <size>0x53b</size>
         <alignment>0x0</alignment>
         <input_file_ref idref="fl-16"/>
      </object_component>
      <object_component id="oc-1ed">
         <name>.debug_types</name>
         <load_address>0x2544</load_address>
         <run_address>0x2544</run_address>
         <size>0x1d4</size>
         <alignment>0x0</alignment>
         <input_file_ref idref="fl-17"/>
      </object_component>
      <object_component id="oc-95">
         <name>.debug_types</name>
         <load_address>0x0</load_address>
         <run_address>0x0</run_address>
         <size>0x0</size>
         <alignment>0x0</alignment>
         <input_file_ref idref="fl-25"/>
      </object_component>
      <object_component id="oc-e0">
         <name>.debug_types</name>
         <load_address>0x2718</load_address>
         <run_address>0x2718</run_address>
         <size>0x4e8</size>
         <alignment>0x0</alignment>
         <input_file_ref idref="fl-26"/>
      </object_component>
      <object_component id="oc-64">
         <name>.debug_types</name>
         <load_address>0x2c00</load_address>
         <run_address>0x2c00</run_address>
         <size>0x1f3</size>
         <alignment>0x0</alignment>
         <input_file_ref idref="fl-27"/>
      </object_component>
      <object_component id="oc-43">
         <name>.debug_types</name>
         <load_address>0x0</load_address>
         <run_address>0x0</run_address>
         <size>0x0</size>
         <alignment>0x0</alignment>
         <input_file_ref idref="fl-28"/>
      </object_component>
      <object_component id="oc-3b">
         <name>.debug_types</name>
         <load_address>0x2df3</load_address>
         <run_address>0x2df3</run_address>
         <size>0x191</size>
         <alignment>0x0</alignment>
         <input_file_ref idref="fl-29"/>
      </object_component>
      <object_component id="oc-d5">
         <name>.debug_types</name>
         <load_address>0x2f84</load_address>
         <run_address>0x2f84</run_address>
         <size>0xbf</size>
         <alignment>0x0</alignment>
         <input_file_ref idref="fl-2a"/>
      </object_component>
      <object_component id="oc-12d">
         <name>.debug_types</name>
         <load_address>0x3043</load_address>
         <run_address>0x3043</run_address>
         <size>0x2f</size>
         <alignment>0x0</alignment>
         <input_file_ref idref="fl-2b"/>
      </object_component>
      <object_component id="oc-cd">
         <name>.debug_types</name>
         <load_address>0x3072</load_address>
         <run_address>0x3072</run_address>
         <size>0xe1</size>
         <alignment>0x0</alignment>
         <input_file_ref idref="fl-2c"/>
      </object_component>
      <object_component id="oc-5f">
         <name>.debug_types</name>
         <load_address>0x3153</load_address>
         <run_address>0x3153</run_address>
         <size>0xb8</size>
         <alignment>0x0</alignment>
         <input_file_ref idref="fl-2f"/>
      </object_component>
      <object_component id="oc-132">
         <name>.debug_types</name>
         <load_address>0x0</load_address>
         <run_address>0x0</run_address>
         <size>0x0</size>
         <alignment>0x0</alignment>
         <input_file_ref idref="fl-30"/>
      </object_component>
      <object_component id="oc-11c">
         <name>.debug_info</name>
         <load_address>0x0</load_address>
         <run_address>0x0</run_address>
         <size>0x14e</size>
         <alignment>0x0</alignment>
         <input_file_ref idref="fl-2"/>
      </object_component>
      <object_component id="oc-10d">
         <name>.debug_info</name>
         <load_address>0x14e</load_address>
         <run_address>0x14e</run_address>
         <size>0xf8</size>
         <alignment>0x0</alignment>
         <input_file_ref idref="fl-2"/>
      </object_component>
      <object_component id="oc-1b5">
         <name>.debug_info</name>
         <load_address>0x246</load_address>
         <run_address>0x246</run_address>
         <size>0x17e</size>
         <alignment>0x0</alignment>
         <input_file_ref idref="fl-2"/>
      </object_component>
      <object_component id="oc-110">
         <name>.debug_info</name>
         <load_address>0x3c4</load_address>
         <run_address>0x3c4</run_address>
         <size>0x1cd</size>
         <alignment>0x0</alignment>
         <input_file_ref idref="fl-2"/>
      </object_component>
      <object_component id="oc-118">
         <name>.debug_info</name>
         <load_address>0x591</load_address>
         <run_address>0x591</run_address>
         <size>0x1ba</size>
         <alignment>0x0</alignment>
         <input_file_ref idref="fl-2"/>
      </object_component>
      <object_component id="oc-1ad">
         <name>.debug_info</name>
         <load_address>0x74b</load_address>
         <run_address>0x74b</run_address>
         <size>0x191</size>
         <alignment>0x0</alignment>
         <input_file_ref idref="fl-2"/>
      </object_component>
      <object_component id="oc-108">
         <name>.debug_info</name>
         <load_address>0x8dc</load_address>
         <run_address>0x8dc</run_address>
         <size>0x160</size>
         <alignment>0x0</alignment>
         <input_file_ref idref="fl-2"/>
      </object_component>
      <object_component id="oc-c8">
         <name>.debug_info</name>
         <load_address>0xa3c</load_address>
         <run_address>0xa3c</run_address>
         <size>0x213</size>
         <alignment>0x0</alignment>
         <input_file_ref idref="fl-2"/>
      </object_component>
      <object_component id="oc-225">
         <name>.debug_info</name>
         <load_address>0xc4f</load_address>
         <run_address>0xc4f</run_address>
         <size>0x1b8</size>
         <alignment>0x0</alignment>
         <input_file_ref idref="fl-3"/>
      </object_component>
      <object_component id="oc-22c">
         <name>.debug_info</name>
         <load_address>0xe07</load_address>
         <run_address>0xe07</run_address>
         <size>0x1ba</size>
         <alignment>0x0</alignment>
         <input_file_ref idref="fl-3"/>
      </object_component>
      <object_component id="oc-219">
         <name>.debug_info</name>
         <load_address>0xfc1</load_address>
         <run_address>0xfc1</run_address>
         <size>0x155</size>
         <alignment>0x0</alignment>
         <input_file_ref idref="fl-3"/>
      </object_component>
      <object_component id="oc-220">
         <name>.debug_info</name>
         <load_address>0x1116</load_address>
         <run_address>0x1116</run_address>
         <size>0x1fc</size>
         <alignment>0x0</alignment>
         <input_file_ref idref="fl-3"/>
      </object_component>
      <object_component id="oc-2fb">
         <name>.debug_info</name>
         <load_address>0x1312</load_address>
         <run_address>0x1312</run_address>
         <size>0x177</size>
         <alignment>0x0</alignment>
         <input_file_ref idref="fl-3"/>
      </object_component>
      <object_component id="oc-2d4">
         <name>.debug_info</name>
         <load_address>0x1489</load_address>
         <run_address>0x1489</run_address>
         <size>0x195</size>
         <alignment>0x0</alignment>
         <input_file_ref idref="fl-3"/>
      </object_component>
      <object_component id="oc-2b0">
         <name>.debug_info</name>
         <load_address>0x161e</load_address>
         <run_address>0x161e</run_address>
         <size>0x197</size>
         <alignment>0x0</alignment>
         <input_file_ref idref="fl-3"/>
      </object_component>
      <object_component id="oc-2c1">
         <name>.debug_info</name>
         <load_address>0x17b5</load_address>
         <run_address>0x17b5</run_address>
         <size>0x193</size>
         <alignment>0x0</alignment>
         <input_file_ref idref="fl-3"/>
      </object_component>
      <object_component id="oc-2c7">
         <name>.debug_info</name>
         <load_address>0x1948</load_address>
         <run_address>0x1948</run_address>
         <size>0x19b</size>
         <alignment>0x0</alignment>
         <input_file_ref idref="fl-3"/>
      </object_component>
      <object_component id="oc-2bc">
         <name>.debug_info</name>
         <load_address>0x1ae3</load_address>
         <run_address>0x1ae3</run_address>
         <size>0x1ce</size>
         <alignment>0x0</alignment>
         <input_file_ref idref="fl-3"/>
      </object_component>
      <object_component id="oc-2ce">
         <name>.debug_info</name>
         <load_address>0x1cb1</load_address>
         <run_address>0x1cb1</run_address>
         <size>0x1be</size>
         <alignment>0x0</alignment>
         <input_file_ref idref="fl-3"/>
      </object_component>
      <object_component id="oc-102">
         <name>.debug_info</name>
         <load_address>0x1e6f</load_address>
         <run_address>0x1e6f</run_address>
         <size>0x143</size>
         <alignment>0x0</alignment>
         <input_file_ref idref="fl-3"/>
      </object_component>
      <object_component id="oc-199">
         <name>.debug_info</name>
         <load_address>0x1fb2</load_address>
         <run_address>0x1fb2</run_address>
         <size>0x249</size>
         <alignment>0x0</alignment>
         <input_file_ref idref="fl-3"/>
      </object_component>
      <object_component id="oc-1a4">
         <name>.debug_info</name>
         <load_address>0x21fb</load_address>
         <run_address>0x21fb</run_address>
         <size>0x120</size>
         <alignment>0x0</alignment>
         <input_file_ref idref="fl-3"/>
      </object_component>
      <object_component id="oc-232">
         <name>.debug_info</name>
         <load_address>0x231b</load_address>
         <run_address>0x231b</run_address>
         <size>0x1bb</size>
         <alignment>0x0</alignment>
         <input_file_ref idref="fl-3"/>
      </object_component>
      <object_component id="oc-19f">
         <name>.debug_info</name>
         <load_address>0x24d6</load_address>
         <run_address>0x24d6</run_address>
         <size>0x1e38</size>
         <alignment>0x0</alignment>
         <input_file_ref idref="fl-3"/>
      </object_component>
      <object_component id="oc-16a">
         <name>.debug_info</name>
         <load_address>0x430e</load_address>
         <run_address>0x430e</run_address>
         <size>0x159</size>
         <alignment>0x0</alignment>
         <input_file_ref idref="fl-4"/>
      </object_component>
      <object_component id="oc-14b">
         <name>.debug_info</name>
         <load_address>0x4467</load_address>
         <run_address>0x4467</run_address>
         <size>0x18d</size>
         <alignment>0x0</alignment>
         <input_file_ref idref="fl-4"/>
      </object_component>
      <object_component id="oc-13a">
         <name>.debug_info</name>
         <load_address>0x45f4</load_address>
         <run_address>0x45f4</run_address>
         <size>0x160</size>
         <alignment>0x0</alignment>
         <input_file_ref idref="fl-4"/>
      </object_component>
      <object_component id="oc-172">
         <name>.debug_info</name>
         <load_address>0x4754</load_address>
         <run_address>0x4754</run_address>
         <size>0x16d</size>
         <alignment>0x0</alignment>
         <input_file_ref idref="fl-4"/>
      </object_component>
      <object_component id="oc-1f1">
         <name>.debug_info</name>
         <load_address>0x48c1</load_address>
         <run_address>0x48c1</run_address>
         <size>0x178</size>
         <alignment>0x0</alignment>
         <input_file_ref idref="fl-4"/>
      </object_component>
      <object_component id="oc-152">
         <name>.debug_info</name>
         <load_address>0x4a39</load_address>
         <run_address>0x4a39</run_address>
         <size>0x1c5</size>
         <alignment>0x0</alignment>
         <input_file_ref idref="fl-4"/>
      </object_component>
      <object_component id="oc-18a">
         <name>.debug_info</name>
         <load_address>0x4bfe</load_address>
         <run_address>0x4bfe</run_address>
         <size>0x1bc</size>
         <alignment>0x0</alignment>
         <input_file_ref idref="fl-4"/>
      </object_component>
      <object_component id="oc-f0">
         <name>.debug_info</name>
         <load_address>0x4dba</load_address>
         <run_address>0x4dba</run_address>
         <size>0x2a1</size>
         <alignment>0x0</alignment>
         <input_file_ref idref="fl-4"/>
      </object_component>
      <object_component id="oc-f6">
         <name>.debug_info</name>
         <load_address>0x505b</load_address>
         <run_address>0x505b</run_address>
         <size>0x170</size>
         <alignment>0x0</alignment>
         <input_file_ref idref="fl-4"/>
      </object_component>
      <object_component id="oc-15e">
         <name>.debug_info</name>
         <load_address>0x51cb</load_address>
         <run_address>0x51cb</run_address>
         <size>0x15f</size>
         <alignment>0x0</alignment>
         <input_file_ref idref="fl-4"/>
      </object_component>
      <object_component id="oc-1d1">
         <name>.debug_info</name>
         <load_address>0x532a</load_address>
         <run_address>0x532a</run_address>
         <size>0x131</size>
         <alignment>0x0</alignment>
         <input_file_ref idref="fl-5"/>
      </object_component>
      <object_component id="oc-140">
         <name>.debug_info</name>
         <load_address>0x545b</load_address>
         <run_address>0x545b</run_address>
         <size>0x133</size>
         <alignment>0x0</alignment>
         <input_file_ref idref="fl-5"/>
      </object_component>
      <object_component id="oc-1e">
         <name>.debug_info</name>
         <load_address>0x558e</load_address>
         <run_address>0x558e</run_address>
         <size>0x186</size>
         <alignment>0x0</alignment>
         <input_file_ref idref="fl-7"/>
      </object_component>
      <object_component id="oc-53">
         <name>.debug_info</name>
         <load_address>0x5714</load_address>
         <run_address>0x5714</run_address>
         <size>0x187</size>
         <alignment>0x0</alignment>
         <input_file_ref idref="fl-7"/>
      </object_component>
      <object_component id="oc-1fc">
         <name>.debug_info</name>
         <load_address>0x589b</load_address>
         <run_address>0x589b</run_address>
         <size>0x1cf</size>
         <alignment>0x0</alignment>
         <input_file_ref idref="fl-14"/>
      </object_component>
      <object_component id="oc-17d">
         <name>.debug_info</name>
         <load_address>0x5a6a</load_address>
         <run_address>0x5a6a</run_address>
         <size>0x247</size>
         <alignment>0x0</alignment>
         <input_file_ref idref="fl-14"/>
      </object_component>
      <object_component id="oc-177">
         <name>.debug_info</name>
         <load_address>0x5cb1</load_address>
         <run_address>0x5cb1</run_address>
         <size>0x230</size>
         <alignment>0x0</alignment>
         <input_file_ref idref="fl-14"/>
      </object_component>
      <object_component id="oc-213">
         <name>.debug_info</name>
         <load_address>0x5ee1</load_address>
         <run_address>0x5ee1</run_address>
         <size>0x278</size>
         <alignment>0x0</alignment>
         <input_file_ref idref="fl-14"/>
      </object_component>
      <object_component id="oc-183">
         <name>.debug_info</name>
         <load_address>0x6159</load_address>
         <run_address>0x6159</run_address>
         <size>0x22c</size>
         <alignment>0x0</alignment>
         <input_file_ref idref="fl-14"/>
      </object_component>
      <object_component id="oc-20d">
         <name>.debug_info</name>
         <load_address>0x6385</load_address>
         <run_address>0x6385</run_address>
         <size>0x219</size>
         <alignment>0x0</alignment>
         <input_file_ref idref="fl-14"/>
      </object_component>
      <object_component id="oc-193">
         <name>.debug_info</name>
         <load_address>0x659e</load_address>
         <run_address>0x659e</run_address>
         <size>0x1ca</size>
         <alignment>0x0</alignment>
         <input_file_ref idref="fl-15"/>
      </object_component>
      <object_component id="oc-fd">
         <name>.debug_info</name>
         <load_address>0x6768</load_address>
         <run_address>0x6768</run_address>
         <size>0x1d9</size>
         <alignment>0x0</alignment>
         <input_file_ref idref="fl-15"/>
      </object_component>
      <object_component id="oc-24">
         <name>.debug_info</name>
         <load_address>0x6941</load_address>
         <run_address>0x6941</run_address>
         <size>0x1e6</size>
         <alignment>0x0</alignment>
         <input_file_ref idref="fl-15"/>
      </object_component>
      <object_component id="oc-31">
         <name>.debug_info</name>
         <load_address>0x6b27</load_address>
         <run_address>0x6b27</run_address>
         <size>0x1cc</size>
         <alignment>0x0</alignment>
         <input_file_ref idref="fl-15"/>
      </object_component>
      <object_component id="oc-35">
         <name>.debug_info</name>
         <load_address>0x6cf3</load_address>
         <run_address>0x6cf3</run_address>
         <size>0x1b2</size>
         <alignment>0x0</alignment>
         <input_file_ref idref="fl-15"/>
      </object_component>
      <object_component id="oc-29">
         <name>.debug_info</name>
         <load_address>0x6ea5</load_address>
         <run_address>0x6ea5</run_address>
         <size>0x1d6</size>
         <alignment>0x0</alignment>
         <input_file_ref idref="fl-15"/>
      </object_component>
      <object_component id="oc-303">
         <name>.debug_info</name>
         <load_address>0x707b</load_address>
         <run_address>0x707b</run_address>
         <size>0x1d1</size>
         <alignment>0x0</alignment>
         <input_file_ref idref="fl-16"/>
      </object_component>
      <object_component id="oc-2b7">
         <name>.debug_info</name>
         <load_address>0x724c</load_address>
         <run_address>0x724c</run_address>
         <size>0x2d2</size>
         <alignment>0x0</alignment>
         <input_file_ref idref="fl-16"/>
      </object_component>
      <object_component id="oc-252">
         <name>.debug_info</name>
         <load_address>0x751e</load_address>
         <run_address>0x751e</run_address>
         <size>0x215</size>
         <alignment>0x0</alignment>
         <input_file_ref idref="fl-17"/>
      </object_component>
      <object_component id="oc-1da">
         <name>.debug_info</name>
         <load_address>0x7733</load_address>
         <run_address>0x7733</run_address>
         <size>0x1d8</size>
         <alignment>0x0</alignment>
         <input_file_ref idref="fl-17"/>
      </object_component>
      <object_component id="oc-2e0">
         <name>.debug_info</name>
         <load_address>0x790b</load_address>
         <run_address>0x790b</run_address>
         <size>0x1ae</size>
         <alignment>0x0</alignment>
         <input_file_ref idref="fl-17"/>
      </object_component>
      <object_component id="oc-2e9">
         <name>.debug_info</name>
         <load_address>0x7ab9</load_address>
         <run_address>0x7ab9</run_address>
         <size>0x1d2</size>
         <alignment>0x0</alignment>
         <input_file_ref idref="fl-17"/>
      </object_component>
      <object_component id="oc-29a">
         <name>.debug_info</name>
         <load_address>0x7c8b</load_address>
         <run_address>0x7c8b</run_address>
         <size>0x1f0</size>
         <alignment>0x0</alignment>
         <input_file_ref idref="fl-17"/>
      </object_component>
      <object_component id="oc-264">
         <name>.debug_info</name>
         <load_address>0x7e7b</load_address>
         <run_address>0x7e7b</run_address>
         <size>0x1f2</size>
         <alignment>0x0</alignment>
         <input_file_ref idref="fl-17"/>
      </object_component>
      <object_component id="oc-28f">
         <name>.debug_info</name>
         <load_address>0x806d</load_address>
         <run_address>0x806d</run_address>
         <size>0x1fc</size>
         <alignment>0x0</alignment>
         <input_file_ref idref="fl-17"/>
      </object_component>
      <object_component id="oc-294">
         <name>.debug_info</name>
         <load_address>0x8269</load_address>
         <run_address>0x8269</run_address>
         <size>0x1fa</size>
         <alignment>0x0</alignment>
         <input_file_ref idref="fl-17"/>
      </object_component>
      <object_component id="oc-26b">
         <name>.debug_info</name>
         <load_address>0x8463</load_address>
         <run_address>0x8463</run_address>
         <size>0x1fe</size>
         <alignment>0x0</alignment>
         <input_file_ref idref="fl-17"/>
      </object_component>
      <object_component id="oc-270">
         <name>.debug_info</name>
         <load_address>0x8661</load_address>
         <run_address>0x8661</run_address>
         <size>0x1fc</size>
         <alignment>0x0</alignment>
         <input_file_ref idref="fl-17"/>
      </object_component>
      <object_component id="oc-289">
         <name>.debug_info</name>
         <load_address>0x885d</load_address>
         <run_address>0x885d</run_address>
         <size>0x223</size>
         <alignment>0x0</alignment>
         <input_file_ref idref="fl-17"/>
      </object_component>
      <object_component id="oc-25a">
         <name>.debug_info</name>
         <load_address>0x8a80</load_address>
         <run_address>0x8a80</run_address>
         <size>0x1f6</size>
         <alignment>0x0</alignment>
         <input_file_ref idref="fl-17"/>
      </object_component>
      <object_component id="oc-25f">
         <name>.debug_info</name>
         <load_address>0x8c76</load_address>
         <run_address>0x8c76</run_address>
         <size>0x1f4</size>
         <alignment>0x0</alignment>
         <input_file_ref idref="fl-17"/>
      </object_component>
      <object_component id="oc-27c">
         <name>.debug_info</name>
         <load_address>0x8e6a</load_address>
         <run_address>0x8e6a</run_address>
         <size>0x227</size>
         <alignment>0x0</alignment>
         <input_file_ref idref="fl-17"/>
      </object_component>
      <object_component id="oc-278">
         <name>.debug_info</name>
         <load_address>0x9091</load_address>
         <run_address>0x9091</run_address>
         <size>0x227</size>
         <alignment>0x0</alignment>
         <input_file_ref idref="fl-17"/>
      </object_component>
      <object_component id="oc-282">
         <name>.debug_info</name>
         <load_address>0x92b8</load_address>
         <run_address>0x92b8</run_address>
         <size>0x296</size>
         <alignment>0x0</alignment>
         <input_file_ref idref="fl-17"/>
      </object_component>
      <object_component id="oc-2da">
         <name>.debug_info</name>
         <load_address>0x954e</load_address>
         <run_address>0x954e</run_address>
         <size>0x212</size>
         <alignment>0x0</alignment>
         <input_file_ref idref="fl-17"/>
      </object_component>
      <object_component id="oc-157">
         <name>.debug_info</name>
         <load_address>0x9760</load_address>
         <run_address>0x9760</run_address>
         <size>0x241</size>
         <alignment>0x0</alignment>
         <input_file_ref idref="fl-17"/>
      </object_component>
      <object_component id="oc-145">
         <name>.debug_info</name>
         <load_address>0x99a1</load_address>
         <run_address>0x99a1</run_address>
         <size>0x31b</size>
         <alignment>0x0</alignment>
         <input_file_ref idref="fl-17"/>
      </object_component>
      <object_component id="oc-245">
         <name>.debug_info</name>
         <load_address>0x9cbc</load_address>
         <run_address>0x9cbc</run_address>
         <size>0x24a</size>
         <alignment>0x0</alignment>
         <input_file_ref idref="fl-17"/>
      </object_component>
      <object_component id="oc-24b">
         <name>.debug_info</name>
         <load_address>0x9f06</load_address>
         <run_address>0x9f06</run_address>
         <size>0x21b</size>
         <alignment>0x0</alignment>
         <input_file_ref idref="fl-17"/>
      </object_component>
      <object_component id="oc-1e0">
         <name>.debug_info</name>
         <load_address>0xa121</load_address>
         <run_address>0xa121</run_address>
         <size>0x22f</size>
         <alignment>0x0</alignment>
         <input_file_ref idref="fl-17"/>
      </object_component>
      <object_component id="oc-165">
         <name>.debug_info</name>
         <load_address>0xa350</load_address>
         <run_address>0xa350</run_address>
         <size>0x21b</size>
         <alignment>0x0</alignment>
         <input_file_ref idref="fl-17"/>
      </object_component>
      <object_component id="oc-1e8">
         <name>.debug_info</name>
         <load_address>0xa56b</load_address>
         <run_address>0xa56b</run_address>
         <size>0x42e</size>
         <alignment>0x0</alignment>
         <input_file_ref idref="fl-17"/>
      </object_component>
      <object_component id="oc-6e">
         <name>.debug_info</name>
         <load_address>0xa999</load_address>
         <run_address>0xa999</run_address>
         <size>0x141</size>
         <alignment>0x0</alignment>
         <input_file_ref idref="fl-23"/>
      </object_component>
      <object_component id="oc-81">
         <name>.debug_info</name>
         <load_address>0xaada</load_address>
         <run_address>0xaada</run_address>
         <size>0x136</size>
         <alignment>0x0</alignment>
         <input_file_ref idref="fl-25"/>
      </object_component>
      <object_component id="oc-9a">
         <name>.debug_info</name>
         <load_address>0xac10</load_address>
         <run_address>0xac10</run_address>
         <size>0x1a8</size>
         <alignment>0x0</alignment>
         <input_file_ref idref="fl-26"/>
      </object_component>
      <object_component id="oc-46">
         <name>.debug_info</name>
         <load_address>0xadb8</load_address>
         <run_address>0xadb8</run_address>
         <size>0x19f</size>
         <alignment>0x0</alignment>
         <input_file_ref idref="fl-27"/>
      </object_component>
      <object_component id="oc-19">
         <name>.debug_info</name>
         <load_address>0xaf57</load_address>
         <run_address>0xaf57</run_address>
         <size>0x1a0</size>
         <alignment>0x0</alignment>
         <input_file_ref idref="fl-28"/>
      </object_component>
      <object_component id="oc-13">
         <name>.debug_info</name>
         <load_address>0xb0f7</load_address>
         <run_address>0xb0f7</run_address>
         <size>0x1f5</size>
         <alignment>0x0</alignment>
         <input_file_ref idref="fl-29"/>
      </object_component>
      <object_component id="oc-cf">
         <name>.debug_info</name>
         <load_address>0xb2ec</load_address>
         <run_address>0xb2ec</run_address>
         <size>0x187</size>
         <alignment>0x0</alignment>
         <input_file_ref idref="fl-2a"/>
      </object_component>
      <object_component id="oc-8d">
         <name>.debug_info</name>
         <load_address>0xb473</load_address>
         <run_address>0xb473</run_address>
         <size>0x192</size>
         <alignment>0x0</alignment>
         <input_file_ref idref="fl-2a"/>
      </object_component>
      <object_component id="oc-d2">
         <name>.debug_info</name>
         <load_address>0xb605</load_address>
         <run_address>0xb605</run_address>
         <size>0xf0</size>
         <alignment>0x0</alignment>
         <input_file_ref idref="fl-2b"/>
      </object_component>
      <object_component id="oc-1c3">
         <name>.debug_info</name>
         <load_address>0xb6f5</load_address>
         <run_address>0xb6f5</run_address>
         <size>0xf4</size>
         <alignment>0x0</alignment>
         <input_file_ref idref="fl-2b"/>
      </object_component>
      <object_component id="oc-127">
         <name>.debug_info</name>
         <load_address>0xb7e9</load_address>
         <run_address>0xb7e9</run_address>
         <size>0x1ec</size>
         <alignment>0x0</alignment>
         <input_file_ref idref="fl-2b"/>
      </object_component>
      <object_component id="oc-88">
         <name>.debug_info</name>
         <load_address>0xb9d5</load_address>
         <run_address>0xb9d5</run_address>
         <size>0x156</size>
         <alignment>0x0</alignment>
         <input_file_ref idref="fl-2c"/>
      </object_component>
      <object_component id="oc-3e">
         <name>.debug_info</name>
         <load_address>0xbb2b</load_address>
         <run_address>0xbb2b</run_address>
         <size>0x184</size>
         <alignment>0x0</alignment>
         <input_file_ref idref="fl-2f"/>
      </object_component>
      <object_component id="oc-dc">
         <name>.debug_info</name>
         <load_address>0xbcaf</load_address>
         <run_address>0xbcaf</run_address>
         <size>0x130</size>
         <alignment>0x0</alignment>
         <input_file_ref idref="fl-30"/>
      </object_component>
      <object_component id="oc-340">
         <name>.debug_info</name>
         <load_address>0xbddf</load_address>
         <run_address>0xbddf</run_address>
         <size>0xb8</size>
         <alignment>0x0</alignment>
      </object_component>
      <object_component id="oc-1be">
         <name>.debug_line</name>
         <load_address>0x0</load_address>
         <run_address>0x0</run_address>
         <size>0x3a</size>
         <alignment>0x0</alignment>
         <input_file_ref idref="fl-2"/>
      </object_component>
      <object_component id="oc-1b3">
         <name>.debug_line</name>
         <load_address>0x3a</load_address>
         <run_address>0x3a</run_address>
         <size>0x3a</size>
         <alignment>0x0</alignment>
         <input_file_ref idref="fl-2"/>
      </object_component>
      <object_component id="oc-1b8">
         <name>.debug_line</name>
         <load_address>0x74</load_address>
         <run_address>0x74</run_address>
         <size>0x78</size>
         <alignment>0x0</alignment>
         <input_file_ref idref="fl-2"/>
      </object_component>
      <object_component id="oc-113">
         <name>.debug_line</name>
         <load_address>0xec</load_address>
         <run_address>0xec</run_address>
         <size>0x79</size>
         <alignment>0x0</alignment>
         <input_file_ref idref="fl-2"/>
      </object_component>
      <object_component id="oc-117">
         <name>.debug_line</name>
         <load_address>0x165</load_address>
         <run_address>0x165</run_address>
         <size>0x7f</size>
         <alignment>0x0</alignment>
         <input_file_ref idref="fl-2"/>
      </object_component>
      <object_component id="oc-1ac">
         <name>.debug_line</name>
         <load_address>0x1e4</load_address>
         <run_address>0x1e4</run_address>
         <size>0x5a</size>
         <alignment>0x0</alignment>
         <input_file_ref idref="fl-2"/>
      </object_component>
      <object_component id="oc-107">
         <name>.debug_line</name>
         <load_address>0x23e</load_address>
         <run_address>0x23e</run_address>
         <size>0x61</size>
         <alignment>0x0</alignment>
         <input_file_ref idref="fl-2"/>
      </object_component>
      <object_component id="oc-cb">
         <name>.debug_line</name>
         <load_address>0x29f</load_address>
         <run_address>0x29f</run_address>
         <size>0x69</size>
         <alignment>0x0</alignment>
         <input_file_ref idref="fl-2"/>
      </object_component>
      <object_component id="oc-1c0">
         <name>.debug_line</name>
         <load_address>0x308</load_address>
         <run_address>0x308</run_address>
         <size>0x21</size>
         <alignment>0x0</alignment>
         <input_file_ref idref="fl-2"/>
      </object_component>
      <object_component id="oc-229">
         <name>.debug_line</name>
         <load_address>0x329</load_address>
         <run_address>0x329</run_address>
         <size>0x7f</size>
         <alignment>0x0</alignment>
         <input_file_ref idref="fl-3"/>
      </object_component>
      <object_component id="oc-22b">
         <name>.debug_line</name>
         <load_address>0x3a8</load_address>
         <run_address>0x3a8</run_address>
         <size>0x7f</size>
         <alignment>0x0</alignment>
         <input_file_ref idref="fl-3"/>
      </object_component>
      <object_component id="oc-21d">
         <name>.debug_line</name>
         <load_address>0x427</load_address>
         <run_address>0x427</run_address>
         <size>0x7d</size>
         <alignment>0x0</alignment>
         <input_file_ref idref="fl-3"/>
      </object_component>
      <object_component id="oc-21f">
         <name>.debug_line</name>
         <load_address>0x4a4</load_address>
         <run_address>0x4a4</run_address>
         <size>0x7d</size>
         <alignment>0x0</alignment>
         <input_file_ref idref="fl-3"/>
      </object_component>
      <object_component id="oc-2fe">
         <name>.debug_line</name>
         <load_address>0x521</load_address>
         <run_address>0x521</run_address>
         <size>0x78</size>
[...]
      <memory_area display="yes" color="green">
         <name>FLASH_BANK0_SEC11</name>
         <page_id>0x0</page_id>
         <origin>0x8b000</origin>
         <length>0x1000</length>
         <used_space>0x0</used_space>
         <unused_space>0x1000</unused_space>
         <attributes>RWIX</attributes>
         <usage_details>
         </usage_details>
      </memory_area>
      <memory_area display="yes" color="green">
         <name>FLASH_BANK0_SEC12</name>
         <page_id>0x0</page_id>
         <origin>0x8c000</origin>
         <length>0x1000</length>
         <used_space>0x0</used_space>
         <unused_space>0x1000</unused_space>
         <attributes>RWIX</attributes>
         <usage_details>
         </usage_details>
      </memory_area>
      <memory_area display="yes" color="green">
         <name>FLASH_BANK0_SEC13</name>
         <page_id>0x0</page_id>
         <origin>0x8d000</origin>
         <length>0x1000</length>
         <used_space>0x0</used_space>
         <unused_space>0x1000</unused_space>
         <attributes>RWIX</attributes>
         <usage_details>
         </usage_details>
      </memory_area>
      <memory_area display="yes" color="green">
         <name>FLASH_BANK0_SEC14</name>
         <page_id>0x0</page_id>
         <origin>0x8e000</origin>
         <length>0x1000</length>
         <used_space>0x0</used_space>
         <unused_space>0x1000</unused_space>
         <attributes>RWIX</attributes>
         <usage_details>
         </usage_details>
      </memory_area>
      <memory_area display="yes" color="green">
         <name>FLASH_BANK0_SEC15</name>
         <page_id>0x0</page_id>
         <origin>0x8f000</origin>
         <length>0x1000</length>
         <used_space>0x0</used_space>
         <unused_space>0x1000</unused_space>
         <attributes>RWIX</attributes>
         <usage_details>
         </usage_details>
      </memory_area>
      <memory_area display="yes" color="green">
         <name>FLASH_BANK1_SEC0</name>
         <page_id>0x0</page_id>
         <origin>0x90000</origin>
         <length>0x1000</length>
         <used_space>0x0</used_space>
         <unused_space>0x1000</unused_space>
         <attributes>RWIX</attributes>
         <usage_details>
         </usage_details>
      </memory_area>
      <memory_area display="yes" color="green">
         <name>FLASH_BANK1_SEC1</name>
         <page_id>0x0</page_id>
         <origin>0x91000</origin>
         <length>0x1000</length>
         <used_space>0x0</used_space>
         <unused_space>0x1000</unused_space>
         <attributes>RWIX</attributes>
         <usage_details>
         </usage_details>
      </memory_area>
      <memory_area display="yes" color="green">
         <name>FLASH_BANK1_SEC2</name>
         <page_id>0x0</page_id>
         <origin>0x92000</origin>
         <length>0x1000</length>
         <used_space>0x0</used_space>
         <unused_space>0x1000</unused_space>
         <attributes>RWIX</attributes>
         <usage_details>
         </usage_details>
      </memory_area>
      <memory_area display="yes" color="green">
         <name>FLASH_BANK1_SEC3</name>
         <page_id>0x0</page_id>
         <origin>0x93000</origin>
         <length>0x1000</length>
         <used_space>0x0</used_space>
         <unused_space>0x1000</unused_space>
         <attributes>RWIX</attributes>
         <usage_details>
         </usage_details>
      </memory_area>
      <memory_area display="yes" color="green">
         <name>FLASH_BANK1_SEC4</name>
         <page_id>0x0</page_id>
         <origin>0x94000</origin>
         <length>0x1000</length>
         <used_space>0x0</used_space>
         <unused_space>0x1000</unused_space>
         <attributes>RWIX</attributes>
         <usage_details>
         </usage_details>
      </memory_area>
      <memory_area display="yes" color="green">
         <name>FLASH_BANK1_SEC5</name>
         <page_id>0x0</page_id>
         <origin>0x95000</origin>
         <length>0x1000</length>
         <used_space>0x0</used_space>
         <unused_space>0x1000</unused_space>
         <attributes>RWIX</attributes>
         <usage_details>
         </usage_details>
      </memory_area>
      <memory_area display="yes" color="green">
         <name>FLASH_BANK1_SEC6</name>
         <page_id>0x0</page_id>
         <origin>0x96000</origin>
         <length>0x1000</length>
         <used_space>0x0</used_space>
         <unused_space>0x1000</unused_space>
         <attributes>RWIX</attributes>
         <usage_details>
         </usage_details>
      </memory_area>
      <memory_area display="yes" color="green">
         <name>FLASH_BANK1_SEC7</name>
         <page_id>0x0</page_id>
         <origin>0x97000</origin>
         <length>0x1000</length>
         <used_space>0x0</used_space>
         <unused_space>0x1000</unused_space>
         <attributes>RWIX</attributes>
         <usage_details>
         </usage_details>
      </memory_area>
      <memory_area display="yes" color="green">
         <name>FLASH_BANK1_SEC8</name>
         <page_id>0x0</page_id>
         <origin>0x98000</origin>
         <length>0x1000</length>
         <used_space>0x0</used_space>
         <unused_space>0x1000</unused_space>
         <attributes>RWIX</attributes>
         <usage_details>
         </usage_details>
      </memory_area>
      <memory_area display="yes" color="green">
         <name>FLASH_BANK1_SEC9</name>
         <page_id>0x0</page_id>
         <origin>0x99000</origin>
         <length>0x1000</length>
         <used_space>0x0</used_space>
         <unused_space>0x1000</unused_space>
         <attributes>RWIX</attributes>
         <usage_details>
         </usage_details>
      </memory_area>
      <memory_area display="yes" color="green">
         <name>FLASH_BANK1_SEC10</name>
         <page_id>0x0</page_id>
         <origin>0x9a000</origin>
         <length>0x1000</length>
         <used_space>0x0</used_space>
         <unused_space>0x1000</unused_space>
         <attributes>RWIX</attributes>
         <usage_details>
         </usage_details>
      </memory_area>
      <memory_area display="yes" color="green">
         <name>FLASH_BANK1_SEC11</name>
         <page_id>0x0</page_id>
         <origin>0x9b000</origin>
         <length>0x1000</length>
         <used_space>0x0</used_space>
         <unused_space>0x1000</unused_space>
         <attributes>RWIX</attributes>
         <usage_details>
         </usage_details>
      </memory_area>
      <memory_area display="yes" color="green">
         <name>FLASH_BANK1_SEC12</name>
         <page_id>0x0</page_id>
         <origin>0x9c000</origin>
         <length>0x1000</length>
         <used_space>0x0</used_space>
         <unused_space>0x1000</unused_space>
         <attributes>RWIX</attributes>
         <usage_details>
         </usage_details>
      </memory_area>
      <memory_area display="yes" color="green">
         <name>FLASH_BANK1_SEC13</name>
         <page_id>0x0</page_id>
         <origin>0x9d000</origin>
         <length>0x1000</length>
         <used_space>0x0</used_space>
         <unused_space>0x1000</unused_space>
         <attributes>RWIX</attributes>
         <usage_details>
         </usage_details>
      </memory_area>
      <memory_area display="yes" color="green">
         <name>FLASH_BANK1_SEC14</name>
         <page_id>0x0</page_id>
         <origin>0x9e000</origin>
         <length>0x1000</length>
         <used_space>0x0</used_space>
         <unused_space>0x1000</unused_space>
         <attributes>RWIX</attributes>
         <usage_details>
         </usage_details>
      </memory_area>
      <memory_area display="yes" color="green">
         <name>FLASH_BANK1_SEC15</name>
         <page_id>0x0</page_id>
         <origin>0x9f000</origin>
         <length>0xff0</length>
         <used_space>0x0</used_space>
         <unused_space>0xff0</unused_space>
         <attributes>RWIX</attributes>
         <usage_details>
         </usage_details>
      </memory_area>
      <memory_area display="no" color="green">
         <name>RESET</name>
         <page_id>0x0</page_id>
         <origin>0x3fffc0</origin>
         <length>0x2</length>
         <used_space>0x0</used_space>
         <unused_space>0x2</unused_space>
         <attributes>RWIX</attributes>
         <usage_details>
         </usage_details>
      </memory_area>
   </placement_map>
   <cptbl_list>
      <cptbl>
         <name>__TI_cinit_table</name>
         <cprec>
            <name>.data</name>
            <load_address>0xfa</load_address>
            <load_size>0xb</load_size>
            <run_address>0xa2d6</run_address>
            <run_size>0xe</run_size>
            <compression>lzss</compression>
         </cprec>
         <cprec>
            <name>.bss</name>
            <load_address>0x10c</load_address>
            <load_size>0x4</load_size>
            <run_address>0xa2e4</run_address>
            <run_size>0x8</run_size>
            <compression>zero_init</compression>
         </cprec>
      </cptbl>
   </cptbl_list>
   <handler_table>
      <handler_table_name>__TI_handler_table</handler_table_name>
      <handler>
         <index>0x0</index>
         <name>__TI_zero_init</name>
      </handler>
      <handler>
         <index>0x1</index>
         <name>__TI_decompress_lzss</name>
      </handler>
      <handler>
         <index>0x2</index>
         <name>__TI_decompress_none</name>
      </handler>
   </handler_table>
   <symbol_table>
      <symbol id="sm-1">
         <name>__TI_CINIT_Base</name>
         <value>0x110</value>
      </symbol>
      <symbol id="sm-2">
         <name>__TI_CINIT_Limit</name>
         <value>0x118</value>
      </symbol>
      <symbol id="sm-3">
         <name>__TI_CINIT_Warm</name>
         <value>0x118</value>
      </symbol>
      <symbol id="sm-4">
         <name>__TI_Handler_Table_Base</name>
         <value>0x106</value>
      </symbol>
      <symbol id="sm-5">
         <name>__TI_Handler_Table_Limit</name>
         <value>0x10c</value>
      </symbol>
      <symbol id="sm-6">
         <name>__TI_STACK_SIZE</name>
         <value>0x3f8</value>
      </symbol>
      <symbol id="sm-7">
         <name>__TI_STACK_END</name>
         <value>0x7f8</value>
      </symbol>
      <symbol id="sm-8">
         <name>__c_args__</name>
         <value>0xffffffff</value>
      </symbol>
      <symbol id="sm-9">
         <name>__TI_pprof_out_hndl</name>
         <value>0xffffffff</value>
      </symbol>
      <symbol id="sm-a">
         <name>__TI_prof_data_start</name>
         <value>0xffffffff</value>
      </symbol>
      <symbol id="sm-b">
         <name>__TI_prof_data_size</name>
         <value>0xffffffff</value>
      </symbol>
      <symbol id="sm-69">
         <name>voltageValue</name>
         <value>0xa2dd</value>
         <object_component_ref idref="oc-11b"/>
      </symbol>
      <symbol id="sm-6a">
         <name>makeChecksum</name>
         <value>0xcdf3</value>
         <object_component_ref idref="oc-1ab"/>
      </symbol>
      <symbol id="sm-6b">
         <name>currentValue</name>
         <value>0xa2de</value>
         <object_component_ref idref="oc-11b"/>
      </symbol>
      <symbol id="sm-6c">
         <name>main</name>
         <value>0xc994</value>
         <object_component_ref idref="oc-c6"/>
      </symbol>
      <symbol id="sm-6d">
         <name>txIndex</name>
         <value>0xa2dc</value>
         <object_component_ref idref="oc-11b"/>
      </symbol>
      <symbol id="sm-6e">
         <name>updatePacket</name>
         <value>0xc77b</value>
         <object_component_ref idref="oc-106"/>
      </symbol>
      <symbol id="sm-6f">
         <name>txPacket</name>
         <value>0xa2e4</value>
         <object_component_ref idref="oc-10c"/>
      </symbol>
      <symbol id="sm-fa">
         <name>SPI_init</name>
         <value>0xcebe</value>
         <object_component_ref idref="oc-1a3"/>
      </symbol>
      <symbol id="sm-fb">
         <name>mySPI0_init</name>
         <value>0xca26</value>
         <object_component_ref idref="oc-231"/>
      </symbol>
      <symbol id="sm-fc">
         <name>PinMux_init</name>
         <value>0xc87b</value>
         <object_component_ref idref="oc-197"/>
      </symbol>
      <symbol id="sm-fd">
         <name>Board_init</name>
         <value>0xce84</value>
         <object_component_ref idref="oc-100"/>
      </symbol>
      <symbol id="sm-fe">
         <name>SYSCTL_init</name>
         <value>0xc000</value>
         <object_component_ref idref="oc-19d"/>
      </symbol>
      <symbol id="sm-15e">
         <name>Device_initGPIO</name>
         <value>0xce14</value>
         <object_component_ref idref="oc-f4"/>
      </symbol>
      <symbol id="sm-15f">
         <name>Device_init</name>
         <value>0xc687</value>
         <object_component_ref idref="oc-ee"/>
      </symbol>
      <symbol id="sm-160">
         <name>__error__</name>
         <value>0xceb4</value>
         <object_component_ref idref="oc-15d"/>
      </symbol>
      <symbol id="sm-174">
         <name>generic_ram_lnk_init</name>
         <value>0xcec3</value>
         <object_component_ref idref="oc-1d0"/>
      </symbol>
      <symbol id="sm-175">
         <name>CMD_init</name>
         <value>0xcebb</value>
         <object_component_ref idref="oc-13e"/>
      </symbol>
      <symbol id="sm-185">
         <name>code_start</name>
         <value>0x0</value>
         <object_component_ref idref="oc-1c"/>
      </symbol>
      <symbol id="sm-1cc">
         <name>GPIO_setQualificationMode</name>
         <value>0xc927</value>
         <object_component_ref idref="oc-211"/>
      </symbol>
      <symbol id="sm-1cd">
         <name>GPIO_setPadConfig</name>
         <value>0xc6dc</value>
         <object_component_ref idref="oc-175"/>
      </symbol>
      <symbol id="sm-1ce">
         <name>GPIO_setAnalogMode</name>
         <value>0xc8b6</value>
         <object_component_ref idref="oc-181"/>
      </symbol>
      <symbol id="sm-1cf">
         <name>GPIO_setDirectionMode</name>
         <value>0xc9c7</value>
         <object_component_ref idref="oc-17b"/>
      </symbol>
      <symbol id="sm-1d0">
         <name>GPIO_setPinConfig</name>
         <value>0xc8f0</value>
         <object_component_ref idref="oc-20b"/>
      </symbol>
      <symbol id="sm-20a">
         <name>Interrupt_defaultHandler</name>
         <value>0xcc57</value>
         <object_component_ref idref="oc-21"/>
      </symbol>
      <symbol id="sm-20b">
         <name>Interrupt_initModule</name>
         <value>0xc83e</value>
         <object_component_ref idref="oc-fa"/>
      </symbol>
      <symbol id="sm-20c">
         <name>Interrupt_nmiHandler</name>
         <value>0xce7a</value>
         <object_component_ref idref="oc-33"/>
      </symbol>
      <symbol id="sm-20d">
         <name>Interrupt_initVectorTable</name>
         <value>0xcb2e</value>
         <object_component_ref idref="oc-26"/>
      </symbol>
      <symbol id="sm-20e">
         <name>Interrupt_illegalOperationHandler</name>
         <value>0xce70</value>
         <object_component_ref idref="oc-2d"/>
      </symbol>
      <symbol id="sm-22e">
         <name>SPI_setConfig</name>
         <value>0xc62b</value>
         <object_component_ref idref="oc-2b4"/>
      </symbol>
      <symbol id="sm-341">
         <name>SysCtl_isPLLValid</name>
         <value>0xc49d</value>
         <object_component_ref idref="oc-1e6"/>
      </symbol>
      <symbol id="sm-342">
         <name>SysCtl_delay</name>
         <value>0xf6</value>
         <object_component_ref idref="oc-1e5"/>
      </symbol>
      <symbol id="sm-343">
         <name>SysCtl_selectXTALSingleEnded</name>
         <value>0xcaa7</value>
         <object_component_ref idref="oc-24a"/>
      </symbol>
      <symbol id="sm-344">
         <name>SysCtl_selectXTAL</name>
         <value>0xc7fe</value>
         <object_component_ref idref="oc-244"/>
      </symbol>
      <symbol id="sm-345">
         <name>SysCtl_selectOscSource</name>
         <value>0xc72e</value>
         <object_component_ref idref="oc-1df"/>
      </symbol>
      <symbol id="sm-346">
         <name>SysCtl_getLowSpeedClock</name>
         <value>0xcb9c</value>
         <object_component_ref idref="oc-163"/>
      </symbol>
      <symbol id="sm-347">
         <name>SysCtl_setClock</name>
         <value>0xc3d5</value>
         <object_component_ref idref="oc-144"/>
      </symbol>
      <symbol id="sm-348">
         <name>SysCtl_getClock</name>
         <value>0xc5cd</value>
         <object_component_ref idref="oc-156"/>
      </symbol>
      <symbol id="sm-352">
         <name>_c_int00</name>
         <value>0xcc14</value>
         <object_component_ref idref="oc-6c"/>
      </symbol>
      <symbol id="sm-353">
         <name>__stack</name>
         <value>0x400</value>
         <object_component_ref idref="oc-39"/>
      </symbol>
      <symbol id="sm-361">
         <name>_system_pre_init</name>
         <value>0xcec1</value>
         <object_component_ref idref="oc-7d"/>
      </symbol>
      <symbol id="sm-370">
         <name>__TI_auto_init_nobinit_nopinit</name>
         <value>0xca53</value>
         <object_component_ref idref="oc-96"/>
      </symbol>
      <symbol id="sm-37f">
         <name>__TI_zero_init_nomemset</name>
         <value>0xce4d</value>
         <object_component_ref idref="oc-44"/>
      </symbol>
      <symbol id="sm-38c">
         <name>__TI_decompress_none</name>
         <value>0xce96</value>
         <object_component_ref idref="oc-15"/>
      </symbol>
      <symbol id="sm-3a0">
         <name>__TI_decompress_lzss</name>
         <value>0xc9f8</value>
         <object_component_ref idref="oc-f"/>
      </symbol>
      <symbol id="sm-3b6">
         <name>C$$EXIT</name>
         <value>0xca7e</value>
         <object_component_ref idref="oc-8a"/>
      </symbol>
      <symbol id="sm-3b7">
         <name>abort</name>
         <value>0xca7e</value>
         <object_component_ref idref="oc-8a"/>
      </symbol>
      <symbol id="sm-3b8">
         <name>exit</name>
         <value>0xca80</value>
         <object_component_ref idref="oc-8a"/>
      </symbol>
      <symbol id="sm-3b9">
         <name>__TI_dtors_ptr</name>
         <value>0xa2da</value>
         <object_component_ref idref="oc-ce"/>
      </symbol>
      <symbol id="sm-3ba">
         <name>__TI_cleanup_ptr</name>
         <value>0xa2d8</value>
         <object_component_ref idref="oc-ce"/>
      </symbol>
      <symbol id="sm-3bb">
         <name>__TI_enable_exit_profile_output</name>
         <value>0xa2d6</value>
         <object_component_ref idref="oc-ce"/>
      </symbol>
      <symbol id="sm-3d2">
         <name>_nop</name>
         <value>0xce95</value>
         <object_component_ref idref="oc-125"/>
      </symbol>
      <symbol id="sm-3d3">
         <name>_lock</name>
         <value>0xa2e0</value>
         <object_component_ref idref="oc-d1"/>
      </symbol>
      <symbol id="sm-3d4">
         <name>_unlock</name>
         <value>0xa2e2</value>
         <object_component_ref idref="oc-1c2"/>
      </symbol>
      <symbol id="sm-3d5">
         <name>_register_lock</name>
         <value>0xce91</value>
         <object_component_ref idref="oc-125"/>
      </symbol>
      <symbol id="sm-3d6">
         <name>_register_unlock</name>
         <value>0xce8d</value>
         <object_component_ref idref="oc-125"/>
      </symbol>
      <symbol id="sm-3e5">
         <name>_args_main</name>
         <value>0xcdae</value>
         <object_component_ref idref="oc-84"/>
      </symbol>
      <symbol id="sm-3f9">
         <name>memcpy</name>
         <value>0xcaf0</value>
         <object_component_ref idref="oc-3c"/>
      </symbol>
      <symbol id="sm-406">
         <name>_system_post_cinit</name>
         <value>0xcec4</value>
         <object_component_ref idref="oc-d9"/>
      </symbol>
   </symbol_table>
   <title>Link successful</title>
</link_info>
