<?xml version="1.0" encoding="ISO-8859-1" ?>
<link_info>
   <banner>TMS320C2000 Linker PC v25.11.0.LTS</banner>
   <copyright>Copyright (c) 1996-2018 Texas Instruments Incorporated</copyright>
   <command_line>C:\ti\ccs2051\ccs\tools\compiler\ti-cgt-c2000_25.11.0.LTS\bin\lnk2000.exe -lC:\\Users\\202406~1\\AppData\\Local\\Temp\\{08F8E0A5-609B-4F26-9F7C-138667A68025}</command_line>
   <link_time>0x6a007f48</link_time>
   <link_errors>0x0</link_errors>
   <output_file>C:\Users\20240620-LapTop\workspace_ccstheia\ReGrid Project\CPU1_FLASH\ReGrid Project.out</output_file>
   <entry_point>
      <name>code_start</name>
      <address>0x80000</address>
   </entry_point>
   <input_file_list>
      <input_file id="fl-2">
         <path>C:\Users\20240620-LapTop\workspace_ccstheia\ReGrid Project\CPU1_FLASH\.\</path>
         <kind>object</kind>
         <file>ReGrid_main.obj</file>
         <name>ReGrid_main.obj</name>
      </input_file>
      <input_file id="fl-3">
         <path>C:\Users\20240620-LapTop\workspace_ccstheia\ReGrid Project\CPU1_FLASH\.\syscfg\</path>
         <kind>object</kind>
         <file>board.obj</file>
         <name>board.obj</name>
      </input_file>
      <input_file id="fl-4">
         <path>C:\Users\20240620-LapTop\workspace_ccstheia\ReGrid Project\CPU1_FLASH\.\syscfg\</path>
         <kind>object</kind>
         <file>device.obj</file>
         <name>device.obj</name>
      </input_file>
      <input_file id="fl-5">
         <path>C:\Users\20240620-LapTop\workspace_ccstheia\ReGrid Project\CPU1_FLASH\.\syscfg\</path>
         <kind>object</kind>
         <file>device_cmd.obj</file>
         <name>device_cmd.obj</name>
      </input_file>
      <input_file id="fl-6">
         <path>C:\Users\20240620-LapTop\workspace_ccstheia\ReGrid Project\CPU1_FLASH\.\syscfg\</path>
         <kind>object</kind>
         <file>c2000ware_libraries.obj</file>
         <name>c2000ware_libraries.obj</name>
      </input_file>
      <input_file id="fl-7">
         <path>C:\Users\20240620-LapTop\workspace_ccstheia\ReGrid Project\CPU1_FLASH\.\</path>
         <kind>object</kind>
         <file>f28004x_codestartbranch.obj</file>
         <name>f28004x_codestartbranch.obj</name>
      </input_file>
      <input_file id="fl-f">
         <path>C:\Users\20240620-LapTop\workspace_ccstheia\ReGrid Project\CPU1_FLASH\</path>
         <kind>object</kind>
         <file>&lt;internal&gt;</file>
         <name>&lt;internal&gt;</name>
      </input_file>
      <input_file id="fl-13">
         <path>C:\ti\C2000Ware_26_00_00_00\driverlib\f28004x\driverlib\ccs\Debug\</path>
         <kind>archive</kind>
         <file>driverlib_eabi.lib</file>
         <name>dcc.obj</name>
      </input_file>
      <input_file id="fl-14">
         <path>C:\ti\C2000Ware_26_00_00_00\driverlib\f28004x\driverlib\ccs\Debug\</path>
         <kind>archive</kind>
         <file>driverlib_eabi.lib</file>
         <name>flash.obj</name>
      </input_file>
      <input_file id="fl-15">
         <path>C:\ti\C2000Ware_26_00_00_00\driverlib\f28004x\driverlib\ccs\Debug\</path>
         <kind>archive</kind>
         <file>driverlib_eabi.lib</file>
         <name>gpio.obj</name>
      </input_file>
      <input_file id="fl-16">
         <path>C:\ti\C2000Ware_26_00_00_00\driverlib\f28004x\driverlib\ccs\Debug\</path>
         <kind>archive</kind>
         <file>driverlib_eabi.lib</file>
         <name>interrupt.obj</name>
      </input_file>
      <input_file id="fl-17">
         <path>C:\ti\C2000Ware_26_00_00_00\driverlib\f28004x\driverlib\ccs\Debug\</path>
         <kind>archive</kind>
         <file>driverlib_eabi.lib</file>
         <name>sci.obj</name>
      </input_file>
      <input_file id="fl-18">
         <path>C:\ti\C2000Ware_26_00_00_00\driverlib\f28004x\driverlib\ccs\Debug\</path>
         <kind>archive</kind>
         <file>driverlib_eabi.lib</file>
         <name>spi.obj</name>
      </input_file>
      <input_file id="fl-19">
         <path>C:\ti\C2000Ware_26_00_00_00\driverlib\f28004x\driverlib\ccs\Debug\</path>
         <kind>archive</kind>
         <file>driverlib_eabi.lib</file>
         <name>sysctl.obj</name>
      </input_file>
      <input_file id="fl-25">
         <path>C:\ti\ccs2051\ccs\tools\compiler\ti-cgt-c2000_25.11.0.LTS\lib\</path>
         <kind>archive</kind>
         <file>rts2800_fpu32_eabi.lib</file>
         <name>boot28.asm.obj</name>
      </input_file>
      <input_file id="fl-26">
         <path>C:\ti\ccs2051\ccs\tools\compiler\ti-cgt-c2000_25.11.0.LTS\lib\</path>
         <kind>archive</kind>
         <file>rts2800_fpu32_eabi.lib</file>
         <name>fs_div28.asm.obj</name>
      </input_file>
      <input_file id="fl-27">
         <path>C:\ti\ccs2051\ccs\tools\compiler\ti-cgt-c2000_25.11.0.LTS\lib\</path>
         <kind>archive</kind>
         <file>rts2800_fpu32_eabi.lib</file>
         <name>u_div28.asm.obj</name>
      </input_file>
      <input_file id="fl-28">
         <path>C:\ti\ccs2051\ccs\tools\compiler\ti-cgt-c2000_25.11.0.LTS\lib\</path>
         <kind>archive</kind>
         <file>rts2800_fpu32_eabi.lib</file>
         <name>pre_init.c.obj</name>
      </input_file>
      <input_file id="fl-29">
         <path>C:\ti\ccs2051\ccs\tools\compiler\ti-cgt-c2000_25.11.0.LTS\lib\</path>
         <kind>archive</kind>
         <file>rts2800_fpu32_eabi.lib</file>
         <name>autoinit.c.obj</name>
      </input_file>
      <input_file id="fl-2a">
         <path>C:\ti\ccs2051\ccs\tools\compiler\ti-cgt-c2000_25.11.0.LTS\lib\</path>
         <kind>archive</kind>
         <file>rts2800_fpu32_eabi.lib</file>
         <name>copy_zero_init.c.obj</name>
      </input_file>
      <input_file id="fl-2b">
         <path>C:\ti\ccs2051\ccs\tools\compiler\ti-cgt-c2000_25.11.0.LTS\lib\</path>
         <kind>archive</kind>
         <file>rts2800_fpu32_eabi.lib</file>
         <name>copy_decompress_none.c.obj</name>
      </input_file>
      <input_file id="fl-2c">
         <path>C:\ti\ccs2051\ccs\tools\compiler\ti-cgt-c2000_25.11.0.LTS\lib\</path>
         <kind>archive</kind>
         <file>rts2800_fpu32_eabi.lib</file>
         <name>copy_decompress_lzss.c.obj</name>
      </input_file>
      <input_file id="fl-2d">
         <path>C:\ti\ccs2051\ccs\tools\compiler\ti-cgt-c2000_25.11.0.LTS\lib\</path>
         <kind>archive</kind>
         <file>rts2800_fpu32_eabi.lib</file>
         <name>exit.c.obj</name>
      </input_file>
      <input_file id="fl-2e">
         <path>C:\ti\ccs2051\ccs\tools\compiler\ti-cgt-c2000_25.11.0.LTS\lib\</path>
         <kind>archive</kind>
         <file>rts2800_fpu32_eabi.lib</file>
         <name>_lock.c.obj</name>
      </input_file>
      <input_file id="fl-2f">
         <path>C:\ti\ccs2051\ccs\tools\compiler\ti-cgt-c2000_25.11.0.LTS\lib\</path>
         <kind>archive</kind>
         <file>rts2800_fpu32_eabi.lib</file>
         <name>args_main.c.obj</name>
      </input_file>
      <input_file id="fl-30">
         <path>C:\ti\ccs2051\ccs\tools\compiler\ti-cgt-c2000_25.11.0.LTS\lib\</path>
         <kind>archive</kind>
         <file>rts2800_fpu32_eabi.lib</file>
         <name>memset.c.obj</name>
      </input_file>
      <input_file id="fl-31">
         <path>C:\ti\ccs2051\ccs\tools\compiler\ti-cgt-c2000_25.11.0.LTS\lib\</path>
         <kind>archive</kind>
         <file>rts2800_fpu32_eabi.lib</file>
         <name>cpy_tbl.c.obj</name>
      </input_file>
      <input_file id="fl-32">
         <path>C:\ti\ccs2051\ccs\tools\compiler\ti-cgt-c2000_25.11.0.LTS\lib\</path>
         <kind>archive</kind>
         <file>rts2800_fpu32_eabi.lib</file>
         <name>memcpy.c.obj</name>
      </input_file>
      <input_file id="fl-33">
         <path>C:\ti\ccs2051\ccs\tools\compiler\ti-cgt-c2000_25.11.0.LTS\lib\</path>
         <kind>archive</kind>
         <file>rts2800_fpu32_eabi.lib</file>
         <name>startup.c.obj</name>
      </input_file>
   </input_file_list>
   <object_component_list>
      <object_component id="oc-1e">
         <name>codestart</name>
         <load_address>0x80000</load_address>
         <readonly>true</readonly>
         <executable>true</executable>
         <run_address>0x80000</run_address>
         <size>0x2</size>
         <alignment>0x1</alignment>
         <input_file_ref idref="fl-7"/>
      </object_component>
      <object_component id="oc-1a0">
         <name>.text:SYSCTL_init</name>
         <load_address>0x82000</load_address>
         <readonly>true</readonly>
         <executable>true</executable>
         <run_address>0x82000</run_address>
         <size>0x3d5</size>
         <alignment>0x1</alignment>
         <input_file_ref idref="fl-3"/>
      </object_component>
      <object_component id="oc-14d">
         <name>.text:SysCtl_setClock</name>
         <load_address>0x823d5</load_address>
         <readonly>true</readonly>
         <executable>true</executable>
         <run_address>0x823d5</run_address>
         <size>0xc8</size>
         <alignment>0x1</alignment>
         <input_file_ref idref="fl-19"/>
      </object_component>
      <object_component id="oc-26e">
         <name>.text:SysCtl_isPLLValid</name>
         <load_address>0x8249d</load_address>
         <readonly>true</readonly>
         <executable>true</executable>
         <run_address>0x8249d</run_address>
         <size>0xbd</size>
         <alignment>0x1</alignment>
         <input_file_ref idref="fl-19"/>
      </object_component>
      <object_component id="oc-1f1">
         <name>.text</name>
         <load_address>0x8255a</load_address>
         <readonly>true</readonly>
         <executable>true</executable>
         <run_address>0x8255a</run_address>
         <size>0x88</size>
         <alignment>0x1</alignment>
         <input_file_ref idref="fl-26"/>
      </object_component>
      <object_component id="oc-33a">
         <name>.text:DCC_setCounterSeeds</name>
         <load_address>0x825e2</load_address>
         <readonly>true</readonly>
         <executable>true</executable>
         <run_address>0x825e2</run_address>
         <size>0x73</size>
         <alignment>0x1</alignment>
         <input_file_ref idref="fl-19"/>
      </object_component>
      <object_component id="oc-10e">
         <name>.text:readSensors</name>
         <load_address>0x82655</load_address>
         <readonly>true</readonly>
         <executable>true</executable>
         <run_address>0x82655</run_address>
         <size>0x72</size>
         <alignment>0x1</alignment>
         <input_file_ref idref="fl-2"/>
      </object_component>
      <object_component id="oc-15f">
         <name>.text:SysCtl_getClock</name>
         <load_address>0x826c7</load_address>
         <readonly>true</readonly>
         <executable>true</executable>
         <run_address>0x826c7</run_address>
         <size>0x5e</size>
         <alignment>0x1</alignment>
         <input_file_ref idref="fl-19"/>
      </object_component>
      <object_component id="oc-f0">
         <name>.text:Device_init</name>
         <load_address>0x82725</load_address>
         <readonly>true</readonly>
         <executable>true</executable>
         <run_address>0x82725</run_address>
         <size>0x5c</size>
         <alignment>0x1</alignment>
         <input_file_ref idref="fl-4"/>
      </object_component>
      <object_component id="oc-3b0">
         <name>.text:SPI_setConfig</name>
         <load_address>0x82781</load_address>
         <readonly>true</readonly>
         <executable>true</executable>
         <run_address>0x82781</run_address>
         <size>0x5c</size>
         <alignment>0x1</alignment>
         <input_file_ref idref="fl-18"/>
      </object_component>
      <object_component id="oc-19a">
         <name>.text:PinMux_init</name>
         <load_address>0x827dd</load_address>
         <readonly>true</readonly>
         <executable>true</executable>
         <run_address>0x827dd</run_address>
         <size>0x57</size>
         <alignment>0x1</alignment>
         <input_file_ref idref="fl-3"/>
      </object_component>
      <object_component id="oc-178">
         <name>.text:GPIO_setPadConfig</name>
         <load_address>0x82834</load_address>
         <readonly>true</readonly>
         <executable>true</executable>
         <run_address>0x82834</run_address>
         <size>0x52</size>
         <alignment>0x1</alignment>
         <input_file_ref idref="fl-15"/>
      </object_component>
      <object_component id="oc-268">
         <name>.text:SysCtl_selectOscSource</name>
         <load_address>0x82886</load_address>
         <readonly>true</readonly>
         <executable>true</executable>
         <run_address>0x82886</run_address>
         <size>0x4d</size>
         <alignment>0x1</alignment>
         <input_file_ref idref="fl-19"/>
      </object_component>
      <object_component id="oc-1c6">
         <name>.text:ADC_setupSOC</name>
         <load_address>0x828d3</load_address>
         <readonly>true</readonly>
         <executable>true</executable>
         <run_address>0x828d3</run_address>
         <size>0x46</size>
         <alignment>0x1</alignment>
         <input_file_ref idref="fl-2"/>
      </object_component>
      <object_component id="oc-367">
         <name>.text:SCI_clearInterruptStatus</name>
         <load_address>0x82919</load_address>
         <readonly>true</readonly>
         <executable>true</executable>
         <run_address>0x82919</run_address>
         <size>0x45</size>
         <alignment>0x1</alignment>
         <input_file_ref idref="fl-17"/>
      </object_component>
      <object_component id="oc-3e4">
         <name>.text:SysCtl_pollX1Counter</name>
         <load_address>0x8295e</load_address>
         <readonly>true</readonly>
         <executable>true</executable>
         <run_address>0x8295e</run_address>
         <size>0x40</size>
         <alignment>0x1</alignment>
         <input_file_ref idref="fl-19"/>
      </object_component>
      <object_component id="oc-2fd">
         <name>.text:SysCtl_selectXTAL</name>
         <load_address>0x8299e</load_address>
         <readonly>true</readonly>
         <executable>true</executable>
         <run_address>0x8299e</run_address>
         <size>0x40</size>
         <alignment>0x1</alignment>
         <input_file_ref idref="fl-19"/>
      </object_component>
      <object_component id="oc-385">
         <name>.text:SCI_setConfig</name>
         <load_address>0x829de</load_address>
         <readonly>true</readonly>
         <executable>true</executable>
         <run_address>0x829de</run_address>
         <size>0x3e</size>
         <alignment>0x1</alignment>
         <input_file_ref idref="fl-17"/>
      </object_component>
      <object_component id="oc-fc">
         <name>.text:Interrupt_initModule</name>
         <load_address>0x82a1c</load_address>
         <readonly>true</readonly>
         <executable>true</executable>
         <run_address>0x82a1c</run_address>
         <size>0x3d</size>
         <alignment>0x1</alignment>
         <input_file_ref idref="fl-16"/>
      </object_component>
      <object_component id="oc-2b8">
         <name>.text:mySCI0_init</name>
         <load_address>0x82a59</load_address>
         <readonly>true</readonly>
         <executable>true</executable>
         <run_address>0x82a59</run_address>
         <size>0x3d</size>
         <alignment>0x1</alignment>
         <input_file_ref idref="fl-3"/>
      </object_component>
      <object_component id="oc-184">
         <name>.text:GPIO_setAnalogMode</name>
         <load_address>0x82a96</load_address>
         <readonly>true</readonly>
         <executable>true</executable>
         <run_address>0x82a96</run_address>
         <size>0x3a</size>
         <alignment>0x1</alignment>
         <input_file_ref idref="fl-15"/>
      </object_component>
      <object_component id="oc-108">
         <name>.text:initADC</name>
         <load_address>0x82ad0</load_address>
         <readonly>true</readonly>
         <executable>true</executable>
         <run_address>0x82ad0</run_address>
         <size>0x38</size>
         <alignment>0x1</alignment>
         <input_file_ref idref="fl-2"/>
      </object_component>
      <object_component id="oc-292">
         <name>.text:GPIO_setPinConfig</name>
         <load_address>0x82b08</load_address>
         <readonly>true</readonly>
         <executable>true</executable>
         <run_address>0x82b08</run_address>
         <size>0x37</size>
         <alignment>0x1</alignment>
         <input_file_ref idref="fl-15"/>
      </object_component>
      <object_component id="oc-298">
         <name>.text:GPIO_setQualificationMode</name>
         <load_address>0x82b3f</load_address>
         <readonly>true</readonly>
         <executable>true</executable>
         <run_address>0x82b3f</run_address>
         <size>0x37</size>
         <alignment>0x1</alignment>
         <input_file_ref idref="fl-15"/>
      </object_component>
      <object_component id="oc-159">
         <name>.text:CAN_selectClockSource</name>
         <load_address>0x82b76</load_address>
         <readonly>true</readonly>
         <executable>true</executable>
         <run_address>0x82b76</run_address>
         <size>0x36</size>
         <alignment>0x1</alignment>
         <input_file_ref idref="fl-4"/>
      </object_component>
      <object_component id="oc-202">
         <name>.text:SCI_sendUint</name>
         <load_address>0x82bac</load_address>
         <readonly>true</readonly>
         <executable>true</executable>
         <run_address>0x82bac</run_address>
         <size>0x35</size>
         <alignment>0x1</alignment>
         <input_file_ref idref="fl-2"/>
      </object_component>
      <object_component id="oc-17e">
         <name>.text:GPIO_setDirectionMode</name>
         <load_address>0x82be1</load_address>
         <readonly>true</readonly>
         <executable>true</executable>
         <run_address>0x82be1</run_address>
         <size>0x31</size>
         <alignment>0x1</alignment>
         <input_file_ref idref="fl-15"/>
      </object_component>
      <object_component id="oc-1cc">
         <name>.text:ADC_setInterruptSource</name>
         <load_address>0x82c12</load_address>
         <readonly>true</readonly>
         <executable>true</executable>
         <run_address>0x82c12</run_address>
         <size>0x2f</size>
         <alignment>0x1</alignment>
         <input_file_ref idref="fl-2"/>
      </object_component>
      <object_component id="oc-11">
         <name>.text:decompress:lzss</name>
         <load_address>0x82c41</load_address>
         <readonly>true</readonly>
         <executable>true</executable>
         <run_address>0x82c41</run_address>
         <size>0x2e</size>
         <alignment>0x1</alignment>
         <input_file_ref idref="fl-2c"/>
      </object_component>
      <object_component id="oc-2bf">
         <name>.text:mySPI0_init</name>
         <load_address>0x82c6f</load_address>
         <readonly>true</readonly>
         <executable>true</executable>
         <run_address>0x82c6f</run_address>
         <size>0x2d</size>
         <alignment>0x1</alignment>
         <input_file_ref idref="fl-3"/>
      </object_component>
      <object_component id="oc-c8">
         <name>.text:main</name>
         <load_address>0x82c9c</load_address>
         <readonly>true</readonly>
         <executable>true</executable>
         <run_address>0x82c9c</run_address>
         <size>0x2c</size>
         <alignment>0x1</alignment>
         <input_file_ref idref="fl-2"/>
      </object_component>
      <object_component id="oc-98">
         <name>.text:__TI_auto_init_nobinit_nopinit</name>
         <load_address>0x82cc8</load_address>
         <readonly>true</readonly>
         <executable>true</executable>
         <run_address>0x82cc8</run_address>
         <size>0x2b</size>
         <alignment>0x1</alignment>
         <input_file_ref idref="fl-29"/>
      </object_component>
      <object_component id="oc-8c">
         <name>.text</name>
         <load_address>0x82cf3</load_address>
         <readonly>true</readonly>
         <executable>true</executable>
         <run_address>0x82cf3</run_address>
         <size>0x29</size>
         <alignment>0x1</alignment>
         <input_file_ref idref="fl-2d"/>
      </object_component>
      <object_component id="oc-397">
         <name>.text:SCI_setFIFOInterruptLevel</name>
         <load_address>0x82d1c</load_address>
         <readonly>true</readonly>
         <executable>true</executable>
         <run_address>0x82d1c</run_address>
         <size>0x26</size>
         <alignment>0x1</alignment>
         <input_file_ref idref="fl-3"/>
      </object_component>
      <object_component id="oc-303">
         <name>.text:SysCtl_selectXTALSingleEnded</name>
         <load_address>0x82d42</load_address>
         <readonly>true</readonly>
         <executable>true</executable>
         <run_address>0x82d42</run_address>
         <size>0x25</size>
         <alignment>0x1</alignment>
         <input_file_ref idref="fl-19"/>
      </object_component>
      <object_component id="oc-340">
         <name>.text:DCC_enableSingleShotMode</name>
         <load_address>0x82d67</load_address>
         <readonly>true</readonly>
         <executable>true</executable>
         <run_address>0x82d67</run_address>
         <size>0x24</size>
         <alignment>0x1</alignment>
         <input_file_ref idref="fl-19"/>
      </object_component>
      <object_component id="oc-1d2">
         <name>.text:ADC_enableInterrupt</name>
         <load_address>0x82d8b</load_address>
         <readonly>true</readonly>
         <executable>true</executable>
         <run_address>0x82d8b</run_address>
         <size>0x20</size>
         <alignment>0x1</alignment>
         <input_file_ref idref="fl-2"/>
      </object_component>
      <object_component id="oc-3e">
         <name>.text</name>
         <load_address>0x82dab</load_address>
         <readonly>true</readonly>
         <executable>true</executable>
         <run_address>0x82dab</run_address>
         <size>0x20</size>
         <alignment>0x1</alignment>
         <input_file_ref idref="fl-32"/>
      </object_component>
      <object_component id="oc-11a">
         <name>.text:sendReGridData</name>
         <load_address>0x82dcb</load_address>
         <readonly>true</readonly>
         <executable>true</executable>
         <run_address>0x82dcb</run_address>
         <size>0x1f</size>
         <alignment>0x1</alignment>
         <input_file_ref idref="fl-2"/>
      </object_component>
      <object_component id="oc-334">
         <name>.text:DCC_setCounter1ClkSource</name>
         <load_address>0x82dea</load_address>
         <readonly>true</readonly>
         <executable>true</executable>
         <run_address>0x82dea</run_address>
         <size>0x1e</size>
         <alignment>0x1</alignment>
         <input_file_ref idref="fl-19"/>
      </object_component>
      <object_component id="oc-25">
         <name>.text:Interrupt_initVectorTable</name>
         <load_address>0x82e08</load_address>
         <readonly>true</readonly>
         <executable>true</executable>
         <run_address>0x82e08</run_address>
         <size>0x1e</size>
         <alignment>0x1</alignment>
         <input_file_ref idref="fl-16"/>
      </object_component>
      <object_component id="oc-1e5">
         <name>.text:ADC_getInterruptStatus</name>
         <load_address>0x82e26</load_address>
         <readonly>true</readonly>
         <executable>true</executable>
         <run_address>0x82e26</run_address>
         <size>0x1d</size>
         <alignment>0x1</alignment>
         <input_file_ref idref="fl-2"/>
      </object_component>
      <object_component id="oc-39d">
         <name>.text:SCI_enableFIFO</name>
         <load_address>0x82e43</load_address>
         <readonly>true</readonly>
         <executable>true</executable>
         <run_address>0x82e43</run_address>
         <size>0x1d</size>
         <alignment>0x1</alignment>
         <input_file_ref idref="fl-3"/>
      </object_component>
      <object_component id="oc-32e">
         <name>.text:DCC_setCounter0ClkSource</name>
         <load_address>0x82e60</load_address>
         <readonly>true</readonly>
         <executable>true</executable>
         <run_address>0x82e60</run_address>
         <size>0x1c</size>
         <alignment>0x1</alignment>
         <input_file_ref idref="fl-19"/>
      </object_component>
      <object_component id="oc-114">
         <name>.text:classifyFault</name>
         <load_address>0x82e7c</load_address>
         <readonly>true</readonly>
         <executable>true</executable>
         <run_address>0x82e7c</run_address>
         <size>0x1b</size>
         <alignment>0x1</alignment>
         <input_file_ref idref="fl-2"/>
      </object_component>
      <object_component id="oc-1eb">
         <name>.text:ADC_readResult</name>
         <load_address>0x82e97</load_address>
         <readonly>true</readonly>
         <executable>true</executable>
         <run_address>0x82e97</run_address>
         <size>0x1a</size>
         <alignment>0x1</alignment>
         <input_file_ref idref="fl-2"/>
      </object_component>
      <object_component id="oc-3c8">
         <name>.text:SPI_setEmulationMode</name>
         <load_address>0x82eb1</load_address>
         <readonly>true</readonly>
         <executable>true</executable>
         <run_address>0x82eb1</run_address>
         <size>0x1a</size>
         <alignment>0x1</alignment>
         <input_file_ref idref="fl-3"/>
      </object_component>
      <object_component id="oc-3b6">
         <name>.text:SPI_setPTESignalPolarity</name>
         <load_address>0x82ecb</load_address>
         <readonly>true</readonly>
         <executable>true</executable>
         <run_address>0x82ecb</run_address>
         <size>0x1a</size>
         <alignment>0x1</alignment>
         <input_file_ref idref="fl-3"/>
      </object_component>
      <object_component id="oc-16c">
         <name>.text:SysCtl_getLowSpeedClock</name>
         <load_address>0x82ee5</load_address>
         <readonly>true</readonly>
         <executable>true</executable>
         <run_address>0x82ee5</run_address>
         <size>0x1a</size>
         <alignment>0x1</alignment>
         <input_file_ref idref="fl-19"/>
      </object_component>
      <object_component id="oc-2dc">
         <name>.text:SCI_writeCharBlockingFIFO</name>
         <load_address>0x82eff</load_address>
         <readonly>true</readonly>
         <executable>true</executable>
         <run_address>0x82eff</run_address>
         <size>0x19</size>
         <alignment>0x1</alignment>
         <input_file_ref idref="fl-2"/>
      </object_component>
      <object_component id="oc-41f">
         <name>.text:SCI_disableModule</name>
         <load_address>0x82f18</load_address>
         <readonly>true</readonly>
         <executable>true</executable>
         <run_address>0x82f18</run_address>
         <size>0x18</size>
         <alignment>0x1</alignment>
         <input_file_ref idref="fl-17"/>
      </object_component>
      <object_component id="oc-391">
         <name>.text:SCI_performSoftwareReset</name>
         <load_address>0x82f30</load_address>
         <readonly>true</readonly>
         <executable>true</executable>
         <run_address>0x82f30</run_address>
         <size>0x18</size>
         <alignment>0x1</alignment>
         <input_file_ref idref="fl-3"/>
      </object_component>
      <object_component id="oc-40c">
         <name>.text:SCI_performSoftwareReset</name>
         <load_address>0x82f48</load_address>
         <readonly>true</readonly>
         <executable>true</executable>
         <run_address>0x82f48</run_address>
         <size>0x18</size>
         <alignment>0x1</alignment>
         <input_file_ref idref="fl-17"/>
      </object_component>
      <object_component id="oc-37f">
         <name>.text:SCI_resetChannels</name>
         <load_address>0x82f60</load_address>
         <readonly>true</readonly>
         <executable>true</executable>
         <run_address>0x82f60</run_address>
         <size>0x18</size>
         <alignment>0x1</alignment>
         <input_file_ref idref="fl-3"/>
      </object_component>
      <object_component id="oc-379">
         <name>.text:SCI_resetRxFIFO</name>
         <load_address>0x82f78</load_address>
         <readonly>true</readonly>
         <executable>true</executable>
         <run_address>0x82f78</run_address>
         <size>0x18</size>
         <alignment>0x1</alignment>
         <input_file_ref idref="fl-3"/>
      </object_component>
      <object_component id="oc-373">
         <name>.text:SCI_resetTxFIFO</name>
         <load_address>0x82f90</load_address>
         <readonly>true</readonly>
         <executable>true</executable>
         <run_address>0x82f90</run_address>
         <size>0x18</size>
         <alignment>0x1</alignment>
         <input_file_ref idref="fl-3"/>
      </object_component>
      <object_component id="oc-3bc">
         <name>.text:SPI_disableFIFO</name>
         <load_address>0x82fa8</load_address>
         <readonly>true</readonly>
         <executable>true</executable>
         <run_address>0x82fa8</run_address>
         <size>0x18</size>
         <alignment>0x1</alignment>
         <input_file_ref idref="fl-3"/>
      </object_component>
      <object_component id="oc-2b1">
         <name>.text:SysCtl_disablePeripheral</name>
         <load_address>0x82fc0</load_address>
         <readonly>true</readonly>
         <executable>true</executable>
         <run_address>0x82fc0</run_address>
         <size>0x18</size>
         <alignment>0x1</alignment>
         <input_file_ref idref="fl-3"/>
      </object_component>
      <object_component id="oc-1df">
         <name>.text:ADC_forceSOC</name>
         <load_address>0x82fd8</load_address>
         <readonly>true</readonly>
         <executable>true</executable>
         <run_address>0x82fd8</run_address>
         <size>0x17</size>
         <alignment>0x1</alignment>
         <input_file_ref idref="fl-2"/>
      </object_component>
      <object_component id="oc-38b">
         <name>.text:SCI_disableLoopback</name>
         <load_address>0x82fef</load_address>
         <readonly>true</readonly>
         <executable>true</executable>
         <run_address>0x82fef</run_address>
         <size>0x11</size>
         <alignment>0x1</alignment>
         <input_file_ref idref="fl-3"/>
      </object_component>
      <object_component id="oc-2c9">
         <name>.text:ADC_isBaseValid</name>
         <load_address>0x83000</load_address>
         <readonly>true</readonly>
         <executable>true</executable>
         <run_address>0x83000</run_address>
         <size>0x17</size>
         <alignment>0x1</alignment>
         <input_file_ref idref="fl-2"/>
      </object_component>
      <object_component id="oc-2ab">
         <name>.text:SysCtl_enablePeripheral</name>
         <load_address>0x83017</load_address>
         <readonly>true</readonly>
         <executable>true</executable>
         <run_address>0x83017</run_address>
         <size>0x17</size>
         <alignment>0x1</alignment>
         <input_file_ref idref="fl-3"/>
      </object_component>
      <object_component id="oc-30a">
         <name>.text:SysCtl_enablePeripheral</name>
         <load_address>0x8302e</load_address>
         <readonly>true</readonly>
         <executable>true</executable>
         <run_address>0x8302e</run_address>
         <size>0x17</size>
         <alignment>0x1</alignment>
         <input_file_ref idref="fl-19"/>
      </object_component>
      <object_component id="oc-6e">
         <name>.text</name>
         <load_address>0x83045</load_address>
         <readonly>true</readonly>
         <executable>true</executable>
         <run_address>0x83045</run_address>
         <size>0x17</size>
         <alignment>0x1</alignment>
         <input_file_ref idref="fl-25"/>
      </object_component>
      <object_component id="oc-1c0">
         <name>.text:ADC_setInterruptPulseMode</name>
         <load_address>0x8305c</load_address>
         <readonly>true</readonly>
         <executable>true</executable>
         <run_address>0x8305c</run_address>
         <size>0x16</size>
         <alignment>0x1</alignment>
         <input_file_ref idref="fl-2"/>
      </object_component>
      <object_component id="oc-1b4">
         <name>.text:ADC_setPrescaler</name>
         <load_address>0x83072</load_address>
         <readonly>true</readonly>
         <executable>true</executable>
         <run_address>0x83072</run_address>
         <size>0x16</size>
         <alignment>0x1</alignment>
         <input_file_ref idref="fl-2"/>
      </object_component>
      <object_component id="oc-328">
         <name>.text:DCC_disableDoneSignal</name>
         <load_address>0x83088</load_address>
         <readonly>true</readonly>
         <executable>true</executable>
         <run_address>0x83088</run_address>
         <size>0x16</size>
         <alignment>0x1</alignment>
         <input_file_ref idref="fl-19"/>
      </object_component>
      <object_component id="oc-34c">
         <name>.text:DCC_enableDoneSignal</name>
         <load_address>0x8309e</load_address>
         <readonly>true</readonly>
         <executable>true</executable>
         <run_address>0x8309e</run_address>
         <size>0x16</size>
         <alignment>0x1</alignment>
         <input_file_ref idref="fl-19"/>
      </object_component>
      <object_component id="oc-23">
         <name>.text:Interrupt_defaultHandler</name>
         <load_address>0x830b4</load_address>
         <readonly>true</readonly>
         <executable>true</executable>
         <run_address>0x830b4</run_address>
         <size>0x16</size>
         <alignment>0x1</alignment>
         <input_file_ref idref="fl-16"/>
      </object_component>
      <object_component id="oc-277">
         <name>.text:CAN_isBaseValid</name>
         <load_address>0x830ca</load_address>
         <readonly>true</readonly>
         <executable>true</executable>
         <run_address>0x830ca</run_address>
         <size>0x15</size>
         <alignment>0x1</alignment>
         <input_file_ref idref="fl-4"/>
      </object_component>
      <object_component id="oc-316">
         <name>.text:DCC_clearDoneFlag</name>
         <load_address>0x830df</load_address>
         <readonly>true</readonly>
         <executable>true</executable>
         <run_address>0x830df</run_address>
         <size>0x15</size>
         <alignment>0x1</alignment>
         <input_file_ref idref="fl-19"/>
      </object_component>
      <object_component id="oc-310">
         <name>.text:DCC_clearErrorFlag</name>
         <load_address>0x830f4</load_address>
         <readonly>true</readonly>
         <executable>true</executable>
         <run_address>0x830f4</run_address>
         <size>0x15</size>
         <alignment>0x1</alignment>
         <input_file_ref idref="fl-19"/>
      </object_component>
      <object_component id="oc-322">
         <name>.text:DCC_disableErrorSignal</name>
         <load_address>0x83109</load_address>
         <readonly>true</readonly>
         <executable>true</executable>
         <run_address>0x83109</run_address>
         <size>0x15</size>
         <alignment>0x1</alignment>
         <input_file_ref idref="fl-19"/>
      </object_component>
      <object_component id="oc-346">
         <name>.text:DCC_enableErrorSignal</name>
         <load_address>0x8311e</load_address>
         <readonly>true</readonly>
         <executable>true</executable>
         <run_address>0x8311e</run_address>
         <size>0x15</size>
         <alignment>0x1</alignment>
         <input_file_ref idref="fl-19"/>
      </object_component>
      <object_component id="oc-18c">
         <name>.text:GPIO_unlockPortConfig</name>
         <load_address>0x83133</load_address>
         <readonly>true</readonly>
         <executable>true</executable>
         <run_address>0x83133</run_address>
         <size>0x15</size>
         <alignment>0x1</alignment>
         <input_file_ref idref="fl-4"/>
      </object_component>
      <object_component id="oc-1d8">
         <name>.text:ADC_clearInterruptStatus</name>
         <load_address>0x83148</load_address>
         <readonly>true</readonly>
         <executable>true</executable>
         <run_address>0x83148</run_address>
         <size>0x14</size>
         <alignment>0x1</alignment>
         <input_file_ref idref="fl-2"/>
      </object_component>
      <object_component id="oc-31c">
         <name>.text:DCC_disableModule</name>
         <load_address>0x8315c</load_address>
         <readonly>true</readonly>
         <executable>true</executable>
         <run_address>0x8315c</run_address>
         <size>0x14</size>
         <alignment>0x1</alignment>
         <input_file_ref idref="fl-19"/>
      </object_component>
      <object_component id="oc-352">
         <name>.text:DCC_enableModule</name>
         <load_address>0x83170</load_address>
         <readonly>true</readonly>
         <executable>true</executable>
         <run_address>0x83170</run_address>
         <size>0x14</size>
         <alignment>0x1</alignment>
         <input_file_ref idref="fl-19"/>
      </object_component>
      <object_component id="oc-282">
         <name>.text:GPIO_isPinValid</name>
         <load_address>0x83184</load_address>
         <readonly>true</readonly>
         <executable>true</executable>
         <run_address>0x83184</run_address>
         <size>0x14</size>
         <alignment>0x1</alignment>
         <input_file_ref idref="fl-15"/>
      </object_component>
      <object_component id="oc-3dc">
         <name>.text:SCI_getTxFIFOStatus</name>
         <load_address>0x83198</load_address>
         <readonly>true</readonly>
         <executable>true</executable>
         <run_address>0x83198</run_address>
         <size>0x14</size>
         <alignment>0x1</alignment>
         <input_file_ref idref="fl-2"/>
      </object_component>
      <object_component id="oc-2a5">
         <name>.text:SysCtl_setPeripheralAccessControl</name>
         <load_address>0x831ac</load_address>
         <readonly>true</readonly>
         <executable>true</executable>
         <run_address>0x831ac</run_address>
         <size>0x14</size>
         <alignment>0x1</alignment>
         <input_file_ref idref="fl-3"/>
      </object_component>
      <object_component id="oc-1ba">
         <name>.text:ADC_enableConverter</name>
         <load_address>0x831c0</load_address>
         <readonly>true</readonly>
         <executable>true</executable>
         <run_address>0x831c0</run_address>
         <size>0x13</size>
         <alignment>0x1</alignment>
         <input_file_ref idref="fl-2"/>
      </object_component>
      <object_component id="oc-36d">
         <name>.text:SCI_clearOverflowStatus</name>
         <load_address>0x831d3</load_address>
         <readonly>true</readonly>
         <executable>true</executable>
         <run_address>0x831d3</run_address>
         <size>0x13</size>
         <alignment>0x1</alignment>
         <input_file_ref idref="fl-3"/>
      </object_component>
      <object_component id="oc-3a3">
         <name>.text:SCI_enableModule</name>
         <load_address>0x831e6</load_address>
         <readonly>true</readonly>
         <executable>true</executable>
         <run_address>0x831e6</run_address>
         <size>0x13</size>
         <alignment>0x1</alignment>
         <input_file_ref idref="fl-3"/>
      </object_component>
      <object_component id="oc-425">
         <name>.text:SCI_enableModule</name>
         <load_address>0x831f9</load_address>
         <readonly>true</readonly>
         <executable>true</executable>
         <run_address>0x831f9</run_address>
         <size>0x13</size>
         <alignment>0x1</alignment>
         <input_file_ref idref="fl-17"/>
      </object_component>
      <object_component id="oc-3d6">
         <name>.text:SCI_isBaseValid</name>
         <load_address>0x8320c</load_address>
         <readonly>true</readonly>
         <executable>true</executable>
         <run_address>0x8320c</run_address>
         <size>0x13</size>
         <alignment>0x1</alignment>
         <input_file_ref idref="fl-2"/>
      </object_component>
      <object_component id="oc-414">
         <name>.text:SCI_isBaseValid</name>
         <load_address>0x8321f</load_address>
         <readonly>true</readonly>
         <executable>true</executable>
         <run_address>0x8321f</run_address>
         <size>0x13</size>
         <alignment>0x1</alignment>
         <input_file_ref idref="fl-3"/>
      </object_component>
      <object_component id="oc-405">
         <name>.text:SCI_isBaseValid</name>
         <load_address>0x83232</load_address>
         <readonly>true</readonly>
         <executable>true</executable>
         <run_address>0x83232</run_address>
         <size>0x13</size>
         <alignment>0x1</alignment>
         <input_file_ref idref="fl-17"/>
      </object_component>
      <object_component id="oc-431">
         <name>.text:SPI_isBaseValid</name>
         <load_address>0x83245</load_address>
         <readonly>true</readonly>
         <executable>true</executable>
         <run_address>0x83245</run_address>
         <size>0x13</size>
         <alignment>0x1</alignment>
         <input_file_ref idref="fl-3"/>
      </object_component>
      <object_component id="oc-438">
         <name>.text:SPI_isBaseValid</name>
         <load_address>0x83258</load_address>
         <readonly>true</readonly>
         <executable>true</executable>
         <run_address>0x83258</run_address>
         <size>0x13</size>
         <alignment>0x1</alignment>
         <input_file_ref idref="fl-18"/>
      </object_component>
      <object_component id="oc-86">
         <name>.text</name>
         <load_address>0x8326b</load_address>
         <readonly>true</readonly>
         <executable>true</executable>
         <run_address>0x8326b</run_address>
         <size>0x12</size>
         <alignment>0x1</alignment>
         <input_file_ref idref="fl-2f"/>
      </object_component>
      <object_component id="oc-3c2">
         <name>.text:SPI_disableLoopback</name>
         <load_address>0x8327d</load_address>
         <readonly>true</readonly>
         <executable>true</executable>
         <run_address>0x8327d</run_address>
         <size>0x11</size>
         <alignment>0x1</alignment>
         <input_file_ref idref="fl-3"/>
      </object_component>
      <object_component id="oc-3aa">
         <name>.text:SPI_disableModule</name>
         <load_address>0x8328e</load_address>
         <readonly>true</readonly>
         <executable>true</executable>
         <run_address>0x8328e</run_address>
         <size>0x11</size>
         <alignment>0x1</alignment>
         <input_file_ref idref="fl-3"/>
      </object_component>
      <object_component id="oc-3ce">
         <name>.text:SPI_enableModule</name>
         <load_address>0x8329f</load_address>
         <readonly>true</readonly>
         <executable>true</executable>
         <run_address>0x8329f</run_address>
         <size>0x11</size>
         <alignment>0x1</alignment>
         <input_file_ref idref="fl-3"/>
      </object_component>
      <object_component id="oc-3f3">
         <name>.text:DCC_isBaseValid</name>
         <load_address>0x832b0</load_address>
         <readonly>true</readonly>
         <executable>true</executable>
         <run_address>0x832b0</run_address>
         <size>0x10</size>
         <alignment>0x1</alignment>
         <input_file_ref idref="fl-19"/>
      </object_component>
      <object_component id="oc-f6">
         <name>.text:Device_initGPIO</name>
         <load_address>0x832c0</load_address>
         <readonly>true</readonly>
         <executable>true</executable>
         <run_address>0x832c0</run_address>
         <size>0x10</size>
         <alignment>0x1</alignment>
         <input_file_ref idref="fl-4"/>
      </object_component>
      <object_component id="oc-222">
         <name>.text:Flash_isCtrlBaseValid</name>
         <load_address>0x832d0</load_address>
         <readonly>true</readonly>
         <executable>true</executable>
         <run_address>0x832d0</run_address>
         <size>0x10</size>
         <alignment>0x1</alignment>
         <input_file_ref idref="fl-14"/>
      </object_component>
      <object_component id="oc-229">
         <name>.text:Flash_isECCBaseValid</name>
         <load_address>0x832e0</load_address>
         <readonly>true</readonly>
         <executable>true</executable>
         <run_address>0x832e0</run_address>
         <size>0x10</size>
         <alignment>0x1</alignment>
         <input_file_ref idref="fl-14"/>
      </object_component>
      <object_component id="oc-1fc">
         <name>.text:SCI_sendString</name>
         <load_address>0x832f0</load_address>
         <readonly>true</readonly>
         <executable>true</executable>
         <run_address>0x832f0</run_address>
         <size>0x10</size>
         <alignment>0x1</alignment>
         <input_file_ref idref="fl-2"/>
      </object_component>
      <object_component id="oc-172">
         <name>.text:ASysCtl_disableDCDC</name>
         <load_address>0x83300</load_address>
         <readonly>true</readonly>
         <executable>true</executable>
         <run_address>0x83300</run_address>
         <size>0xf</size>
         <alignment>0x1</alignment>
         <input_file_ref idref="fl-4"/>
      </object_component>
      <object_component id="oc-193">
         <name>.text:Interrupt_disableGlobal</name>
         <load_address>0x8330f</load_address>
         <readonly>true</readonly>
         <executable>true</executable>
         <run_address>0x8330f</run_address>
         <size>0xd</size>
         <alignment>0x1</alignment>
         <input_file_ref idref="fl-16"/>
      </object_component>
      <object_component id="oc-153">
         <name>.text:SysCtl_setLowSpeedClock</name>
         <load_address>0x8331c</load_address>
         <readonly>true</readonly>
         <executable>true</executable>
         <run_address>0x8331c</run_address>
         <size>0xd</size>
         <alignment>0x1</alignment>
         <input_file_ref idref="fl-4"/>
      </object_component>
      <object_component id="oc-46">
         <name>.text:decompress:ZI:__TI_zero_init_nomemset</name>
         <load_address>0x83329</load_address>
         <readonly>true</readonly>
         <executable>true</executable>
         <run_address>0x83329</run_address>
         <size>0xd</size>
         <alignment>0x1</alignment>
         <input_file_ref idref="fl-2a"/>
      </object_component>
      <object_component id="oc-102">
         <name>.text:Board_init</name>
         <load_address>0x83336</load_address>
         <readonly>true</readonly>
         <executable>true</executable>
         <run_address>0x83336</run_address>
         <size>0xb</size>
         <alignment>0x1</alignment>
         <input_file_ref idref="fl-3"/>
      </object_component>
      <object_component id="oc-13b">
         <name>.text:SysCtl_disableWatchdog</name>
         <load_address>0x83341</load_address>
         <readonly>true</readonly>
         <executable>true</executable>
         <run_address>0x83341</run_address>
         <size>0xb</size>
         <alignment>0x1</alignment>
         <input_file_ref idref="fl-4"/>
      </object_component>
      <object_component id="oc-262">
         <name>.text:SysCtl_isMCDClockFailureDetected</name>
         <load_address>0x8334c</load_address>
         <readonly>true</readonly>
         <executable>true</executable>
         <run_address>0x8334c</run_address>
         <size>0xb</size>
         <alignment>0x1</alignment>
         <input_file_ref idref="fl-19"/>
      </object_component>
      <object_component id="oc-2e3">
         <name>.text</name>
         <load_address>0x83357</load_address>
         <readonly>true</readonly>
         <executable>true</executable>
         <run_address>0x83357</run_address>
         <size>0xb</size>
         <alignment>0x1</alignment>
         <input_file_ref idref="fl-27"/>
      </object_component>
      <object_component id="oc-2f">
         <name>.text:Interrupt_illegalOperationHandler</name>
         <load_address>0x83362</load_address>
         <readonly>true</readonly>
         <executable>true</executable>
         <run_address>0x83362</run_address>
         <size>0xa</size>
         <alignment>0x1</alignment>
         <input_file_ref idref="fl-16"/>
      </object_component>
      <object_component id="oc-35">
         <name>.text:Interrupt_nmiHandler</name>
         <load_address>0x8336c</load_address>
         <readonly>true</readonly>
         <executable>true</executable>
         <run_address>0x8336c</run_address>
         <size>0xa</size>
         <alignment>0x1</alignment>
         <input_file_ref idref="fl-16"/>
      </object_component>
      <object_component id="oc-128">
         <name>.text</name>
         <load_address>0x83376</load_address>
         <readonly>true</readonly>
         <executable>true</executable>
         <run_address>0x83376</run_address>
         <size>0x9</size>
         <alignment>0x1</alignment>
         <input_file_ref idref="fl-2e"/>
      </object_component>
      <object_component id="oc-17">
         <name>.text:decompress:none</name>
         <load_address>0x8337f</load_address>
         <readonly>true</readonly>
         <executable>true</executable>
         <run_address>0x8337f</run_address>
         <size>0x8</size>
         <alignment>0x1</alignment>
         <input_file_ref idref="fl-2b"/>
      </object_component>
      <object_component id="oc-52">
         <name>.text</name>
         <load_address>0x83387</load_address>
         <readonly>true</readonly>
         <executable>true</executable>
         <run_address>0x83387</run_address>
         <size>0x8</size>
         <alignment>0x1</alignment>
         <input_file_ref idref="fl-7"/>
      </object_component>
      <object_component id="oc-29f">
         <name>.text:SysCtl_disableMCD</name>
         <load_address>0x8338f</load_address>
         <readonly>true</readonly>
         <executable>true</executable>
         <run_address>0x8338f</run_address>
         <size>0x7</size>
         <alignment>0x1</alignment>
         <input_file_ref idref="fl-3"/>
      </object_component>
      <object_component id="oc-3ea">
         <name>.text:SysCtl_resetMCD</name>
         <load_address>0x83396</load_address>
         <readonly>true</readonly>
         <executable>true</executable>
         <run_address>0x83396</run_address>
         <size>0x7</size>
         <alignment>0x1</alignment>
         <input_file_ref idref="fl-19"/>
      </object_component>
      <object_component id="oc-166">
         <name>.text:__error__</name>
         <load_address>0x8339d</load_address>
         <readonly>true</readonly>
         <executable>true</executable>
         <run_address>0x8339d</run_address>
         <size>0x7</size>
         <alignment>0x1</alignment>
         <input_file_ref idref="fl-4"/>
      </object_component>
      <object_component id="oc-141">
         <name>.text:CMD_init</name>
         <load_address>0x833a4</load_address>
         <readonly>true</readonly>
         <executable>true</executable>
         <run_address>0x833a4</run_address>
         <size>0x3</size>
         <alignment>0x1</alignment>
         <input_file_ref idref="fl-5"/>
      </object_component>
      <object_component id="oc-1a6">
         <name>.text:SCI_init</name>
         <load_address>0x833a7</load_address>
         <readonly>true</readonly>
         <executable>true</executable>
         <run_address>0x833a7</run_address>
         <size>0x3</size>
         <alignment>0x1</alignment>
         <input_file_ref idref="fl-3"/>
      </object_component>
      <object_component id="oc-1ac">
         <name>.text:SPI_init</name>
         <load_address>0x833aa</load_address>
         <readonly>true</readonly>
         <executable>true</executable>
         <run_address>0x833aa</run_address>
         <size>0x3</size>
         <alignment>0x1</alignment>
         <input_file_ref idref="fl-3"/>
      </object_component>
      <object_component id="oc-7f">
         <name>.text</name>
         <load_address>0x833ad</load_address>
         <readonly>true</readonly>
         <executable>true</executable>
         <run_address>0x833ad</run_address>
         <size>0x2</size>
         <alignment>0x1</alignment>
         <input_file_ref idref="fl-28"/>
      </object_component>
      <object_component id="oc-21a">
         <name>.text:generic_flash_lnk_init</name>
         <load_address>0x833af</load_address>
         <readonly>true</readonly>
         <executable>true</executable>
         <run_address>0x833af</run_address>
         <size>0x1</size>
         <alignment>0x1</alignment>
         <input_file_ref idref="fl-5"/>
      </object_component>
      <object_component id="oc-db">
         <name>.text</name>
         <load_address>0x833b0</load_address>
         <readonly>true</readonly>
         <executable>true</executable>
         <run_address>0x833b0</run_address>
         <size>0x1</size>
         <alignment>0x1</alignment>
         <input_file_ref idref="fl-33"/>
      </object_component>
      <object_component id="oc-147">
         <name>.TI.ramfunc:Flash_initModule</name>
         <load_address>0x81000</load_address>
         <readonly>true</readonly>
         <executable>true</executable>
         <run_address>0x81000</run_address>
         <size>0x44</size>
         <alignment>0x1</alignment>
         <input_file_ref idref="fl-14"/>
      </object_component>
      <object_component id="oc-22f">
         <name>.TI.ramfunc:Flash_setBankPowerMode</name>
         <load_address>0x81044</load_address>
         <readonly>true</readonly>
         <executable>true</executable>
         <run_address>0x81044</run_address>
         <size>0x2c</size>
         <alignment>0x1</alignment>
         <input_file_ref idref="fl-14"/>
      </object_component>
      <object_component id="oc-247">
         <name>.TI.ramfunc:Flash_setWaitstates</name>
         <load_address>0x81070</load_address>
         <readonly>true</readonly>
         <executable>true</executable>
         <run_address>0x81070</run_address>
         <size>0x24</size>
         <alignment>0x1</alignment>
         <input_file_ref idref="fl-14"/>
      </object_component>
      <object_component id="oc-235">
         <name>.TI.ramfunc:Flash_setPumpPowerMode</name>
         <load_address>0x81094</load_address>
         <readonly>true</readonly>
         <executable>true</executable>
         <run_address>0x81094</run_address>
         <size>0x1d</size>
         <alignment>0x1</alignment>
         <input_file_ref idref="fl-14"/>
      </object_component>
      <object_component id="oc-23b">
         <name>.TI.ramfunc:Flash_disableCache</name>
         <load_address>0x810b1</load_address>
         <readonly>true</readonly>
         <executable>true</executable>
         <run_address>0x810b1</run_address>
         <size>0x18</size>
         <alignment>0x1</alignment>
         <input_file_ref idref="fl-14"/>
      </object_component>
      <object_component id="oc-241">
         <name>.TI.ramfunc:Flash_disablePrefetch</name>
         <load_address>0x810c9</load_address>
         <readonly>true</readonly>
         <executable>true</executable>
         <run_address>0x810c9</run_address>
         <size>0x18</size>
         <alignment>0x1</alignment>
         <input_file_ref idref="fl-14"/>
      </object_component>
      <object_component id="oc-24d">
         <name>.TI.ramfunc:Flash_enableCache</name>
         <load_address>0x810e1</load_address>
         <readonly>true</readonly>
         <executable>true</executable>
         <run_address>0x810e1</run_address>
         <size>0x17</size>
         <alignment>0x1</alignment>
         <input_file_ref idref="fl-14"/>
      </object_component>
      <object_component id="oc-253">
         <name>.TI.ramfunc:Flash_enablePrefetch</name>
         <load_address>0x810f8</load_address>
         <readonly>true</readonly>
         <executable>true</executable>
         <run_address>0x810f8</run_address>
         <size>0x17</size>
         <alignment>0x1</alignment>
         <input_file_ref idref="fl-14"/>
      </object_component>
      <object_component id="oc-259">
         <name>.TI.ramfunc:Flash_enableECC</name>
         <load_address>0x8110f</load_address>
         <readonly>true</readonly>
         <executable>true</executable>
         <run_address>0x8110f</run_address>
         <size>0x16</size>
         <alignment>0x1</alignment>
         <input_file_ref idref="fl-14"/>
      </object_component>
      <object_component id="oc-120">
         <name>.TI.ramfunc</name>
         <load_address>0x81125</load_address>
         <readonly>true</readonly>
         <executable>true</executable>
         <run_address>0x81125</run_address>
         <size>0x4</size>
         <alignment>0x1</alignment>
         <input_file_ref idref="fl-19"/>
      </object_component>
      <object_component id="oc-47f">
         <name>.cinit..data.load</name>
         <load_address>0x81130</load_address>
         <readonly>true</readonly>
         <run_address>0x81130</run_address>
         <size>0x9</size>
         <alignment>0x1</alignment>
      </object_component>
      <object_component id="oc-47c">
         <name>__TI_handler_table</name>
         <load_address>0x8113a</load_address>
         <readonly>true</readonly>
         <run_address>0x8113a</run_address>
         <size>0x6</size>
         <alignment>0x2</alignment>
      </object_component>
      <object_component id="oc-47e">
         <name>.cinit..bss.load</name>
         <load_address>0x81140</load_address>
         <readonly>true</readonly>
         <run_address>0x81140</run_address>
         <size>0x4</size>
         <alignment>0x2</alignment>
      </object_component>
      <object_component id="oc-47d">
         <name>__TI_cinit_table</name>
         <load_address>0x81144</load_address>
         <readonly>true</readonly>
         <run_address>0x81144</run_address>
         <size>0x8</size>
         <alignment>0x2</alignment>
      </object_component>
      <object_component id="oc-3b">
         <name>.stack</name>
         <uninitialized>true</uninitialized>
         <readwrite>true</readwrite>
         <run_address>0x400</run_address>
         <size>0x0</size>
         <alignment>0x1</alignment>
         <input_file_ref idref="fl-25"/>
      </object_component>
      <object_component id="oc-480">
         <name>.stack</name>
         <uninitialized>true</uninitialized>
         <readwrite>true</readwrite>
         <run_address>0x400</run_address>
         <size>0x0</size>
         <alignment>0x2</alignment>
      </object_component>
      <object_component id="oc-1f6">
         <name>.bss</name>
         <uninitialized>true</uninitialized>
         <readwrite>true</readwrite>
         <run_address>0xa80a</run_address>
         <size>0x2</size>
         <alignment>0x1</alignment>
         <input_file_ref idref="fl-2"/>
      </object_component>
      <object_component id="oc-228">
         <name>.const:.string</name>
         <load_address>0x84000</load_address>
         <readonly>true</readonly>
         <run_address>0x84000</run_address>
         <size>0x9b</size>
         <alignment>0x2</alignment>
         <input_file_ref idref="fl-14"/>
      </object_component>
      <object_component id="oc-261">
         <name>.const:.string</name>
         <load_address>0x8409c</load_address>
         <readonly>true</readonly>
         <run_address>0x8409c</run_address>
         <size>0x9a</size>
         <alignment>0x2</alignment>
         <input_file_ref idref="fl-19"/>
      </object_component>
      <object_component id="oc-288">
         <name>.const:.string</name>
         <load_address>0x84136</load_address>
         <readonly>true</readonly>
         <run_address>0x84136</run_address>
         <size>0x98</size>
         <alignment>0x2</alignment>
         <input_file_ref idref="fl-15"/>
      </object_component>
      <object_component id="oc-40b">
         <name>.const:.string</name>
         <load_address>0x841ce</load_address>
         <readonly>true</readonly>
         <run_address>0x841ce</run_address>
         <size>0x97</size>
         <alignment>0x2</alignment>
         <input_file_ref idref="fl-17"/>
      </object_component>
      <object_component id="oc-43e">
         <name>.const:.string</name>
         <load_address>0x84266</load_address>
         <readonly>true</readonly>
         <run_address>0x84266</run_address>
         <size>0x97</size>
         <alignment>0x2</alignment>
         <input_file_ref idref="fl-18"/>
      </object_component>
      <object_component id="oc-165">
         <name>.const:.string</name>
         <load_address>0x842fe</load_address>
         <readonly>true</readonly>
         <run_address>0x842fe</run_address>
         <size>0x90</size>
         <alignment>0x2</alignment>
         <input_file_ref idref="fl-4"/>
      </object_component>
      <object_component id="oc-1fb">
         <name>.const:.string</name>
         <load_address>0x8438e</load_address>
         <readonly>true</readonly>
         <run_address>0x8438e</run_address>
         <size>0x8f</size>
         <alignment>0x2</alignment>
         <input_file_ref idref="fl-2"/>
      </object_component>
      <object_component id="oc-41a">
         <name>.const:.string</name>
         <load_address>0x8441e</load_address>
         <readonly>true</readonly>
         <run_address>0x8441e</run_address>
         <size>0x7c</size>
         <alignment>0x2</alignment>
         <input_file_ref idref="fl-3"/>
      </object_component>
      <object_component id="oc-d0">
         <name>.data</name>
         <load_address>0xa800</load_address>
         <readwrite>true</readwrite>
         <run_address>0xa800</run_address>
         <size>0x6</size>
         <alignment>0x2</alignment>
         <input_file_ref idref="fl-2d"/>
      </object_component>
      <object_component id="oc-d3">
         <name>.data:_lock</name>
         <load_address>0xa806</load_address>
         <readwrite>true</readwrite>
         <run_address>0xa806</run_address>
         <size>0x2</size>
         <alignment>0x2</alignment>
         <input_file_ref idref="fl-2e"/>
      </object_component>
      <object_component id="oc-20c">
         <name>.data:_unlock</name>
         <load_address>0xa808</load_address>
         <readwrite>true</readwrite>
         <run_address>0xa808</run_address>
         <size>0x2</size>
         <alignment>0x2</alignment>
         <input_file_ref idref="fl-2e"/>
      </object_component>
      <object_component id="oc-122">
         <name>.debug_types</name>
         <load_address>0x0</load_address>
         <run_address>0x0</run_address>
         <size>0xe85</size>
         <alignment>0x0</alignment>
         <input_file_ref idref="fl-2"/>
      </object_component>
      <object_component id="oc-1b3">
         <name>.debug_types</name>
         <load_address>0xe85</load_address>
         <run_address>0xe85</run_address>
         <size>0x1433</size>
         <alignment>0x0</alignment>
         <input_file_ref idref="fl-3"/>
      </object_component>
      <object_component id="oc-18b">
         <name>.debug_types</name>
         <load_address>0x22b8</load_address>
         <run_address>0x22b8</run_address>
         <size>0x5f4</size>
         <alignment>0x0</alignment>
         <input_file_ref idref="fl-4"/>
      </object_component>
      <object_component id="oc-221">
         <name>.debug_types</name>
         <load_address>0x0</load_address>
         <run_address>0x0</run_address>
         <size>0x0</size>
         <alignment>0x0</alignment>
         <input_file_ref idref="fl-5"/>
      </object_component>
      <object_component id="oc-260">
         <name>.debug_types</name>
         <load_address>0x28ac</load_address>
         <run_address>0x28ac</run_address>
         <size>0x1e9</size>
         <alignment>0x0</alignment>
         <input_file_ref idref="fl-14"/>
      </object_component>
      <object_component id="oc-28a">
         <name>.debug_types</name>
         <load_address>0x2a95</load_address>
         <run_address>0x2a95</run_address>
         <size>0x2e2</size>
         <alignment>0x0</alignment>
         <input_file_ref idref="fl-15"/>
      </object_component>
      <object_component id="oc-59">
         <name>.debug_types</name>
         <load_address>0x0</load_address>
         <run_address>0x0</run_address>
         <size>0x0</size>
         <alignment>0x0</alignment>
         <input_file_ref idref="fl-16"/>
      </object_component>
      <object_component id="oc-413">
         <name>.debug_types</name>
         <load_address>0x2d77</load_address>
         <run_address>0x2d77</run_address>
         <size>0xb8</size>
         <alignment>0x0</alignment>
         <input_file_ref idref="fl-17"/>
      </object_component>
      <object_component id="oc-440">
         <name>.debug_types</name>
         <load_address>0x2e2f</load_address>
         <run_address>0x2e2f</run_address>
         <size>0x510</size>
         <alignment>0x0</alignment>
         <input_file_ref idref="fl-18"/>
      </object_component>
      <object_component id="oc-275">
         <name>.debug_types</name>
         <load_address>0x333f</load_address>
         <run_address>0x333f</run_address>
         <size>0x1d4</size>
         <alignment>0x0</alignment>
         <input_file_ref idref="fl-19"/>
      </object_component>
      <object_component id="oc-97">
         <name>.debug_types</name>
         <load_address>0x0</load_address>
         <run_address>0x0</run_address>
         <size>0x0</size>
         <alignment>0x0</alignment>
         <input_file_ref idref="fl-28"/>
      </object_component>
      <object_component id="oc-e2">
         <name>.debug_types</name>
         <load_address>0x3513</load_address>
         <run_address>0x3513</run_address>
         <size>0x4e8</size>
         <alignment>0x0</alignment>
         <input_file_ref idref="fl-29"/>
      </object_component>
      <object_component id="oc-66">
         <name>.debug_types</name>
         <load_address>0x39fb</load_address>
         <run_address>0x39fb</run_address>
         <size>0x1f3</size>
         <alignment>0x0</alignment>
         <input_file_ref idref="fl-2a"/>
      </object_component>
      <object_component id="oc-45">
         <name>.debug_types</name>
         <load_address>0x0</load_address>
         <run_address>0x0</run_address>
         <size>0x0</size>
         <alignment>0x0</alignment>
         <input_file_ref idref="fl-2b"/>
      </object_component>
      <object_component id="oc-3d">
         <name>.debug_types</name>
         <load_address>0x3bee</load_address>
         <run_address>0x3bee</run_address>
         <size>0x191</size>
         <alignment>0x0</alignment>
         <input_file_ref idref="fl-2c"/>
      </object_component>
      <object_component id="oc-d7">
         <name>.debug_types</name>
         <load_address>0x3d7f</load_address>
         <run_address>0x3d7f</run_address>
         <size>0xbf</size>
         <alignment>0x0</alignment>
         <input_file_ref idref="fl-2d"/>
      </object_component>
      <object_component id="oc-130">
         <name>.debug_types</name>
         <load_address>0x3e3e</load_address>
         <run_address>0x3e3e</run_address>
         <size>0x2f</size>
         <alignment>0x0</alignment>
         <input_file_ref idref="fl-2e"/>
      </object_component>
      <object_component id="oc-cf">
         <name>.debug_types</name>
         <load_address>0x3e6d</load_address>
         <run_address>0x3e6d</run_address>
         <size>0xe1</size>
         <alignment>0x0</alignment>
         <input_file_ref idref="fl-2f"/>
      </object_component>
      <object_component id="oc-61">
         <name>.debug_types</name>
         <load_address>0x3f4e</load_address>
         <run_address>0x3f4e</run_address>
         <size>0xb8</size>
         <alignment>0x0</alignment>
         <input_file_ref idref="fl-32"/>
      </object_component>
      <object_component id="oc-135">
         <name>.debug_types</name>
         <load_address>0x0</load_address>
         <run_address>0x0</run_address>
         <size>0x0</size>
         <alignment>0x0</alignment>
         <input_file_ref idref="fl-33"/>
      </object_component>
      <object_component id="oc-1f7">
         <name>.debug_info</name>
         <load_address>0x0</load_address>
         <run_address>0x0</run_address>
         <size>0x139</size>
         <alignment>0x0</alignment>
         <input_file_ref idref="fl-2"/>
      </object_component>
      <object_component id="oc-2ca">
         <name>.debug_info</name>
         <load_address>0x139</load_address>
         <run_address>0x139</run_address>
         <size>0x17b</size>
         <alignment>0x0</alignment>
         <input_file_ref idref="fl-2"/>
      </object_component>
      <object_component id="oc-1b5">
         <name>.debug_info</name>
         <load_address>0x2b4</load_address>
         <run_address>0x2b4</run_address>
         <size>0x1c8</size>
         <alignment>0x0</alignment>
         <input_file_ref idref="fl-2"/>
      </object_component>
      <object_component id="oc-1c7">
         <name>.debug_info</name>
         <load_address>0x47c</load_address>
         <run_address>0x47c</run_address>
         <size>0x247</size>
         <alignment>0x0</alignment>
         <input_file_ref idref="fl-2"/>
      </object_component>
      <object_component id="oc-1c1">
         <name>.debug_info</name>
         <load_address>0x6c3</load_address>
         <run_address>0x6c3</run_address>
         <size>0x1d6</size>
         <alignment>0x0</alignment>
         <input_file_ref idref="fl-2"/>
      </object_component>
      <object_component id="oc-1bb">
         <name>.debug_info</name>
         <load_address>0x899</load_address>
         <run_address>0x899</run_address>
         <size>0x19f</size>
         <alignment>0x0</alignment>
         <input_file_ref idref="fl-2"/>
      </object_component>
      <object_component id="oc-1e0">
         <name>.debug_info</name>
         <load_address>0xa38</load_address>
         <run_address>0xa38</run_address>
         <size>0x1bc</size>
         <alignment>0x0</alignment>
         <input_file_ref idref="fl-2"/>
      </object_component>
      <object_component id="oc-1e6">
         <name>.debug_info</name>
         <load_address>0xbf4</load_address>
         <run_address>0xbf4</run_address>
         <size>0x1d8</size>
         <alignment>0x0</alignment>
         <input_file_ref idref="fl-2"/>
      </object_component>
      <object_component id="oc-1d9">
         <name>.debug_info</name>
         <load_address>0xdcc</load_address>
         <run_address>0xdcc</run_address>
         <size>0x1d4</size>
         <alignment>0x0</alignment>
         <input_file_ref idref="fl-2"/>
      </object_component>
      <object_component id="oc-1ec">
         <name>.debug_info</name>
         <load_address>0xfa0</load_address>
         <run_address>0xfa0</run_address>
         <size>0x1bf</size>
         <alignment>0x0</alignment>
         <input_file_ref idref="fl-2"/>
      </object_component>
      <object_component id="oc-1d3">
         <name>.debug_info</name>
         <load_address>0x115f</load_address>
         <run_address>0x115f</run_address>
         <size>0x1f6</size>
         <alignment>0x0</alignment>
         <input_file_ref idref="fl-2"/>
      </object_component>
      <object_component id="oc-1cd">
         <name>.debug_info</name>
         <load_address>0x1355</load_address>
         <run_address>0x1355</run_address>
         <size>0x238</size>
         <alignment>0x0</alignment>
         <input_file_ref idref="fl-2"/>
      </object_component>
      <object_component id="oc-3d7">
         <name>.debug_info</name>
         <load_address>0x158d</load_address>
         <run_address>0x158d</run_address>
         <size>0x179</size>
         <alignment>0x0</alignment>
         <input_file_ref idref="fl-2"/>
      </object_component>
      <object_component id="oc-3dd">
         <name>.debug_info</name>
         <load_address>0x1706</load_address>
         <run_address>0x1706</run_address>
         <size>0x1a7</size>
         <alignment>0x0</alignment>
         <input_file_ref idref="fl-2"/>
      </object_component>
      <object_component id="oc-2dd">
         <name>.debug_info</name>
         <load_address>0x18ad</load_address>
         <run_address>0x18ad</run_address>
         <size>0x1e5</size>
         <alignment>0x0</alignment>
         <input_file_ref idref="fl-2"/>
      </object_component>
      <object_component id="oc-c9">
         <name>.debug_info</name>
         <load_address>0x1a92</load_address>
         <run_address>0x1a92</run_address>
         <size>0x212</size>
         <alignment>0x0</alignment>
         <input_file_ref idref="fl-2"/>
      </object_component>
      <object_component id="oc-109">
         <name>.debug_info</name>
         <load_address>0x1ca4</load_address>
         <run_address>0x1ca4</run_address>
         <size>0x1ea</size>
         <alignment>0x0</alignment>
         <input_file_ref idref="fl-2"/>
      </object_component>
      <object_component id="oc-110">
         <name>.debug_info</name>
         <load_address>0x1e8e</load_address>
         <run_address>0x1e8e</run_address>
         <size>0x24d</size>
         <alignment>0x0</alignment>
         <input_file_ref idref="fl-2"/>
      </object_component>
      <object_component id="oc-115">
         <name>.debug_info</name>
         <load_address>0x20db</load_address>
         <run_address>0x20db</run_address>
         <size>0x189</size>
         <alignment>0x0</alignment>
         <input_file_ref idref="fl-2"/>
      </object_component>
      <object_component id="oc-11d">
         <name>.debug_info</name>
         <load_address>0x2264</load_address>
         <run_address>0x2264</run_address>
         <size>0x22c</size>
         <alignment>0x0</alignment>
         <input_file_ref idref="fl-2"/>
      </object_component>
      <object_component id="oc-1fe">
         <name>.debug_info</name>
         <load_address>0x2490</load_address>
         <run_address>0x2490</run_address>
         <size>0x16d</size>
         <alignment>0x0</alignment>
         <input_file_ref idref="fl-2"/>
      </object_component>
      <object_component id="oc-203">
         <name>.debug_info</name>
         <load_address>0x25fd</load_address>
         <run_address>0x25fd</run_address>
         <size>0x1c1</size>
         <alignment>0x0</alignment>
         <input_file_ref idref="fl-2"/>
      </object_component>
      <object_component id="oc-2ad">
         <name>.debug_info</name>
         <load_address>0x27be</load_address>
         <run_address>0x27be</run_address>
         <size>0x1ba</size>
         <alignment>0x0</alignment>
         <input_file_ref idref="fl-3"/>
      </object_component>
      <object_component id="oc-2b3">
         <name>.debug_info</name>
         <load_address>0x2978</load_address>
         <run_address>0x2978</run_address>
         <size>0x1bc</size>
         <alignment>0x0</alignment>
         <input_file_ref idref="fl-3"/>
      </object_component>
      <object_component id="oc-2a0">
         <name>.debug_info</name>
         <load_address>0x2b34</load_address>
         <run_address>0x2b34</run_address>
         <size>0x157</size>
         <alignment>0x0</alignment>
         <input_file_ref idref="fl-3"/>
      </object_component>
      <object_component id="oc-2a6">
         <name>.debug_info</name>
         <load_address>0x2c8b</load_address>
         <run_address>0x2c8b</run_address>
         <size>0x1fe</size>
         <alignment>0x0</alignment>
         <input_file_ref idref="fl-3"/>
      </object_component>
      <object_component id="oc-415">
         <name>.debug_info</name>
         <load_address>0x2e89</load_address>
         <run_address>0x2e89</run_address>
         <size>0x177</size>
         <alignment>0x0</alignment>
         <input_file_ref idref="fl-3"/>
      </object_component>
      <object_component id="oc-398">
         <name>.debug_info</name>
         <load_address>0x3000</load_address>
         <run_address>0x3000</run_address>
         <size>0x1f7</size>
         <alignment>0x0</alignment>
         <input_file_ref idref="fl-3"/>
      </object_component>
      <object_component id="oc-3a4">
         <name>.debug_info</name>
         <load_address>0x31f7</load_address>
         <run_address>0x31f7</run_address>
         <size>0x197</size>
         <alignment>0x0</alignment>
         <input_file_ref idref="fl-3"/>
      </object_component>
      <object_component id="oc-39e">
         <name>.debug_info</name>
         <load_address>0x338e</load_address>
         <run_address>0x338e</run_address>
         <size>0x193</size>
         <alignment>0x0</alignment>
         <input_file_ref idref="fl-3"/>
      </object_component>
      <object_component id="oc-37a">
         <name>.debug_info</name>
         <load_address>0x3521</load_address>
         <run_address>0x3521</run_address>
         <size>0x195</size>
         <alignment>0x0</alignment>
         <input_file_ref idref="fl-3"/>
      </object_component>
      <object_component id="oc-374">
         <name>.debug_info</name>
         <load_address>0x36b6</load_address>
         <run_address>0x36b6</run_address>
         <size>0x195</size>
         <alignment>0x0</alignment>
         <input_file_ref idref="fl-3"/>
      </object_component>
      <object_component id="oc-380">
         <name>.debug_info</name>
         <load_address>0x384b</load_address>
         <run_address>0x384b</run_address>
         <size>0x199</size>
         <alignment>0x0</alignment>
         <input_file_ref idref="fl-3"/>
      </object_component>
      <object_component id="oc-392">
         <name>.debug_info</name>
         <load_address>0x39e4</load_address>
         <run_address>0x39e4</run_address>
         <size>0x1a7</size>
         <alignment>0x0</alignment>
         <input_file_ref idref="fl-3"/>
      </object_component>
      <object_component id="oc-38c">
         <name>.debug_info</name>
         <load_address>0x3b8b</load_address>
         <run_address>0x3b8b</run_address>
         <size>0x19d</size>
         <alignment>0x0</alignment>
         <input_file_ref idref="fl-3"/>
      </object_component>
      <object_component id="oc-36e">
         <name>.debug_info</name>
         <load_address>0x3d28</load_address>
         <run_address>0x3d28</run_address>
         <size>0x1a5</size>
         <alignment>0x0</alignment>
         <input_file_ref idref="fl-3"/>
      </object_component>
      <object_component id="oc-432">
         <name>.debug_info</name>
         <load_address>0x3ecd</load_address>
         <run_address>0x3ecd</run_address>
         <size>0x179</size>
         <alignment>0x0</alignment>
         <input_file_ref idref="fl-3"/>
      </object_component>
      <object_component id="oc-3cf">
         <name>.debug_info</name>
         <load_address>0x4046</load_address>
         <run_address>0x4046</run_address>
         <size>0x197</size>
         <alignment>0x0</alignment>
         <input_file_ref idref="fl-3"/>
      </object_component>
      <object_component id="oc-3ab">
         <name>.debug_info</name>
         <load_address>0x41dd</load_address>
         <run_address>0x41dd</run_address>
         <size>0x199</size>
         <alignment>0x0</alignment>
         <input_file_ref idref="fl-3"/>
      </object_component>
      <object_component id="oc-3bd">
         <name>.debug_info</name>
[...]
         <used_space>0x0</used_space>
         <unused_space>0x1000</unused_space>
         <attributes>RWIX</attributes>
         <usage_details>
         </usage_details>
      </memory_area>
      <memory_area display="yes" color="green">
         <name>FLASH_BANK1_SEC0</name>
         <page_id>0x0</page_id>
         <origin>0x90000</origin>
         <length>0x1000</length>
         <used_space>0x0</used_space>
         <unused_space>0x1000</unused_space>
         <attributes>RWIX</attributes>
         <usage_details>
         </usage_details>
      </memory_area>
      <memory_area display="yes" color="green">
         <name>FLASH_BANK1_SEC1</name>
         <page_id>0x0</page_id>
         <origin>0x91000</origin>
         <length>0x1000</length>
         <used_space>0x0</used_space>
         <unused_space>0x1000</unused_space>
         <attributes>RWIX</attributes>
         <usage_details>
         </usage_details>
      </memory_area>
      <memory_area display="yes" color="green">
         <name>FLASH_BANK1_SEC2</name>
         <page_id>0x0</page_id>
         <origin>0x92000</origin>
         <length>0x1000</length>
         <used_space>0x0</used_space>
         <unused_space>0x1000</unused_space>
         <attributes>RWIX</attributes>
         <usage_details>
         </usage_details>
      </memory_area>
      <memory_area display="yes" color="green">
         <name>FLASH_BANK1_SEC3</name>
         <page_id>0x0</page_id>
         <origin>0x93000</origin>
         <length>0x1000</length>
         <used_space>0x0</used_space>
         <unused_space>0x1000</unused_space>
         <attributes>RWIX</attributes>
         <usage_details>
         </usage_details>
      </memory_area>
      <memory_area display="yes" color="green">
         <name>FLASH_BANK1_SEC4</name>
         <page_id>0x0</page_id>
         <origin>0x94000</origin>
         <length>0x1000</length>
         <used_space>0x0</used_space>
         <unused_space>0x1000</unused_space>
         <attributes>RWIX</attributes>
         <usage_details>
         </usage_details>
      </memory_area>
      <memory_area display="yes" color="green">
         <name>FLASH_BANK1_SEC5</name>
         <page_id>0x0</page_id>
         <origin>0x95000</origin>
         <length>0x1000</length>
         <used_space>0x0</used_space>
         <unused_space>0x1000</unused_space>
         <attributes>RWIX</attributes>
         <usage_details>
         </usage_details>
      </memory_area>
      <memory_area display="yes" color="green">
         <name>FLASH_BANK1_SEC6</name>
         <page_id>0x0</page_id>
         <origin>0x96000</origin>
         <length>0x1000</length>
         <used_space>0x0</used_space>
         <unused_space>0x1000</unused_space>
         <attributes>RWIX</attributes>
         <usage_details>
         </usage_details>
      </memory_area>
      <memory_area display="yes" color="green">
         <name>FLASH_BANK1_SEC7</name>
         <page_id>0x0</page_id>
         <origin>0x97000</origin>
         <length>0x1000</length>
         <used_space>0x0</used_space>
         <unused_space>0x1000</unused_space>
         <attributes>RWIX</attributes>
         <usage_details>
         </usage_details>
      </memory_area>
      <memory_area display="yes" color="green">
         <name>FLASH_BANK1_SEC8</name>
         <page_id>0x0</page_id>
         <origin>0x98000</origin>
         <length>0x1000</length>
         <used_space>0x0</used_space>
         <unused_space>0x1000</unused_space>
         <attributes>RWIX</attributes>
         <usage_details>
         </usage_details>
      </memory_area>
      <memory_area display="yes" color="green">
         <name>FLASH_BANK1_SEC9</name>
         <page_id>0x0</page_id>
         <origin>0x99000</origin>
         <length>0x1000</length>
         <used_space>0x0</used_space>
         <unused_space>0x1000</unused_space>
         <attributes>RWIX</attributes>
         <usage_details>
         </usage_details>
      </memory_area>
      <memory_area display="yes" color="green">
         <name>FLASH_BANK1_SEC10</name>
         <page_id>0x0</page_id>
         <origin>0x9a000</origin>
         <length>0x1000</length>
         <used_space>0x0</used_space>
         <unused_space>0x1000</unused_space>
         <attributes>RWIX</attributes>
         <usage_details>
         </usage_details>
      </memory_area>
      <memory_area display="yes" color="green">
         <name>FLASH_BANK1_SEC11</name>
         <page_id>0x0</page_id>
         <origin>0x9b000</origin>
         <length>0x1000</length>
         <used_space>0x0</used_space>
         <unused_space>0x1000</unused_space>
         <attributes>RWIX</attributes>
         <usage_details>
         </usage_details>
      </memory_area>
      <memory_area display="yes" color="green">
         <name>FLASH_BANK1_SEC12</name>
         <page_id>0x0</page_id>
         <origin>0x9c000</origin>
         <length>0x1000</length>
         <used_space>0x0</used_space>
         <unused_space>0x1000</unused_space>
         <attributes>RWIX</attributes>
         <usage_details>
         </usage_details>
      </memory_area>
      <memory_area display="yes" color="green">
         <name>FLASH_BANK1_SEC13</name>
         <page_id>0x0</page_id>
         <origin>0x9d000</origin>
         <length>0x1000</length>
         <used_space>0x0</used_space>
         <unused_space>0x1000</unused_space>
         <attributes>RWIX</attributes>
         <usage_details>
         </usage_details>
      </memory_area>
      <memory_area display="yes" color="green">
         <name>FLASH_BANK1_SEC14</name>
         <page_id>0x0</page_id>
         <origin>0x9e000</origin>
         <length>0x1000</length>
         <used_space>0x0</used_space>
         <unused_space>0x1000</unused_space>
         <attributes>RWIX</attributes>
         <usage_details>
         </usage_details>
      </memory_area>
      <memory_area display="yes" color="green">
         <name>FLASH_BANK1_SEC15</name>
         <page_id>0x0</page_id>
         <origin>0x9f000</origin>
         <length>0xff0</length>
         <used_space>0x0</used_space>
         <unused_space>0xff0</unused_space>
         <attributes>RWIX</attributes>
         <usage_details>
         </usage_details>
      </memory_area>
      <memory_area display="no" color="green">
         <name>RESET</name>
         <page_id>0x0</page_id>
         <origin>0x3fffc0</origin>
         <length>0x2</length>
         <used_space>0x0</used_space>
         <unused_space>0x2</unused_space>
         <attributes>RWIX</attributes>
         <usage_details>
         </usage_details>
      </memory_area>
   </placement_map>
   <cptbl_list>
      <cptbl>
         <name>__TI_cinit_table</name>
         <cprec>
            <name>.data</name>
            <load_address>0x81130</load_address>
            <load_size>0x9</load_size>
            <run_address>0xa800</run_address>
            <run_size>0xa</run_size>
            <compression>lzss</compression>
         </cprec>
         <cprec>
            <name>.bss</name>
            <load_address>0x81140</load_address>
            <load_size>0x4</load_size>
            <run_address>0xa80a</run_address>
            <run_size>0x2</run_size>
            <compression>zero_init</compression>
         </cprec>
      </cptbl>
   </cptbl_list>
   <handler_table>
      <handler_table_name>__TI_handler_table</handler_table_name>
      <handler>
         <index>0x0</index>
         <name>__TI_zero_init</name>
      </handler>
      <handler>
         <index>0x1</index>
         <name>__TI_decompress_lzss</name>
      </handler>
      <handler>
         <index>0x2</index>
         <name>__TI_decompress_none</name>
      </handler>
   </handler_table>
   <symbol_table>
      <symbol id="sm-1">
         <name>__TI_CINIT_Base</name>
         <value>0x81144</value>
      </symbol>
      <symbol id="sm-2">
         <name>__TI_CINIT_Limit</name>
         <value>0x8114c</value>
      </symbol>
      <symbol id="sm-3">
         <name>__TI_CINIT_Warm</name>
         <value>0x8114c</value>
      </symbol>
      <symbol id="sm-4">
         <name>__TI_Handler_Table_Base</name>
         <value>0x8113a</value>
      </symbol>
      <symbol id="sm-5">
         <name>__TI_Handler_Table_Limit</name>
         <value>0x81140</value>
      </symbol>
      <symbol id="sm-6">
         <name>__TI_STACK_SIZE</name>
         <value>0x3f8</value>
      </symbol>
      <symbol id="sm-7">
         <name>__TI_STACK_END</name>
         <value>0x7f8</value>
      </symbol>
      <symbol id="sm-8">
         <name>__c_args__</name>
         <value>0xffffffff</value>
      </symbol>
      <symbol id="sm-9">
         <name>__TI_pprof_out_hndl</name>
         <value>0xffffffff</value>
      </symbol>
      <symbol id="sm-a">
         <name>__TI_prof_data_start</name>
         <value>0xffffffff</value>
      </symbol>
      <symbol id="sm-b">
         <name>__TI_prof_data_size</name>
         <value>0xffffffff</value>
      </symbol>
      <symbol id="sm-fb">
         <name>SCI_sendString</name>
         <value>0x832f0</value>
         <object_component_ref idref="oc-1fc"/>
      </symbol>
      <symbol id="sm-fc">
         <name>SCI_sendUint</name>
         <value>0x82bac</value>
         <object_component_ref idref="oc-202"/>
      </symbol>
      <symbol id="sm-fd">
         <name>adcResultCurrent</name>
         <value>0xa80a</value>
         <object_component_ref idref="oc-1f6"/>
      </symbol>
      <symbol id="sm-fe">
         <name>classifyFault</name>
         <value>0x82e7c</value>
         <object_component_ref idref="oc-114"/>
      </symbol>
      <symbol id="sm-ff">
         <name>adcResultVoltage</name>
         <value>0xa80b</value>
         <object_component_ref idref="oc-1f6"/>
      </symbol>
      <symbol id="sm-100">
         <name>readSensors</name>
         <value>0x82655</value>
         <object_component_ref idref="oc-10e"/>
      </symbol>
      <symbol id="sm-101">
         <name>main</name>
         <value>0x82c9c</value>
         <object_component_ref idref="oc-c8"/>
      </symbol>
      <symbol id="sm-102">
         <name>sendReGridData</name>
         <value>0x82dcb</value>
         <object_component_ref idref="oc-11a"/>
      </symbol>
      <symbol id="sm-103">
         <name>initADC</name>
         <value>0x82ad0</value>
         <object_component_ref idref="oc-108"/>
      </symbol>
      <symbol id="sm-1f8">
         <name>SPI_init</name>
         <value>0x833aa</value>
         <object_component_ref idref="oc-1ac"/>
      </symbol>
      <symbol id="sm-1f9">
         <name>mySPI0_init</name>
         <value>0x82c6f</value>
         <object_component_ref idref="oc-2bf"/>
      </symbol>
      <symbol id="sm-1fa">
         <name>PinMux_init</name>
         <value>0x827dd</value>
         <object_component_ref idref="oc-19a"/>
      </symbol>
      <symbol id="sm-1fb">
         <name>SCI_init</name>
         <value>0x833a7</value>
         <object_component_ref idref="oc-1a6"/>
      </symbol>
      <symbol id="sm-1fc">
         <name>Board_init</name>
         <value>0x83336</value>
         <object_component_ref idref="oc-102"/>
      </symbol>
      <symbol id="sm-1fd">
         <name>SYSCTL_init</name>
         <value>0x82000</value>
         <object_component_ref idref="oc-1a0"/>
      </symbol>
      <symbol id="sm-1fe">
         <name>mySCI0_init</name>
         <value>0x82a59</value>
         <object_component_ref idref="oc-2b8"/>
      </symbol>
      <symbol id="sm-256">
         <name>Device_initGPIO</name>
         <value>0x832c0</value>
         <object_component_ref idref="oc-f6"/>
      </symbol>
      <symbol id="sm-257">
         <name>Device_init</name>
         <value>0x82725</value>
         <object_component_ref idref="oc-f0"/>
      </symbol>
      <symbol id="sm-258">
         <name>__error__</name>
         <value>0x8339d</value>
         <object_component_ref idref="oc-166"/>
      </symbol>
      <symbol id="sm-26c">
         <name>generic_flash_lnk_init</name>
         <value>0x833af</value>
         <object_component_ref idref="oc-21a"/>
      </symbol>
      <symbol id="sm-26d">
         <name>CMD_init</name>
         <value>0x833a4</value>
         <object_component_ref idref="oc-141"/>
      </symbol>
      <symbol id="sm-27d">
         <name>code_start</name>
         <value>0x80000</value>
         <object_component_ref idref="oc-1e"/>
      </symbol>
      <symbol id="sm-2ee">
         <name>Flash_initModule</name>
         <value>0x81000</value>
         <object_component_ref idref="oc-147"/>
      </symbol>
      <symbol id="sm-334">
         <name>GPIO_setQualificationMode</name>
         <value>0x82b3f</value>
         <object_component_ref idref="oc-298"/>
      </symbol>
      <symbol id="sm-335">
         <name>GPIO_setPadConfig</name>
         <value>0x82834</value>
         <object_component_ref idref="oc-178"/>
      </symbol>
      <symbol id="sm-336">
         <name>GPIO_setAnalogMode</name>
         <value>0x82a96</value>
         <object_component_ref idref="oc-184"/>
      </symbol>
      <symbol id="sm-337">
         <name>GPIO_setDirectionMode</name>
         <value>0x82be1</value>
         <object_component_ref idref="oc-17e"/>
      </symbol>
      <symbol id="sm-338">
         <name>GPIO_setPinConfig</name>
         <value>0x82b08</value>
         <object_component_ref idref="oc-292"/>
      </symbol>
      <symbol id="sm-372">
         <name>Interrupt_defaultHandler</name>
         <value>0x830b4</value>
         <object_component_ref idref="oc-23"/>
      </symbol>
      <symbol id="sm-373">
         <name>Interrupt_initModule</name>
         <value>0x82a1c</value>
         <object_component_ref idref="oc-fc"/>
      </symbol>
      <symbol id="sm-374">
         <name>Interrupt_nmiHandler</name>
         <value>0x8336c</value>
         <object_component_ref idref="oc-35"/>
      </symbol>
      <symbol id="sm-375">
         <name>Interrupt_initVectorTable</name>
         <value>0x82e08</value>
         <object_component_ref idref="oc-25"/>
      </symbol>
      <symbol id="sm-376">
         <name>Interrupt_illegalOperationHandler</name>
         <value>0x83362</value>
         <object_component_ref idref="oc-2f"/>
      </symbol>
      <symbol id="sm-3ba">
         <name>SCI_clearInterruptStatus</name>
         <value>0x82919</value>
         <object_component_ref idref="oc-367"/>
      </symbol>
      <symbol id="sm-3bb">
         <name>SCI_setConfig</name>
         <value>0x829de</value>
         <object_component_ref idref="oc-385"/>
      </symbol>
      <symbol id="sm-3db">
         <name>SPI_setConfig</name>
         <value>0x82781</value>
         <object_component_ref idref="oc-3b0"/>
      </symbol>
      <symbol id="sm-4ee">
         <name>SysCtl_isPLLValid</name>
         <value>0x8249d</value>
         <object_component_ref idref="oc-26e"/>
      </symbol>
      <symbol id="sm-4ef">
         <name>SysCtl_delay</name>
         <value>0x81125</value>
         <object_component_ref idref="oc-120"/>
      </symbol>
      <symbol id="sm-4f0">
         <name>SysCtl_selectXTALSingleEnded</name>
         <value>0x82d42</value>
         <object_component_ref idref="oc-303"/>
      </symbol>
      <symbol id="sm-4f1">
         <name>SysCtl_selectXTAL</name>
         <value>0x8299e</value>
         <object_component_ref idref="oc-2fd"/>
      </symbol>
      <symbol id="sm-4f2">
         <name>SysCtl_selectOscSource</name>
         <value>0x82886</value>
         <object_component_ref idref="oc-268"/>
      </symbol>
      <symbol id="sm-4f3">
         <name>SysCtl_getLowSpeedClock</name>
         <value>0x82ee5</value>
         <object_component_ref idref="oc-16c"/>
      </symbol>
      <symbol id="sm-4f4">
         <name>SysCtl_setClock</name>
         <value>0x823d5</value>
         <object_component_ref idref="oc-14d"/>
      </symbol>
      <symbol id="sm-4f5">
         <name>SysCtl_getClock</name>
         <value>0x826c7</value>
         <object_component_ref idref="oc-15f"/>
      </symbol>
      <symbol id="sm-4ff">
         <name>_c_int00</name>
         <value>0x83045</value>
         <object_component_ref idref="oc-6e"/>
      </symbol>
      <symbol id="sm-500">
         <name>__stack</name>
         <value>0x400</value>
         <object_component_ref idref="oc-3b"/>
      </symbol>
      <symbol id="sm-50d">
         <name>__c28xabi_divf</name>
         <value>0x8255a</value>
         <object_component_ref idref="oc-1f1"/>
      </symbol>
      <symbol id="sm-515">
         <name>__c28xabi_modu</name>
         <value>0x8335c</value>
         <object_component_ref idref="oc-2e3"/>
      </symbol>
      <symbol id="sm-516">
         <name>__c28xabi_divu</name>
         <value>0x83357</value>
         <object_component_ref idref="oc-2e3"/>
      </symbol>
      <symbol id="sm-523">
         <name>_system_pre_init</name>
         <value>0x833ad</value>
         <object_component_ref idref="oc-7f"/>
      </symbol>
      <symbol id="sm-532">
         <name>__TI_auto_init_nobinit_nopinit</name>
         <value>0x82cc8</value>
         <object_component_ref idref="oc-98"/>
      </symbol>
      <symbol id="sm-541">
         <name>__TI_zero_init_nomemset</name>
         <value>0x83329</value>
         <object_component_ref idref="oc-46"/>
      </symbol>
      <symbol id="sm-54e">
         <name>__TI_decompress_none</name>
         <value>0x8337f</value>
         <object_component_ref idref="oc-17"/>
      </symbol>
      <symbol id="sm-562">
         <name>__TI_decompress_lzss</name>
         <value>0x82c41</value>
         <object_component_ref idref="oc-11"/>
      </symbol>
      <symbol id="sm-578">
         <name>C$$EXIT</name>
         <value>0x82cf3</value>
         <object_component_ref idref="oc-8c"/>
      </symbol>
      <symbol id="sm-579">
         <name>abort</name>
         <value>0x82cf3</value>
         <object_component_ref idref="oc-8c"/>
      </symbol>
      <symbol id="sm-57a">
         <name>exit</name>
         <value>0x82cf5</value>
         <object_component_ref idref="oc-8c"/>
      </symbol>
      <symbol id="sm-57b">
         <name>__TI_dtors_ptr</name>
         <value>0xa804</value>
         <object_component_ref idref="oc-d0"/>
      </symbol>
      <symbol id="sm-57c">
         <name>__TI_cleanup_ptr</name>
         <value>0xa802</value>
         <object_component_ref idref="oc-d0"/>
      </symbol>
      <symbol id="sm-57d">
         <name>__TI_enable_exit_profile_output</name>
         <value>0xa800</value>
         <object_component_ref idref="oc-d0"/>
      </symbol>
      <symbol id="sm-594">
         <name>_nop</name>
         <value>0x8337e</value>
         <object_component_ref idref="oc-128"/>
      </symbol>
      <symbol id="sm-595">
         <name>_lock</name>
         <value>0xa806</value>
         <object_component_ref idref="oc-d3"/>
      </symbol>
      <symbol id="sm-596">
         <name>_unlock</name>
         <value>0xa808</value>
         <object_component_ref idref="oc-20c"/>
      </symbol>
      <symbol id="sm-597">
         <name>_register_lock</name>
         <value>0x8337a</value>
         <object_component_ref idref="oc-128"/>
      </symbol>
      <symbol id="sm-598">
         <name>_register_unlock</name>
         <value>0x83376</value>
         <object_component_ref idref="oc-128"/>
      </symbol>
      <symbol id="sm-5a7">
         <name>_args_main</name>
         <value>0x8326b</value>
         <object_component_ref idref="oc-86"/>
      </symbol>
      <symbol id="sm-5bb">
         <name>memcpy</name>
         <value>0x82dab</value>
         <object_component_ref idref="oc-3e"/>
      </symbol>
      <symbol id="sm-5c8">
         <name>_system_post_cinit</name>
         <value>0x833b0</value>
         <object_component_ref idref="oc-db"/>
      </symbol>
   </symbol_table>
   <title>Link successful</title>
</link_info>
